Archive member included to satisfy reference by file (symbol)

E:/STM32CubeIDE_1.16.1/STM32CubeIDE/plugins/com.st.stm32cube.ide.mcu.externaltools.gnu-tools-for-stm32.14.3.rel1.win32_1.0.100.202602081740/tools/bin/../lib/gcc/arm-none-eabi/14.3.1/../../../../arm-none-eabi/lib/thumb/v7e-m+fp/hard\libc_nano.a(libc_a-exit.o)
                              E:/STM32CubeIDE_1.16.1/STM32CubeIDE/plugins/com.st.stm32cube.ide.mcu.externaltools.gnu-tools-for-stm32.14.3.rel1.win32_1.0.100.202602081740/tools/bin/../lib/gcc/arm-none-eabi/14.3.1/../../../../arm-none-eabi/lib/thumb/v7e-m+fp/hard/crt0.o (exit)
E:/STM32CubeIDE_1.16.1/STM32CubeIDE/plugins/com.st.stm32cube.ide.mcu.externaltools.gnu-tools-for-stm32.14.3.rel1.win32_1.0.100.202602081740/tools/bin/../lib/gcc/arm-none-eabi/14.3.1/../../../../arm-none-eabi/lib/thumb/v7e-m+fp/hard\libc_nano.a(libc_a-malloc.o)
                              ./Core/ThreadSafe/newlib_lock_glue.o (malloc)
E:/STM32CubeIDE_1.16.1/STM32CubeIDE/plugins/com.st.stm32cube.ide.mcu.externaltools.gnu-tools-for-stm32.14.3.rel1.win32_1.0.100.202602081740/tools/bin/../lib/gcc/arm-none-eabi/14.3.1/../../../../arm-none-eabi/lib/thumb/v7e-m+fp/hard\libc_nano.a(libc_a-mallocr.o)
                              E:/STM32CubeIDE_1.16.1/STM32CubeIDE/plugins/com.st.stm32cube.ide.mcu.externaltools.gnu-tools-for-stm32.14.3.rel1.win32_1.0.100.202602081740/tools/bin/../lib/gcc/arm-none-eabi/14.3.1/../../../../arm-none-eabi/lib/thumb/v7e-m+fp/hard\libc_nano.a(libc_a-malloc.o) (_malloc_r)
E:/STM32CubeIDE_1.16.1/STM32CubeIDE/plugins/com.st.stm32cube.ide.mcu.externaltools.gnu-tools-for-stm32.14.3.rel1.win32_1.0.100.202602081740/tools/bin/../lib/gcc/arm-none-eabi/14.3.1/../../../../arm-none-eabi/lib/thumb/v7e-m+fp/hard\libc_nano.a(libc_a-mlock.o)
                              E:/STM32CubeIDE_1.16.1/STM32CubeIDE/plugins/com.st.stm32cube.ide.mcu.externaltools.gnu-tools-for-stm32.14.3.rel1.win32_1.0.100.202602081740/tools/bin/../lib/gcc/arm-none-eabi/14.3.1/../../../../arm-none-eabi/lib/thumb/v7e-m+fp/hard\libc_nano.a(libc_a-mallocr.o) (__malloc_lock)
E:/STM32CubeIDE_1.16.1/STM32CubeIDE/plugins/com.st.stm32cube.ide.mcu.externaltools.gnu-tools-for-stm32.14.3.rel1.win32_1.0.100.202602081740/tools/bin/../lib/gcc/arm-none-eabi/14.3.1/../../../../arm-none-eabi/lib/thumb/v7e-m+fp/hard\libc_nano.a(libc_a-findfp.o)
                              ./Middlewares/Third_Party/FreeRTOS/Source/tasks.o (__sf)
E:/STM32CubeIDE_1.16.1/STM32CubeIDE/plugins/com.st.stm32cube.ide.mcu.externaltools.gnu-tools-for-stm32.14.3.rel1.win32_1.0.100.202602081740/tools/bin/../lib/gcc/arm-none-eabi/14.3.1/../../../../arm-none-eabi/lib/thumb/v7e-m+fp/hard\libc_nano.a(libc_a-fwalk.o)
                              E:/STM32CubeIDE_1.16.1/STM32CubeIDE/plugins/com.st.stm32cube.ide.mcu.externaltools.gnu-tools-for-stm32.14.3.rel1.win32_1.0.100.202602081740/tools/bin/../lib/gcc/arm-none-eabi/14.3.1/../../../../arm-none-eabi/lib/thumb/v7e-m+fp/hard\libc_nano.a(libc_a-findfp.o) (_fwalk_sglue)
E:/STM32CubeIDE_1.16.1/STM32CubeIDE/plugins/com.st.stm32cube.ide.mcu.externaltools.gnu-tools-for-stm32.14.3.rel1.win32_1.0.100.202602081740/tools/bin/../lib/gcc/arm-none-eabi/14.3.1/../../../../arm-none-eabi/lib/thumb/v7e-m+fp/hard\libc_nano.a(libc_a-stdio.o)
                              E:/STM32CubeIDE_1.16.1/STM32CubeIDE/plugins/com.st.stm32cube.ide.mcu.externaltools.gnu-tools-for-stm32.14.3.rel1.win32_1.0.100.202602081740/tools/bin/../lib/gcc/arm-none-eabi/14.3.1/../../../../arm-none-eabi/lib/thumb/v7e-m+fp/hard\libc_nano.a(libc_a-findfp.o) (__sread)
E:/STM32CubeIDE_1.16.1/STM32CubeIDE/plugins/com.st.stm32cube.ide.mcu.externaltools.gnu-tools-for-stm32.14.3.rel1.win32_1.0.100.202602081740/tools/bin/../lib/gcc/arm-none-eabi/14.3.1/../../../../arm-none-eabi/lib/thumb/v7e-m+fp/hard\libc_nano.a(libc_a-memset.o)
                              E:/STM32CubeIDE_1.16.1/STM32CubeIDE/plugins/com.st.stm32cube.ide.mcu.externaltools.gnu-tools-for-stm32.14.3.rel1.win32_1.0.100.202602081740/tools/bin/../lib/gcc/arm-none-eabi/14.3.1/../../../../arm-none-eabi/lib/thumb/v7e-m+fp/hard/crt0.o (memset)
E:/STM32CubeIDE_1.16.1/STM32CubeIDE/plugins/com.st.stm32cube.ide.mcu.externaltools.gnu-tools-for-stm32.14.3.rel1.win32_1.0.100.202602081740/tools/bin/../lib/gcc/arm-none-eabi/14.3.1/../../../../arm-none-eabi/lib/thumb/v7e-m+fp/hard\libc_nano.a(libc_a-closer.o)
                              E:/STM32CubeIDE_1.16.1/STM32CubeIDE/plugins/com.st.stm32cube.ide.mcu.externaltools.gnu-tools-for-stm32.14.3.rel1.win32_1.0.100.202602081740/tools/bin/../lib/gcc/arm-none-eabi/14.3.1/../../../../arm-none-eabi/lib/thumb/v7e-m+fp/hard\libc_nano.a(libc_a-stdio.o) (_close_r)
E:/STM32CubeIDE_1.16.1/STM32CubeIDE/plugins/com.st.stm32cube.ide.mcu.externaltools.gnu-tools-for-stm32.14.3.rel1.win32_1.0.100.202602081740/tools/bin/../lib/gcc/arm-none-eabi/14.3.1/../../../../arm-none-eabi/lib/thumb/v7e-m+fp/hard\libc_nano.a(libc_a-reent.o)
[...]
Memory Configuration

Name             Origin             Length             Attributes
RAM              0x20000000         0x00010000         xrw
FLASH            0x08000000         0x00040000         xr
*default*        0x00000000         0xffffffff

Linker script and memory map

LOAD E:/STM32CubeIDE_1.16.1/STM32CubeIDE/plugins/com.st.stm32cube.ide.mcu.externaltools.gnu-tools-for-stm32.14.3.rel1.win32_1.0.100.202602081740/tools/bin/../lib/gcc/arm-none-eabi/14.3.1/thumb/v7e-m+fp/hard/crti.o
LOAD E:/STM32CubeIDE_1.16.1/STM32CubeIDE/plugins/com.st.stm32cube.ide.mcu.externaltools.gnu-tools-for-stm32.14.3.rel1.win32_1.0.100.202602081740/tools/bin/../lib/gcc/arm-none-eabi/14.3.1/thumb/v7e-m+fp/hard/crtbegin.o
LOAD E:/STM32CubeIDE_1.16.1/STM32CubeIDE/plugins/com.st.stm32cube.ide.mcu.externaltools.gnu-tools-for-stm32.14.3.rel1.win32_1.0.100.202602081740/tools/bin/../lib/gcc/arm-none-eabi/14.3.1/../../../../arm-none-eabi/lib/thumb/v7e-m+fp/hard/crt0.o
LOAD ./Core/Src/ds3231.o
LOAD ./Core/Src/freertos.o
LOAD ./Core/Src/main.o
LOAD ./Core/Src/rtc_manager.o
LOAD ./Core/Src/serialControl.o
LOAD ./Core/Src/stm32f4xx_hal_msp.o
LOAD ./Core/Src/stm32f4xx_hal_timebase_tim.o
LOAD ./Core/Src/stm32f4xx_it.o
LOAD ./Core/Src/syscalls.o
LOAD ./Core/Src/sysmem.o
LOAD ./Core/Src/system_stm32f4xx.o
LOAD ./Core/Src/traffic_controller.o
LOAD ./Core/Startup/startup_stm32f401rctx.o
LOAD ./Core/ThreadSafe/newlib_lock_glue.o
LOAD ./Drivers/STM32F4xx_HAL_Driver/Src/stm32f4xx_hal.o
LOAD ./Drivers/STM32F4xx_HAL_Driver/Src/stm32f4xx_hal_cortex.o
LOAD ./Drivers/STM32F4xx_HAL_Driver/Src/stm32f4xx_hal_dma.o
LOAD ./Drivers/STM32F4xx_HAL_Driver/Src/stm32f4xx_hal_dma_ex.o
LOAD ./Drivers/STM32F4xx_HAL_Driver/Src/stm32f4xx_hal_exti.o
LOAD ./Drivers/STM32F4xx_HAL_Driver/Src/stm32f4xx_hal_flash.o
LOAD ./Drivers/STM32F4xx_HAL_Driver/Src/stm32f4xx_hal_flash_ex.o
LOAD ./Drivers/STM32F4xx_HAL_Driver/Src/stm32f4xx_hal_flash_ramfunc.o
LOAD ./Drivers/STM32F4xx_HAL_Driver/Src/stm32f4xx_hal_gpio.o
LOAD ./Drivers/STM32F4xx_HAL_Driver/Src/stm32f4xx_hal_i2c.o
LOAD ./Drivers/STM32F4xx_HAL_Driver/Src/stm32f4xx_hal_i2c_ex.o
LOAD ./Drivers/STM32F4xx_HAL_Driver/Src/stm32f4xx_hal_pwr.o
LOAD ./Drivers/STM32F4xx_HAL_Driver/Src/stm32f4xx_hal_pwr_ex.o
LOAD ./Drivers/STM32F4xx_HAL_Driver/Src/stm32f4xx_hal_rcc.o
LOAD ./Drivers/STM32F4xx_HAL_Driver/Src/stm32f4xx_hal_rcc_ex.o
LOAD ./Drivers/STM32F4xx_HAL_Driver/Src/stm32f4xx_hal_tim.o
LOAD ./Drivers/STM32F4xx_HAL_Driver/Src/stm32f4xx_hal_tim_ex.o
LOAD ./Drivers/STM32F4xx_HAL_Driver/Src/stm32f4xx_hal_uart.o
LOAD ./Middlewares/Third_Party/FreeRTOS/Source/CMSIS_RTOS_V2/cmsis_os2.o
LOAD ./Middlewares/Third_Party/FreeRTOS/Source/croutine.o
LOAD ./Middlewares/Third_Party/FreeRTOS/Source/event_groups.o
LOAD ./Middlewares/Third_Party/FreeRTOS/Source/list.o
LOAD ./Middlewares/Third_Party/FreeRTOS/Source/queue.o
LOAD ./Middlewares/Third_Party/FreeRTOS/Source/stream_buffer.o
LOAD ./Middlewares/Third_Party/FreeRTOS/Source/tasks.o
LOAD ./Middlewares/Third_Party/FreeRTOS/Source/timers.o
LOAD ./Middlewares/Third_Party/FreeRTOS/Source/portable/GCC/ARM_CM4F/port.o
LOAD ./Middlewares/Third_Party/FreeRTOS/Source/portable/MemMang/heap_4.o
START GROUP
LOAD E:/STM32CubeIDE_1.16.1/STM32CubeIDE/plugins/com.st.stm32cube.ide.mcu.externaltools.gnu-tools-for-stm32.14.3.rel1.win32_1.0.100.202602081740/tools/bin/../lib/gcc/arm-none-eabi/14.3.1/../../../../arm-none-eabi/lib/thumb/v7e-m+fp/hard\libc_nano.a
LOAD E:/STM32CubeIDE_1.16.1/STM32CubeIDE/plugins/com.st.stm32cube.ide.mcu.externaltools.gnu-tools-for-stm32.14.3.rel1.win32_1.0.100.202602081740/tools/bin/../lib/gcc/arm-none-eabi/14.3.1/../../../../arm-none-eabi/lib/thumb/v7e-m+fp/hard\libm.a
END GROUP
START GROUP
LOAD E:/STM32CubeIDE_1.16.1/STM32CubeIDE/plugins/com.st.stm32cube.ide.mcu.externaltools.gnu-tools-for-stm32.14.3.rel1.win32_1.0.100.202602081740/tools/bin/../lib/gcc/arm-none-eabi/14.3.1/thumb/v7e-m+fp/hard\libgcc.a
LOAD E:/STM32CubeIDE_1.16.1/STM32CubeIDE/plugins/com.st.stm32cube.ide.mcu.externaltools.gnu-tools-for-stm32.14.3.rel1.win32_1.0.100.202602081740/tools/bin/../lib/gcc/arm-none-eabi/14.3.1/../../../../arm-none-eabi/lib/thumb/v7e-m+fp/hard\libc_nano.a
END GROUP
START GROUP
LOAD E:/STM32CubeIDE_1.16.1/STM32CubeIDE/plugins/com.st.stm32cube.ide.mcu.externaltools.gnu-tools-for-stm32.14.3.rel1.win32_1.0.100.202602081740/tools/bin/../lib/gcc/arm-none-eabi/14.3.1/thumb/v7e-m+fp/hard\libgcc.a
LOAD E:/STM32CubeIDE_1.16.1/STM32CubeIDE/plugins/com.st.stm32cube.ide.mcu.externaltools.gnu-tools-for-stm32.14.3.rel1.win32_1.0.100.202602081740/tools/bin/../lib/gcc/arm-none-eabi/14.3.1/../../../../arm-none-eabi/lib/thumb/v7e-m+fp/hard\libc_nano.a
LOAD E:/STM32CubeIDE_1.16.1/STM32CubeIDE/plugins/com.st.stm32cube.ide.mcu.externaltools.gnu-tools-for-stm32.14.3.rel1.win32_1.0.100.202602081740/tools/bin/../lib/gcc/arm-none-eabi/14.3.1/../../../../arm-none-eabi/lib/thumb/v7e-m+fp/hard\libnosys.a
END GROUP
START GROUP
LOAD E:/STM32CubeIDE_1.16.1/STM32CubeIDE/plugins/com.st.stm32cube.ide.mcu.externaltools.gnu-tools-for-stm32.14.3.rel1.win32_1.0.100.202602081740/tools/bin/../lib/gcc/arm-none-eabi/14.3.1/thumb/v7e-m+fp/hard\libgcc.a
LOAD E:/STM32CubeIDE_1.16.1/STM32CubeIDE/plugins/com.st.stm32cube.ide.mcu.externaltools.gnu-tools-for-stm32.14.3.rel1.win32_1.0.100.202602081740/tools/bin/../lib/gcc/arm-none-eabi/14.3.1/../../../../arm-none-eabi/lib/thumb/v7e-m+fp/hard\libc_nano.a
LOAD E:/STM32CubeIDE_1.16.1/STM32CubeIDE/plugins/com.st.stm32cube.ide.mcu.externaltools.gnu-tools-for-stm32.14.3.rel1.win32_1.0.100.202602081740/tools/bin/../lib/gcc/arm-none-eabi/14.3.1/../../../../arm-none-eabi/lib/thumb/v7e-m+fp/hard\libnosys.a
END GROUP
LOAD E:/STM32CubeIDE_1.16.1/STM32CubeIDE/plugins/com.st.stm32cube.ide.mcu.externaltools.gnu-tools-for-stm32.14.3.rel1.win32_1.0.100.202602081740/tools/bin/../lib/gcc/arm-none-eabi/14.3.1/thumb/v7e-m+fp/hard/crtend.o
LOAD E:/STM32CubeIDE_1.16.1/STM32CubeIDE/plugins/com.st.stm32cube.ide.mcu.externaltools.gnu-tools-for-stm32.14.3.rel1.win32_1.0.100.202602081740/tools/bin/../lib/gcc/arm-none-eabi/14.3.1/thumb/v7e-m+fp/hard/crtn.o
                0x20010000                        _estack = (ORIGIN (RAM) + LENGTH (RAM))
                0x00000200                        _Min_Heap_Size = 0x200
                0x00000400                        _Min_Stack_Size = 0x400

.isr_vector     0x08000000      0x194
                0x08000000                        . = ALIGN (0x4)
 *(.isr_vector)
 .isr_vector    0x08000000      0x194 ./Core/Startup/startup_stm32f401rctx.o
                0x08000000                g_pfnVectors
                0x08000194                        . = ALIGN (0x4)

.text           0x080001a0     0x9f1c
                0x080001a0                        . = ALIGN (0x4)
 *(.text)
 .text          0x080001a0       0x40 E:/STM32CubeIDE_1.16.1/STM32CubeIDE/plugins/com.st.stm32cube.ide.mcu.externaltools.gnu-tools-for-stm32.14.3.rel1.win32_1.0.100.202602081740/tools/bin/../lib/gcc/arm-none-eabi/14.3.1/thumb/v7e-m+fp/hard/crtbegin.o
 .text          0x080001e0       0x30 E:/STM32CubeIDE_1.16.1/STM32CubeIDE/plugins/com.st.stm32cube.ide.mcu.externaltools.gnu-tools-for-stm32.14.3.rel1.win32_1.0.100.202602081740/tools/bin/../lib/gcc/arm-none-eabi/14.3.1/thumb/v7e-m+fp/hard\libgcc.a(_aeabi_uldivmod.o)
                0x080001e0                __aeabi_uldivmod
 .text          0x08000210      0x2f8 E:/STM32CubeIDE_1.16.1/STM32CubeIDE/plugins/com.st.stm32cube.ide.mcu.externaltools.gnu-tools-for-stm32.14.3.rel1.win32_1.0.100.202602081740/tools/bin/../lib/gcc/arm-none-eabi/14.3.1/thumb/v7e-m+fp/hard\libgcc.a(_udivmoddi4.o)
                0x08000210                __udivmoddi4
 .text          0x08000508        0x4 E:/STM32CubeIDE_1.16.1/STM32CubeIDE/plugins/com.st.stm32cube.ide.mcu.externaltools.gnu-tools-for-stm32.14.3.rel1.win32_1.0.100.202602081740/tools/bin/../lib/gcc/arm-none-eabi/14.3.1/thumb/v7e-m+fp/hard\libgcc.a(_dvmd_tls.o)
                0x08000508                __aeabi_idiv0
                0x08000508                __aeabi_ldiv0
 *(.text*)
 .text.DS3231_Init
                0x0800050c       0x34 ./Core/Src/ds3231.o
                0x0800050c                DS3231_Init
 .text.DS3231_SetRegByte
                0x08000540       0x3c ./Core/Src/ds3231.o
                0x08000540                DS3231_SetRegByte
 .text.DS3231_GetRegByte
                0x0800057c       0x44 ./Core/Src/ds3231.o
                0x0800057c                DS3231_GetRegByte
 .text.DS3231_SetInterruptMode
                0x080005c0       0x42 ./Core/Src/ds3231.o
                0x080005c0                DS3231_SetInterruptMode
 .text.DS3231_SetRateSelect
                0x08000602       0x42 ./Core/Src/ds3231.o
                0x08000602                DS3231_SetRateSelect
 .text.DS3231_EnableAlarm2
                0x08000644       0x48 ./Core/Src/ds3231.o
                0x08000644                DS3231_EnableAlarm2
 .text.DS3231_ClearAlarm2Flag
                0x0800068c       0x2c ./Core/Src/ds3231.o
                0x0800068c                DS3231_ClearAlarm2Flag
 .text.DS3231_EnableAlarm1
                0x080006b8       0x44 ./Core/Src/ds3231.o
                0x080006b8                DS3231_EnableAlarm1
 .text.DS3231_ClearAlarm1Flag
                0x080006fc       0x2c ./Core/Src/ds3231.o
                0x080006fc                DS3231_ClearAlarm1Flag
 .text.DS3231_GetDayOfWeek
                0x08000728       0x18 ./Core/Src/ds3231.o
                0x08000728                DS3231_GetDayOfWeek
 .text.DS3231_GetDate
                0x08000740       0x18 ./Core/Src/ds3231.o
                0x08000740                DS3231_GetDate
 .text.DS3231_GetMonth
                0x08000758       0x1e ./Core/Src/ds3231.o
                0x08000758                DS3231_GetMonth
 .text.DS3231_GetYear
                0x08000776       0x50 ./Core/Src/ds3231.o
                0x08000776                DS3231_GetYear
 .text.DS3231_GetHour
                0x080007c6       0x18 ./Core/Src/ds3231.o
                0x080007c6                DS3231_GetHour
 .text.DS3231_GetMinute
                0x080007de       0x18 ./Core/Src/ds3231.o
                0x080007de                DS3231_GetMinute
 .text.DS3231_GetSecond
                0x080007f6       0x18 ./Core/Src/ds3231.o
                0x080007f6                DS3231_GetSecond
 .text.DS3231_DecodeBCD
                0x0800080e       0x32 ./Core/Src/ds3231.o
                0x0800080e                DS3231_DecodeBCD
 .text.RTC_GetCurrentTime
                0x08000840       0x6c ./Core/Src/ds3231.o
                0x08000840                RTC_GetCurrentTime
 .text.HAL_GPIO_EXTI_Callback
                0x080008ac       0x1c ./Core/Src/main.o
                0x080008ac                HAL_GPIO_EXTI_Callback
 .text.main     0x080008c8       0x94 ./Core/Src/main.o
                0x080008c8                main
 .text.SystemClock_Config
                0x0800095c       0xd4 ./Core/Src/main.o
                0x0800095c                SystemClock_Config
 .text.MX_I2C1_Init
                0x08000a30       0x5c ./Core/Src/main.o
 .text.MX_USART1_UART_Init
                0x08000a8c       0x54 ./Core/Src/main.o
 .text.MX_DMA_Init
                0x08000ae0       0x40 ./Core/Src/main.o
 .text.MX_GPIO_Init
                0x08000b20      0x184 ./Core/Src/main.o
 .text.StartDefaultTask
                0x08000ca4       0x10 ./Core/Src/main.o
                0x08000ca4                StartDefaultTask
 .text.HAL_TIM_PeriodElapsedCallback
                0x08000cb4       0x24 ./Core/Src/main.o
                0x08000cb4                HAL_TIM_PeriodElapsedCallback
 .text.Error_Handler
                0x08000cd8        0xc ./Core/Src/main.o
                0x08000cd8                Error_Handler
 .text.RTC_Manager_Init
                0x08000ce4       0x40 ./Core/Src/rtc_manager.o
                0x08000ce4                RTC_Manager_Init
 .text.RTC_Tick
                0x08000d24       0x18 ./Core/Src/rtc_manager.o
                0x08000d24                RTC_Tick
 .text.GetHourFromRTC
                0x08000d3c       0x18 ./Core/Src/rtc_manager.o
 .text.RTC_IsRushHour
                0x08000d54       0x36 ./Core/Src/rtc_manager.o
                0x08000d54                RTC_IsRushHour
 .text.RTC_IsNight
                0x08000d8a       0x2a ./Core/Src/rtc_manager.o
                0x08000d8a                RTC_IsNight
 .text.HAL_UART_TxCpltCallback
                0x08000db4       0x2c ./Core/Src/serialControl.o
                0x08000db4                HAL_UART_TxCpltCallback
 .text.HAL_MspInit
                0x08000de0       0x68 ./Core/Src/stm32f4xx_hal_msp.o
                0x08000de0                HAL_MspInit
 .text.HAL_I2C_MspInit
                0x08000e48       0xb0 ./Core/Src/stm32f4xx_hal_msp.o
                0x08000e48                HAL_I2C_MspInit
 .text.HAL_UART_MspInit
                0x08000ef8      0x148 ./Core/Src/stm32f4xx_hal_msp.o
                0x08000ef8                HAL_UART_MspInit
 .text.HAL_InitTick
                0x08001040       0xe4 ./Core/Src/stm32f4xx_hal_timebase_tim.o
                0x08001040                HAL_InitTick
 .text.NMI_Handler
                0x08001124        0x8 ./Core/Src/stm32f4xx_it.o
                0x08001124                NMI_Handler
 .text.HardFault_Handler
                0x0800112c        0x8 ./Core/Src/stm32f4xx_it.o
                0x0800112c                HardFault_Handler
 .text.MemManage_Handler
                0x08001134        0x8 ./Core/Src/stm32f4xx_it.o
                0x08001134                MemManage_Handler
 .text.BusFault_Handler
                0x0800113c        0x8 ./Core/Src/stm32f4xx_it.o
                0x0800113c                BusFault_Handler
 .text.UsageFault_Handler
                0x08001144        0x8 ./Core/Src/stm32f4xx_it.o
                0x08001144                UsageFault_Handler
 .text.DebugMon_Handler
                0x0800114c        0xe ./Core/Src/stm32f4xx_it.o
                0x0800114c                DebugMon_Handler
 .text.RCC_IRQHandler
                0x0800115a        0xe ./Core/Src/stm32f4xx_it.o
                0x0800115a                RCC_IRQHandler
 .text.EXTI2_IRQHandler
                0x08001168        0xe ./Core/Src/stm32f4xx_it.o
                0x08001168                EXTI2_IRQHandler
 .text.EXTI3_IRQHandler
                0x08001176        0xe ./Core/Src/stm32f4xx_it.o
                0x08001176                EXTI3_IRQHandler
 .text.TIM1_UP_TIM10_IRQHandler
                0x08001184       0x14 ./Core/Src/stm32f4xx_it.o
                0x08001184                TIM1_UP_TIM10_IRQHandler
 .text.I2C1_EV_IRQHandler
                0x08001198       0x14 ./Core/Src/stm32f4xx_it.o
                0x08001198                I2C1_EV_IRQHandler
 .text.I2C1_ER_IRQHandler
                0x080011ac       0x14 ./Core/Src/stm32f4xx_it.o
                0x080011ac                I2C1_ER_IRQHandler
 .text.USART1_IRQHandler
                0x080011c0       0x14 ./Core/Src/stm32f4xx_it.o
                0x080011c0                USART1_IRQHandler
 .text.DMA2_Stream2_IRQHandler
                0x080011d4       0x14 ./Core/Src/stm32f4xx_it.o
                0x080011d4                DMA2_Stream2_IRQHandler
 .text.SystemInit
                0x080011e8       0x24 ./Core/Src/system_stm32f4xx.o
                0x080011e8                SystemInit
 .text.SetLights
                0x0800120c       0xbc ./Core/Src/traffic_controller.o
 .text.WaitSeconds
                0x080012c8       0x38 ./Core/Src/traffic_controller.o
 .text.UpdateTimingFromRTC
                0x08001300       0x48 ./Core/Src/traffic_controller.o
 .text.Traffic_Init
                0x08001348        0xe ./Core/Src/traffic_controller.o
                0x08001348                Traffic_Init
 *fill*         0x08001356        0x2 
 .text.TrafficManagerTask
                0x08001358       0x78 ./Core/Src/traffic_controller.o
                0x08001358                TrafficManagerTask
 .text.Reset_Handler
                0x080013d0       0x50 ./Core/Startup/startup_stm32f401rctx.o
                0x080013d0                Reset_Handler
 .text.Default_Handler
                0x08001420        0x2 ./Core/Startup/startup_stm32f401rctx.o
                0x08001420                RTC_Alarm_IRQHandler
                0x08001420                SPI4_IRQHandler
                0x08001420                TIM1_CC_IRQHandler
                0x08001420                DMA2_Stream5_IRQHandler
                0x08001420                DMA1_Stream5_IRQHandler
                0x08001420                PVD_IRQHandler
                0x08001420                SDIO_IRQHandler
                0x08001420                TAMP_STAMP_IRQHandler
                0x08001420                I2C3_ER_IRQHandler
                0x08001420                EXTI0_IRQHandler
                0x08001420                I2C2_EV_IRQHandler
                0x08001420                DMA1_Stream2_IRQHandler
                0x08001420                FPU_IRQHandler
                0x08001420                SPI1_IRQHandler
                0x08001420                TIM1_BRK_TIM9_IRQHandler
                0x08001420                DMA2_Stream3_IRQHandler
                0x08001420                USART6_IRQHandler
                0x08001420                DMA2_Stream0_IRQHandler
                0x08001420                TIM4_IRQHandler
                0x08001420                DMA1_Stream6_IRQHandler
                0x08001420                DMA1_Stream1_IRQHandler
                0x08001420                TIM3_IRQHandler
                0x08001420                Default_Handler
                0x08001420                EXTI15_10_IRQHandler
                0x08001420                ADC_IRQHandler
                0x08001420                DMA1_Stream7_IRQHandler
                0x08001420                TIM5_IRQHandler
                0x08001420                DMA2_Stream7_IRQHandler
                0x08001420                I2C3_EV_IRQHandler
                0x08001420                EXTI9_5_IRQHandler
                0x08001420                RTC_WKUP_IRQHandler
                0x08001420                SPI2_IRQHandler
                0x08001420                DMA1_Stream0_IRQHandler
                0x08001420                EXTI4_IRQHandler
                0x08001420                WWDG_IRQHandler
                0x08001420                TIM2_IRQHandler
                0x08001420                OTG_FS_WKUP_IRQHandler
                0x08001420                TIM1_TRG_COM_TIM11_IRQHandler
                0x08001420                EXTI1_IRQHandler
                0x08001420                USART2_IRQHandler
                0x08001420                I2C2_ER_IRQHandler
                0x08001420                DMA2_Stream1_IRQHandler
                0x08001420                FLASH_IRQHandler
                0x08001420                DMA2_Stream4_IRQHandler
                0x08001420                OTG_FS_IRQHandler
                0x08001420                SPI3_IRQHandler
                0x08001420                DMA1_Stream4_IRQHandler
                0x08001420                DMA2_Stream6_IRQHandler
                0x08001420                DMA1_Stream3_IRQHandler
 .text.stm32_lock_acquire
                0x08001422       0x64 ./Core/ThreadSafe/newlib_lock_glue.o
 .text.stm32_lock_release
                0x08001486       0x58 ./Core/ThreadSafe/newlib_lock_glue.o
 .text.__retarget_lock_acquire_recursive
                0x080014de       0x2a ./Core/ThreadSafe/newlib_lock_glue.o
                0x080014de                __retarget_lock_acquire_recursive
 .text.__retarget_lock_release_recursive
                0x08001508       0x2a ./Core/ThreadSafe/newlib_lock_glue.o
                0x08001508                __retarget_lock_release_recursive
 *fill*         0x08001532        0x2 
 .text.HAL_Init
                0x08001534       0x44 ./Drivers/STM32F4xx_HAL_Driver/Src/stm32f4xx_hal.o
                0x08001534                HAL_Init
 .text.HAL_IncTick
                0x08001578       0x28 ./Drivers/STM32F4xx_HAL_Driver/Src/stm32f4xx_hal.o
                0x08001578                HAL_IncTick
 .text.HAL_GetTick
                0x080015a0       0x18 ./Drivers/STM32F4xx_HAL_Driver/Src/stm32f4xx_hal.o
                0x080015a0                HAL_GetTick
 .text.__NVIC_SetPriorityGrouping
                0x080015b8       0x48 ./Drivers/STM32F4xx_HAL_Driver/Src/stm32f4xx_hal_cortex.o
 .text.__NVIC_GetPriorityGrouping
                0x08001600       0x1c ./Drivers/STM32F4xx_HAL_Driver/Src/stm32f4xx_hal_cortex.o
 .text.__NVIC_EnableIRQ
                0x0800161c       0x3c ./Drivers/STM32F4xx_HAL_Driver/Src/stm32f4xx_hal_cortex.o
 .text.__NVIC_SetPriority
                0x08001658       0x54 ./Drivers/STM32F4xx_HAL_Driver/Src/stm32f4xx_hal_cortex.o
 .text.NVIC_EncodePriority
                0x080016ac       0x66 ./Drivers/STM32F4xx_HAL_Driver/Src/stm32f4xx_hal_cortex.o
 .text.HAL_NVIC_SetPriorityGrouping
                0x08001712       0x16 ./Drivers/STM32F4xx_HAL_Driver/Src/stm32f4xx_hal_cortex.o
                0x08001712                HAL_NVIC_SetPriorityGrouping
 .text.HAL_NVIC_SetPriority
                0x08001728       0x38 ./Drivers/STM32F4xx_HAL_Driver/Src/stm32f4xx_hal_cortex.o
                0x08001728                HAL_NVIC_SetPriority
 .text.HAL_NVIC_EnableIRQ
                0x08001760       0x1c ./Drivers/STM32F4xx_HAL_Driver/Src/stm32f4xx_hal_cortex.o
                0x08001760                HAL_NVIC_EnableIRQ
 .text.HAL_DMA_Init
                0x0800177c      0x15c ./Drivers/STM32F4xx_HAL_Driver/Src/stm32f4xx_hal_dma.o
                0x0800177c                HAL_DMA_Init
 .text.HAL_DMA_Abort
                0x080018d8       0xe0 ./Drivers/STM32F4xx_HAL_Driver/Src/stm32f4xx_hal_dma.o
                0x080018d8                HAL_DMA_Abort
 .text.HAL_DMA_Abort_IT
                0x080019b8       0x44 ./Drivers/STM32F4xx_HAL_Driver/Src/stm32f4xx_hal_dma.o
                0x080019b8                HAL_DMA_Abort_IT
 .text.HAL_DMA_IRQHandler
                0x080019fc      0x314 ./Drivers/STM32F4xx_HAL_Driver/Src/stm32f4xx_hal_dma.o
                0x080019fc                HAL_DMA_IRQHandler
 .text.HAL_DMA_GetState
                0x08001d10       0x1c ./Drivers/STM32F4xx_HAL_Driver/Src/stm32f4xx_hal_dma.o
                0x08001d10                HAL_DMA_GetState
 .text.DMA_CalcBaseAndBitshift
                0x08001d2c       0x6c ./Drivers/STM32F4xx_HAL_Driver/Src/stm32f4xx_hal_dma.o
 .text.DMA_CheckFifoParam
                0x08001d98       0xf8 ./Drivers/STM32F4xx_HAL_Driver/Src/stm32f4xx_hal_dma.o
 .text.HAL_GPIO_Init
                0x08001e90      0x308 ./Drivers/STM32F4xx_HAL_Driver/Src/stm32f4xx_hal_gpio.o
                0x08001e90                HAL_GPIO_Init
 .text.HAL_GPIO_WritePin
                0x08002198       0x32 ./Drivers/STM32F4xx_HAL_Driver/Src/stm32f4xx_hal_gpio.o
                0x08002198                HAL_GPIO_WritePin
 *fill*         0x080021ca        0x2 
 .text.HAL_GPIO_EXTI_IRQHandler
                0x080021cc       0x30 ./Drivers/STM32F4xx_HAL_Driver/Src/stm32f4xx_hal_gpio.o
                0x080021cc                HAL_GPIO_EXTI_IRQHandler
 .text.HAL_I2C_Init
                0x080021fc      0x288 ./Drivers/STM32F4xx_HAL_Driver/Src/stm32f4xx_hal_i2c.o
                0x080021fc                HAL_I2C_Init
 .text.I2C_Flush_DR
                0x08002484       0x2a ./Drivers/STM32F4xx_HAL_Driver/Src/stm32f4xx_hal_i2c.o
 *fill*         0x080024ae        0x2 
 .text.HAL_I2C_Master_Transmit
                0x080024b0      0x1fc ./Drivers/STM32F4xx_HAL_Driver/Src/stm32f4xx_hal_i2c.o
                0x080024b0                HAL_I2C_Master_Transmit
 .text.HAL_I2C_Master_Receive
                0x080026ac      0x464 ./Drivers/STM32F4xx_HAL_Driver/Src/stm32f4xx_hal_i2c.o
                0x080026ac                HAL_I2C_Master_Receive
 .text.HAL_I2C_EV_IRQHandler
                0x08002b10      0x2e2 ./Drivers/STM32F4xx_HAL_Driver/Src/stm32f4xx_hal_i2c.o
                0x08002b10                HAL_I2C_EV_IRQHandler
 .text.HAL_I2C_ER_IRQHandler
                0x08002df2      0x14e ./Drivers/STM32F4xx_HAL_Driver/Src/stm32f4xx_hal_i2c.o
                0x08002df2                HAL_I2C_ER_IRQHandler
 .text.HAL_I2C_MasterTxCpltCallback
                0x08002f40       0x14 ./Drivers/STM32F4xx_HAL_Driver/Src/stm32f4xx_hal_i2c.o
                0x08002f40                HAL_I2C_MasterTxCpltCallback
 .text.HAL_I2C_MasterRxCpltCallback
                0x08002f54       0x14 ./Drivers/STM32F4xx_HAL_Driver/Src/stm32f4xx_hal_i2c.o
                0x08002f54                HAL_I2C_MasterRxCpltCallback
 .text.HAL_I2C_SlaveTxCpltCallback
                0x08002f68       0x14 ./Drivers/STM32F4xx_HAL_Driver/Src/stm32f4xx_hal_i2c.o
                0x08002f68                HAL_I2C_SlaveTxCpltCallback
 .text.HAL_I2C_SlaveRxCpltCallback
                0x08002f7c       0x14 ./Drivers/STM32F4xx_HAL_Driver/Src/stm32f4xx_hal_i2c.o
                0x08002f7c                HAL_I2C_SlaveRxCpltCallback
 .text.HAL_I2C_AddrCallback
                0x08002f90       0x1c ./Drivers/STM32F4xx_HAL_Driver/Src/stm32f4xx_hal_i2c.o
                0x08002f90                HAL_I2C_AddrCallback
 .text.HAL_I2C_ListenCpltCallback
                0x08002fac       0x14 ./Drivers/STM32F4xx_HAL_Driver/Src/stm32f4xx_hal_i2c.o
                0x08002fac                HAL_I2C_ListenCpltCallback
 .text.HAL_I2C_MemTxCpltCallback
                0x08002fc0       0x14 ./Drivers/STM32F4xx_HAL_Driver/Src/stm32f4xx_hal_i2c.o
                0x08002fc0                HAL_I2C_MemTxCpltCallback
 .text.HAL_I2C_MemRxCpltCallback
                0x08002fd4       0x14 ./Drivers/STM32F4xx_HAL_Driver/Src/stm32f4xx_hal_i2c.o
                0x08002fd4                HAL_I2C_MemRxCpltCallback
 .text.HAL_I2C_ErrorCallback
                0x08002fe8       0x14 ./Drivers/STM32F4xx_HAL_Driver/Src/stm32f4xx_hal_i2c.o
                0x08002fe8                HAL_I2C_ErrorCallback
 .text.HAL_I2C_AbortCpltCallback
                0x08002ffc       0x14 ./Drivers/STM32F4xx_HAL_Driver/Src/stm32f4xx_hal_i2c.o
                0x08002ffc                HAL_I2C_AbortCpltCallback
 .text.I2C_MasterTransmit_TXE
                0x08003010      0x138 ./Drivers/STM32F4xx_HAL_Driver/Src/stm32f4xx_hal_i2c.o
 .text.I2C_MasterTransmit_BTF
                0x08003148       0xec ./Drivers/STM32F4xx_HAL_Driver/Src/stm32f4xx_hal_i2c.o
 .text.I2C_MemoryTransmit_TXE_BTF
                0x08003234      0x130 ./Drivers/STM32F4xx_HAL_Driver/Src/stm32f4xx_hal_i2c.o
 .text.I2C_MasterReceive_RXNE
                0x08003364      0x190 ./Drivers/STM32F4xx_HAL_Driver/Src/stm32f4xx_hal_i2c.o
 .text.I2C_MasterReceive_BTF
                0x080034f4      0x1e2 ./Drivers/STM32F4xx_HAL_Driver/Src/stm32f4xx_hal_i2c.o
 .text.I2C_Master_SB
                0x080036d6      0x10c ./Drivers/STM32F4xx_HAL_Driver/Src/stm32f4xx_hal_i2c.o
 .text.I2C_Master_ADD10
                0x080037e2       0x54 ./Drivers/STM32F4xx_HAL_Driver/Src/stm32f4xx_hal_i2c.o
 .text.I2C_Master_ADDR
                0x08003836      0x322 ./Drivers/STM32F4xx_HAL_Driver/Src/stm32f4xx_hal_i2c.o
 .text.I2C_SlaveTransmit_TXE
                0x08003b58       0x7a ./Drivers/STM32F4xx_HAL_Driver/Src/stm32f4xx_hal_i2c.o
 .text.I2C_SlaveTransmit_BTF
                0x08003bd2       0x42 ./Drivers/STM32F4xx_HAL_Driver/Src/stm32f4xx_hal_i2c.o
 .text.I2C_SlaveReceive_RXNE
                0x08003c14       0x7c ./Drivers/STM32F4xx_HAL_Driver/Src/stm32f4xx_hal_i2c.o
 .text.I2C_SlaveReceive_BTF
                0x08003c90       0x44 ./Drivers/STM32F4xx_HAL_Driver/Src/stm32f4xx_hal_i2c.o
 .text.I2C_Slave_ADDR
                0x08003cd4       0x94 ./Drivers/STM32F4xx_HAL_Driver/Src/stm32f4xx_hal_i2c.o
 .text.I2C_Slave_STOPF
                0x08003d68      0x260 ./Drivers/STM32F4xx_HAL_Driver/Src/stm32f4xx_hal_i2c.o
 .text.I2C_Slave_AF
                0x08003fc8       0xe8 ./Drivers/STM32F4xx_HAL_Driver/Src/stm32f4xx_hal_i2c.o
 .text.I2C_ITError
                0x080040b0      0x264 ./Drivers/STM32F4xx_HAL_Driver/Src/stm32f4xx_hal_i2c.o
 .text.I2C_MasterRequestWrite
                0x08004314      0x104 ./Drivers/STM32F4xx_HAL_Driver/Src/stm32f4xx_hal_i2c.o
 .text.I2C_MasterRequestRead
                0x08004418      0x19c ./Drivers/STM32F4xx_HAL_Driver/Src/stm32f4xx_hal_i2c.o
 .text.I2C_DMAAbort
                0x080045b4      0x150 ./Drivers/STM32F4xx_HAL_Driver/Src/stm32f4xx_hal_i2c.o
 .text.I2C_WaitOnFlagUntilTimeout
                0x08004704       0xf4 ./Drivers/STM32F4xx_HAL_Driver/Src/stm32f4xx_hal_i2c.o
 .text.I2C_WaitOnMasterAddressFlagUntilTimeout
                0x080047f8      0x140 ./Drivers/STM32F4xx_HAL_Driver/Src/stm32f4xx_hal_i2c.o
 .text.I2C_WaitOnTXEFlagUntilTimeout
                0x08004938       0x90 ./Drivers/STM32F4xx_HAL_Driver/Src/stm32f4xx_hal_i2c.o
 .text.I2C_WaitOnBTFFlagUntilTimeout
                0x080049c8       0x90 ./Drivers/STM32F4xx_HAL_Driver/Src/stm32f4xx_hal_i2c.o
 .text.I2C_WaitOnSTOPRequestThroughIT
                0x08004a58       0x64 ./Drivers/STM32F4xx_HAL_Driver/Src/stm32f4xx_hal_i2c.o
 .text.I2C_WaitOnRXNEFlagUntilTimeout
                0x08004abc       0xba ./Drivers/STM32F4xx_HAL_Driver/Src/stm32f4xx_hal_i2c.o
 .text.I2C_IsAcknowledgeFailed
                0x08004b76       0x5e ./Drivers/STM32F4xx_HAL_Driver/Src/stm32f4xx_hal_i2c.o
 .text.I2C_ConvertOtherXferOptions
                0x08004bd4       0x36 ./Drivers/STM32F4xx_HAL_Driver/Src/stm32f4xx_hal_i2c.o
 *fill*         0x08004c0a        0x2 
 .text.HAL_RCC_OscConfig
                0x08004c0c      0x4f0 ./Drivers/STM32F4xx_HAL_Driver/Src/stm32f4xx_hal_rcc.o
                0x08004c0c                HAL_RCC_OscConfig
 .text.HAL_RCC_ClockConfig
                0x080050fc      0x1cc ./Drivers/STM32F4xx_HAL_Driver/Src/stm32f4xx_hal_rcc.o
                0x080050fc                HAL_RCC_ClockConfig
 .text.HAL_RCC_GetSysClockFreq
                0x080052c8      0x188 ./Drivers/STM32F4xx_HAL_Driver/Src/stm32f4xx_hal_rcc.o
                0x080052c8                HAL_RCC_GetSysClockFreq
 .text.HAL_RCC_GetHCLKFreq
                0x08005450       0x18 ./Drivers/STM32F4xx_HAL_Driver/Src/stm32f4xx_hal_rcc.o
                0x08005450                HAL_RCC_GetHCLKFreq
 .text.HAL_RCC_GetPCLK1Freq
                0x08005468       0x28 ./Drivers/STM32F4xx_HAL_Driver/Src/stm32f4xx_hal_rcc.o
                0x08005468                HAL_RCC_GetPCLK1Freq
 .text.HAL_RCC_GetPCLK2Freq
                0x08005490       0x28 ./Drivers/STM32F4xx_HAL_Driver/Src/stm32f4xx_hal_rcc.o
                0x08005490                HAL_RCC_GetPCLK2Freq
 .text.HAL_RCC_GetClockConfig
                0x080054b8       0x64 ./Drivers/STM32F4xx_HAL_Driver/Src/stm32f4xx_hal_rcc.o
                0x080054b8                HAL_RCC_GetClockConfig
 .text.HAL_TIM_Base_Init
                0x0800551c       0x9e ./Drivers/STM32F4xx_HAL_Driver/Src/stm32f4xx_hal_tim.o
                0x0800551c                HAL_TIM_Base_Init
 .text.HAL_TIM_Base_MspInit
                0x080055ba       0x14 ./Drivers/STM32F4xx_HAL_Driver/Src/stm32f4xx_hal_tim.o
                0x080055ba                HAL_TIM_Base_MspInit
 *fill*         0x080055ce        0x2 
 .text.HAL_TIM_Base_Start_IT
                0x080055d0       0xc4 ./Drivers/STM32F4xx_HAL_Driver/Src/stm32f4xx_hal_tim.o
                0x080055d0                HAL_TIM_Base_Start_IT
 .text.HAL_TIM_IRQHandler
                0x08005694      0x1e0 ./Drivers/STM32F4xx_HAL_Driver/Src/stm32f4xx_hal_tim.o
                0x08005694                HAL_TIM_IRQHandler
 .text.HAL_TIM_OC_DelayElapsedCallback
                0x08005874       0x14 ./Drivers/STM32F4xx_HAL_Driver/Src/stm32f4xx_hal_tim.o
                0x08005874                HAL_TIM_OC_DelayElapsedCallback
 .text.HAL_TIM_IC_CaptureCallback
                0x08005888       0x14 ./Drivers/STM32F4xx_HAL_Driver/Src/stm32f4xx_hal_tim.o
                0x08005888                HAL_TIM_IC_CaptureCallback
 .text.HAL_TIM_PWM_PulseFinishedCallback
                0x0800589c       0x14 ./Drivers/STM32F4xx_HAL_Driver/Src/stm32f4xx_hal_tim.o
                0x0800589c                HAL_TIM_PWM_PulseFinishedCallback
 .text.HAL_TIM_TriggerCallback
                0x080058b0       0x14 ./Drivers/STM32F4xx_HAL_Driver/Src/stm32f4xx_hal_tim.o
                0x080058b0                HAL_TIM_TriggerCallback
 .text.TIM_Base_SetConfig
                0x080058c4      0x10c ./Drivers/STM32F4xx_HAL_Driver/Src/stm32f4xx_hal_tim.o
                0x080058c4                TIM_Base_SetConfig
 .text.HAL_TIMEx_CommutCallback
                0x080059d0       0x14 ./Drivers/STM32F4xx_HAL_Driver/Src/stm32f4xx_hal_tim_ex.o
                0x080059d0                HAL_TIMEx_CommutCallback
 .text.HAL_TIMEx_BreakCallback
                0x080059e4       0x14 ./Drivers/STM32F4xx_HAL_Driver/Src/stm32f4xx_hal_tim_ex.o
                0x080059e4                HAL_TIMEx_BreakCallback
 .text.HAL_UART_Init
                0x080059f8       0xa0 ./Drivers/STM32F4xx_HAL_Driver/Src/stm32f4xx_hal_uart.o
                0x080059f8                HAL_UART_Init
 .text.HAL_UART_IRQHandler
                0x08005a98      0x554 ./Drivers/STM32F4xx_HAL_Driver/Src/stm32f4xx_hal_uart.o
                0x08005a98                HAL_UART_IRQHandler
 .text.HAL_UART_RxCpltCallback
                0x08005fec       0x14 ./Drivers/STM32F4xx_HAL_Driver/Src/stm32f4xx_hal_uart.o
                0x08005fec                HAL_UART_RxCpltCallback
 .text.HAL_UART_ErrorCallback
                0x08006000       0x14 ./Drivers/STM32F4xx_HAL_Driver/Src/stm32f4xx_hal_uart.o
                0x08006000                HAL_UART_ErrorCallback
 .text.HAL_UARTEx_RxEventCallback
                0x08006014       0x18 ./Drivers/STM32F4xx_HAL_Driver/Src/stm32f4xx_hal_uart.o
                0x08006014                HAL_UARTEx_RxEventCallback
 .text.UART_EndRxTransfer
                0x0800602c       0xc6 ./Drivers/STM32F4xx_HAL_Driver/Src/stm32f4xx_hal_uart.o
 .text.UART_DMAAbortOnError
                0x080060f2       0x22 ./Drivers/STM32F4xx_HAL_Driver/Src/stm32f4xx_hal_uart.o
 .text.UART_Transmit_IT
                0x08006114       0xa0 ./Drivers/STM32F4xx_HAL_Driver/Src/stm32f4xx_hal_uart.o
 .text.UART_EndTransmit_IT
                0x080061b4       0x30 ./Drivers/STM32F4xx_HAL_Driver/Src/stm32f4xx_hal_uart.o
 .text.UART_Receive_IT
                0x080061e4      0x17c ./Drivers/STM32F4xx_HAL_Driver/Src/stm32f4xx_hal_uart.o
 .text.UART_SetConfig
                0x08006360      0x4e8 ./Drivers/STM32F4xx_HAL_Driver/Src/stm32f4xx_hal_uart.o
 .text.__NVIC_SetPriority
                0x08006848       0x54 ./Middlewares/Third_Party/FreeRTOS/Source/CMSIS_RTOS_V2/cmsis_os2.o
 .text.SysTick_Handler
                0x0800689c       0x20 ./Middlewares/Third_Party/FreeRTOS/Source/CMSIS_RTOS_V2/cmsis_os2.o
                0x0800689c                SysTick_Handler
 .text.SVC_Setup
                0x080068bc       0x12 ./Middlewares/Third_Party/FreeRTOS/Source/CMSIS_RTOS_V2/cmsis_os2.o
 *fill*         0x080068ce        0x2 
 .text.osKernelInitialize
                0x080068d0       0x48 ./Middlewares/Third_Party/FreeRTOS/Source/CMSIS_RTOS_V2/cmsis_os2.o
                0x080068d0                osKernelInitialize
 .text.osKernelStart
                0x08006918       0x4c ./Middlewares/Third_Party/FreeRTOS/Source/CMSIS_RTOS_V2/cmsis_os2.o
                0x08006918                osKernelStart
 .text.osThreadNew
                0x08006964      0x124 ./Middlewares/Third_Party/FreeRTOS/Source/CMSIS_RTOS_V2/cmsis_os2.o
                0x08006964                osThreadNew
 .text.osDelay  0x08006a88       0x36 ./Middlewares/Third_Party/FreeRTOS/Source/CMSIS_RTOS_V2/cmsis_os2.o
                0x08006a88                osDelay
 .text.osSemaphoreNew
                0x08006abe      0x112 ./Middlewares/Third_Party/FreeRTOS/Source/CMSIS_RTOS_V2/cmsis_os2.o
                0x08006abe                osSemaphoreNew
 .text.osSemaphoreAcquire
                0x08006bd0       0xa4 ./Middlewares/Third_Party/FreeRTOS/Source/CMSIS_RTOS_V2/cmsis_os2.o
                0x08006bd0                osSemaphoreAcquire
 .text.osSemaphoreRelease
                0x08006c74       0x88 ./Middlewares/Third_Party/FreeRTOS/Source/CMSIS_RTOS_V2/cmsis_os2.o
                0x08006c74                osSemaphoreRelease
 .text.vApplicationGetIdleTaskMemory
                0x08006cfc       0x34 ./Middlewares/Third_Party/FreeRTOS/Source/CMSIS_RTOS_V2/cmsis_os2.o
                0x08006cfc                vApplicationGetIdleTaskMemory
 .text.vApplicationGetTimerTaskMemory
                0x08006d30       0x34 ./Middlewares/Third_Party/FreeRTOS/Source/CMSIS_RTOS_V2/cmsis_os2.o
                0x08006d30                vApplicationGetTimerTaskMemory
 .text.vListInitialise
                0x08006d64       0x40 ./Middlewares/Third_Party/FreeRTOS/Source/list.o
                0x08006d64                vListInitialise
 .text.vListInitialiseItem
                0x08006da4       0x1a ./Middlewares/Third_Party/FreeRTOS/Source/list.o
                0x08006da4                vListInitialiseItem
 .text.vListInsertEnd
                0x08006dbe       0x48 ./Middlewares/Third_Party/FreeRTOS/Source/list.o
                0x08006dbe                vListInsertEnd
 .text.vListInsert
                0x08006e06       0x72 ./Middlewares/Third_Party/FreeRTOS/Source/list.o
                0x08006e06                vListInsert
 .text.uxListRemove
                0x08006e78       0x54 ./Middlewares/Third_Party/FreeRTOS/Source/list.o
                0x08006e78                uxListRemove
 .text.xQueueGenericReset
                0x08006ecc       0xd4 ./Middlewares/Third_Party/FreeRTOS/Source/queue.o
                0x08006ecc                xQueueGenericReset
 .text.xQueueGenericCreateStatic
                0x08006fa0       0xfa ./Middlewares/Third_Party/FreeRTOS/Source/queue.o
                0x08006fa0                xQueueGenericCreateStatic
 .text.xQueueGenericCreate
                0x0800709a       0x76 ./Middlewares/Third_Party/FreeRTOS/Source/queue.o
                0x0800709a                xQueueGenericCreate
 .text.prvInitialiseNewQueue
                0x08007110       0x46 ./Middlewares/Third_Party/FreeRTOS/Source/queue.o
 .text.xQueueCreateCountingSemaphoreStatic
                0x08007156       0x72 ./Middlewares/Third_Party/FreeRTOS/Source/queue.o
                0x08007156                xQueueCreateCountingSemaphoreStatic
 .text.xQueueCreateCountingSemaphore
                0x080071c8       0x6a ./Middlewares/Third_Party/FreeRTOS/Source/queue.o
                0x080071c8                xQueueCreateCountingSemaphore
 *fill*         0x08007232        0x2 
 .text.xQueueGenericSend
                0x08007234      0x204 ./Middlewares/Third_Party/FreeRTOS/Source/queue.o
                0x08007234                xQueueGenericSend
 .text.xQueueGenericSendFromISR
                0x08007438      0x13c ./Middlewares/Third_Party/FreeRTOS/Source/queue.o
                0x08007438                xQueueGenericSendFromISR
 .text.xQueueGiveFromISR
                0x08007574      0x120 ./Middlewares/Third_Party/FreeRTOS/Source/queue.o
                0x08007574                xQueueGiveFromISR
 .text.xQueueReceive
                0x08007694      0x1c4 ./Middlewares/Third_Party/FreeRTOS/Source/queue.o
                0x08007694                xQueueReceive
 .text.xQueueSemaphoreTake
                0x08007858      0x220 ./Middlewares/Third_Party/FreeRTOS/Source/queue.o
                0x08007858                xQueueSemaphoreTake
 .text.xQueueReceiveFromISR
                0x08007a78      0x104 ./Middlewares/Third_Party/FreeRTOS/Source/queue.o
                0x08007a78                xQueueReceiveFromISR
 .text.vQueueDelete
                0x08007b7c       0x48 ./Middlewares/Third_Party/FreeRTOS/Source/queue.o
                0x08007b7c                vQueueDelete
 .text.prvGetDisinheritPriorityAfterTimeout
                0x08007bc4       0x30 ./Middlewares/Third_Party/FreeRTOS/Source/queue.o
 .text.prvCopyDataToQueue
                0x08007bf4       0xd4 ./Middlewares/Third_Party/FreeRTOS/Source/queue.o
 .text.prvCopyDataFromQueue
                0x08007cc8       0x4c ./Middlewares/Third_Party/FreeRTOS/Source/queue.o
 .text.prvUnlockQueue
                0x08007d14       0xa4 ./Middlewares/Third_Party/FreeRTOS/Source/queue.o
 .text.prvIsQueueEmpty
                0x08007db8       0x2c ./Middlewares/Third_Party/FreeRTOS/Source/queue.o
 .text.prvIsQueueFull
                0x08007de4       0x30 ./Middlewares/Third_Party/FreeRTOS/Source/queue.o
 .text.vQueueAddToRegistry
                0x08007e14       0x54 ./Middlewares/Third_Party/FreeRTOS/Source/queue.o
                0x08007e14                vQueueAddToRegistry
 .text.vQueueUnregisterQueue
                0x08007e68       0x54 ./Middlewares/Third_Party/FreeRTOS/Source/queue.o
                0x08007e68                vQueueUnregisterQueue
 .text.vQueueWaitForMessageRestricted
                0x08007ebc       0x68 ./Middlewares/Third_Party/FreeRTOS/Source/queue.o
                0x08007ebc                vQueueWaitForMessageRestricted
 .text.xTaskCreateStatic
                0x08007f24       0xc0 ./Middlewares/Third_Party/FreeRTOS/Source/tasks.o
                0x08007f24                xTaskCreateStatic
 .text.xTaskCreate
                0x08007fe4       0x8a ./Middlewares/Third_Party/FreeRTOS/Source/tasks.o
                0x08007fe4                xTaskCreate
 *fill*         0x0800806e        0x2 
 .text.prvInitialiseNewTask
                0x08008070      0x150 ./Middlewares/Third_Party/FreeRTOS/Source/tasks.o
 .text.prvAddNewTaskToReadyList
                0x080081c0       0xe0 ./Middlewares/Third_Party/FreeRTOS/Source/tasks.o
 .text.vTaskDelay
                0x080082a0       0x6c ./Middlewares/Third_Party/FreeRTOS/Source/tasks.o
                0x080082a0                vTaskDelay
 .text.vTaskStartScheduler
                0x0800830c       0xe0 ./Middlewares/Third_Party/FreeRTOS/Source/tasks.o
                0x0800830c                vTaskStartScheduler
 .text.vTaskSuspendAll
                0x080083ec       0x1c ./Middlewares/Third_Party/FreeRTOS/Source/tasks.o
                0x080083ec                vTaskSuspendAll
 .text.xTaskResumeAll
                0x08008408      0x13c ./Middlewares/Third_Party/FreeRTOS/Source/tasks.o
                0x08008408                xTaskResumeAll
 .text.xTaskGetTickCount
                0x08008544       0x20 ./Middlewares/Third_Party/FreeRTOS/Source/tasks.o
                0x08008544                xTaskGetTickCount
 .text.xTaskIncrementTick
                0x08008564      0x174 ./Middlewares/Third_Party/FreeRTOS/Source/tasks.o
                0x08008564                xTaskIncrementTick
 .text.vTaskSwitchContext
                0x080086d8       0xcc ./Middlewares/Third_Party/FreeRTOS/Source/tasks.o
                0x080086d8                vTaskSwitchContext
 .text.vTaskPlaceOnEventList
                0x080087a4       0x4c ./Middlewares/Third_Party/FreeRTOS/Source/tasks.o
                0x080087a4                vTaskPlaceOnEventList
 .text.vTaskPlaceOnEventListRestricted
                0x080087f0       0x58 ./Middlewares/Third_Party/FreeRTOS/Source/tasks.o
                0x080087f0                vTaskPlaceOnEventListRestricted
 .text.xTaskRemoveFromEventList
                0x08008848       0xc8 ./Middlewares/Third_Party/FreeRTOS/Source/tasks.o
                0x08008848                xTaskRemoveFromEventList
 .text.vTaskInternalSetTimeOutState
                0x08008910       0x2c ./Middlewares/Third_Party/FreeRTOS/Source/tasks.o
                0x08008910                vTaskInternalSetTimeOutState
 .text.xTaskCheckForTimeOut
                0x0800893c       0xc8 ./Middlewares/Third_Party/FreeRTOS/Source/tasks.o
                0x0800893c                xTaskCheckForTimeOut
 .text.vTaskMissedYield
                0x08008a04       0x18 ./Middlewares/Third_Party/FreeRTOS/Source/tasks.o
                0x08008a04                vTaskMissedYield
 .text.prvIdleTask
                0x08008a1c       0x30 ./Middlewares/Third_Party/FreeRTOS/Source/tasks.o
 .text.prvInitialiseTaskLists
                0x08008a4c       0x80 ./Middlewares/Third_Party/FreeRTOS/Source/tasks.o
 .text.prvCheckTasksWaitingTermination
                0x08008acc       0x5c ./Middlewares/Third_Party/FreeRTOS/Source/tasks.o
 .text.prvDeleteTCB
                0x08008b28       0x6a ./Middlewares/Third_Party/FreeRTOS/Source/tasks.o
 *fill*         0x08008b92        0x2 
 .text.prvResetNextTaskUnblockTime
                0x08008b94       0x40 ./Middlewares/Third_Party/FreeRTOS/Source/tasks.o
 .text.xTaskGetSchedulerState
                0x08008bd4       0x3c ./Middlewares/Third_Party/FreeRTOS/Source/tasks.o
                0x08008bd4                xTaskGetSchedulerState
 .text.xTaskPriorityInherit
                0x08008c10       0xd0 ./Middlewares/Third_Party/FreeRTOS/Source/tasks.o
                0x08008c10                xTaskPriorityInherit
 .text.xTaskPriorityDisinherit
                0x08008ce0       0xe0 ./Middlewares/Third_Party/FreeRTOS/Source/tasks.o
                0x08008ce0                xTaskPriorityDisinherit
 .text.vTaskPriorityDisinheritAfterTimeout
                0x08008dc0      0x108 ./Middlewares/Third_Party/FreeRTOS/Source/tasks.o
                0x08008dc0                vTaskPriorityDisinheritAfterTimeout
 .text.pvTaskIncrementMutexHeldCount
                0x08008ec8       0x28 ./Middlewares/Third_Party/FreeRTOS/Source/tasks.o
                0x08008ec8                pvTaskIncrementMutexHeldCount
 .text.prvAddCurrentTaskToDelayedList
                0x08008ef0       0xa8 ./Middlewares/Third_Party/FreeRTOS/Source/tasks.o
 .text.xTimerCreateTimerTask
                0x08008f98       0x94 ./Middlewares/Third_Party/FreeRTOS/Source/timers.o
                0x08008f98                xTimerCreateTimerTask
 .text.xTimerGenericCommand
                0x0800902c       0x9c ./Middlewares/Third_Party/FreeRTOS/Source/timers.o
                0x0800902c                xTimerGenericCommand
 .text.prvProcessExpiredTimer
                0x080090c8       0x9c ./Middlewares/Third_Party/FreeRTOS/Source/timers.o
 .text.prvTimerTask
                0x08009164       0x26 ./Middlewares/Third_Party/FreeRTOS/Source/timers.o
 *fill*         0x0800918a        0x2 
 .text.prvProcessTimerOrBlockTask
                0x0800918c       0x9c ./Middlewares/Third_Party/FreeRTOS/Source/timers.o
 .text.prvGetNextExpireTime
                0x08009228       0x48 ./Middlewares/Third_Party/FreeRTOS/Source/timers.o
 .text.prvSampleTimeNow
                0x08009270       0x40 ./Middlewares/Third_Party/FreeRTOS/Source/timers.o
 .text.prvInsertTimerInActiveList
                0x080092b0       0x84 ./Middlewares/Third_Party/FreeRTOS/Source/timers.o
 .text.prvProcessReceivedCommands
                0x08009334      0x1cc ./Middlewares/Third_Party/FreeRTOS/Source/timers.o
 .text.prvSwitchTimerLists
                0x08009500       0xcc ./Middlewares/Third_Party/FreeRTOS/Source/timers.o
 .text.prvCheckForValidListAndQueue
                0x080095cc       0x80 ./Middlewares/Third_Party/FreeRTOS/Source/timers.o
 .text.pxPortInitialiseStack
                0x0800964c       0x68 ./Middlewares/Third_Party/FreeRTOS/Source/portable/GCC/ARM_CM4F/port.o
                0x0800964c                pxPortInitialiseStack
 .text.prvTaskExitError
                0x080096b4       0x5c ./Middlewares/Third_Party/FreeRTOS/Source/portable/GCC/ARM_CM4F/port.o
 .text.SVC_Handler
                0x08009710       0x28 ./Middlewares/Third_Party/FreeRTOS/Source/portable/GCC/ARM_CM4F/port.o
                0x08009710                SVC_Handler
 .text.prvPortStartFirstTask
                0x08009738       0x28 ./Middlewares/Third_Party/FreeRTOS/Source/portable/GCC/ARM_CM4F/port.o
 .text.xPortStartScheduler
                0x08009760      0x148 ./Middlewares/Third_Party/FreeRTOS/Source/portable/GCC/ARM_CM4F/port.o
                0x08009760                xPortStartScheduler
 .text.vPortEnterCritical
                0x080098a8       0x64 ./Middlewares/Third_Party/FreeRTOS/Source/portable/GCC/ARM_CM4F/port.o
                0x080098a8                vPortEnterCritical
 .text.vPortExitCritical
                0x0800990c       0x54 ./Middlewares/Third_Party/FreeRTOS/Source/portable/GCC/ARM_CM4F/port.o
                0x0800990c                vPortExitCritical
 .text.PendSV_Handler
                0x08009960       0x68 ./Middlewares/Third_Party/FreeRTOS/Source/portable/GCC/ARM_CM4F/port.o
                0x08009960                PendSV_Handler
 .text.xPortSysTickHandler
                0x080099c8       0x44 ./Middlewares/Third_Party/FreeRTOS/Source/portable/GCC/ARM_CM4F/port.o
                0x080099c8                xPortSysTickHandler
 .text.vPortSetupTimerInterrupt
                0x08009a0c       0x48 ./Middlewares/Third_Party/FreeRTOS/Source/portable/GCC/ARM_CM4F/port.o
                0x08009a0c                vPortSetupTimerInterrupt
 .text.vPortEnableVFP
                0x08009a54       0x14 ./Middlewares/Third_Party/FreeRTOS/Source/portable/GCC/ARM_CM4F/port.o
 .text.vPortValidateInterruptPriority
                0x08009a68       0x84 ./Middlewares/Third_Party/FreeRTOS/Source/portable/GCC/ARM_CM4F/port.o
                0x08009a68                vPortValidateInterruptPriority
 .text.pvPortMalloc
                0x08009aec      0x19c ./Middlewares/Third_Party/FreeRTOS/Source/portable/MemMang/heap_4.o
                0x08009aec                pvPortMalloc
 .text.vPortFree
                0x08009c88       0xc8 ./Middlewares/Third_Party/FreeRTOS/Source/portable/MemMang/heap_4.o
                0x08009c88                vPortFree
 .text.prvHeapInit
                0x08009d50       0xc4 ./Middlewares/Third_Party/FreeRTOS/Source/portable/MemMang/heap_4.o
 .text.prvInsertBlockIntoFreeList
                0x08009e14       0xb4 ./Middlewares/Third_Party/FreeRTOS/Source/portable/MemMang/heap_4.o
 .text.__malloc_lock
                0x08009ec8        0xc E:/STM32CubeIDE_1.16.1/STM32CubeIDE/plugins/com.st.stm32cube.ide.mcu.externaltools.gnu-tools-for-stm32.14.3.rel1.win32_1.0.100.202602081740/tools/bin/../lib/gcc/arm-none-eabi/14.3.1/../../../../arm-none-eabi/lib/thumb/v7e-m+fp/hard\libc_nano.a(libc_a-mlock.o)
                0x08009ec8                __malloc_lock
 .text.__malloc_unlock
                0x08009ed4        0xc E:/STM32CubeIDE_1.16.1/STM32CubeIDE/plugins/com.st.stm32cube.ide.mcu.externaltools.gnu-tools-for-stm32.14.3.rel1.win32_1.0.100.202602081740/tools/bin/../lib/gcc/arm-none-eabi/14.3.1/../../../../arm-none-eabi/lib/thumb/v7e-m+fp/hard\libc_nano.a(libc_a-mlock.o)
                0x08009ed4                __malloc_unlock
 .text.memset   0x08009ee0       0x10 E:/STM32CubeIDE_1.16.1/STM32CubeIDE/plugins/com.st.stm32cube.ide.mcu.externaltools.gnu-tools-for-stm32.14.3.rel1.win32_1.0.100.202602081740/tools/bin/../lib/gcc/arm-none-eabi/14.3.1/../../../../arm-none-eabi/lib/thumb/v7e-m+fp/hard\libc_nano.a(libc_a-memset.o)
                0x08009ee0                memset
 .text._reclaim_reent
                0x08009ef0       0xbc E:/STM32CubeIDE_1.16.1/STM32CubeIDE/plugins/com.st.stm32cube.ide.mcu.externaltools.gnu-tools-for-stm32.14.3.rel1.win32_1.0.100.202602081740/tools/bin/../lib/gcc/arm-none-eabi/14.3.1/../../../../arm-none-eabi/lib/thumb/v7e-m+fp/hard\libc_nano.a(libc_a-reent.o)
                0x08009ef0                _reclaim_reent
 .text.__libc_init_array
                0x08009fac       0x48 E:/STM32CubeIDE_1.16.1/STM32CubeIDE/plugins/com.st.stm32cube.ide.mcu.externaltools.gnu-tools-for-stm32.14.3.rel1.win32_1.0.100.202602081740/tools/bin/../lib/gcc/arm-none-eabi/14.3.1/../../../../arm-none-eabi/lib/thumb/v7e-m+fp/hard\libc_nano.a(libc_a-init.o)
                0x08009fac                __libc_init_array
 .text.memcpy   0x08009ff4       0x1c E:/STM32CubeIDE_1.16.1/STM32CubeIDE/plugins/com.st.stm32cube.ide.mcu.externaltools.gnu-tools-for-stm32.14.3.rel1.win32_1.0.100.202602081740/tools/bin/../lib/gcc/arm-none-eabi/14.3.1/../../../../arm-none-eabi/lib/thumb/v7e-m+fp/hard\libc_nano.a(libc_a-memcpy-stub.o)
                0x08009ff4                memcpy
 .text._free_r  0x0800a010       0x94 E:/STM32CubeIDE_1.16.1/STM32CubeIDE/plugins/com.st.stm32cube.ide.mcu.externaltools.gnu-tools-for-stm32.14.3.rel1.win32_1.0.100.202602081740/tools/bin/../lib/gcc/arm-none-eabi/14.3.1/../../../../arm-none-eabi/lib/thumb/v7e-m+fp/hard\libc_nano.a(libc_a-freer.o)
                0x0800a010                _free_r
 *(.glue_7)
 .glue_7        0x0800a0a4        0x0 linker stubs
 *(.glue_7t)
 .glue_7t       0x0800a0a4        0x0 linker stubs
 *(.eh_frame)
 .eh_frame      0x0800a0a4        0x0 E:/STM32CubeIDE_1.16.1/STM32CubeIDE/plugins/com.st.stm32cube.ide.mcu.externaltools.gnu-tools-for-stm32.14.3.rel1.win32_1.0.100.202602081740/tools/bin/../lib/gcc/arm-none-eabi/14.3.1/thumb/v7e-m+fp/hard/crtbegin.o
 *(.init)
 .init          0x0800a0a4        0x4 E:/STM32CubeIDE_1.16.1/STM32CubeIDE/plugins/com.st.stm32cube.ide.mcu.externaltools.gnu-tools-for-stm32.14.3.rel1.win32_1.0.100.202602081740/tools/bin/../lib/gcc/arm-none-eabi/14.3.1/thumb/v7e-m+fp/hard/crti.o
                0x0800a0a4                _init
 .init          0x0800a0a8        0x8 E:/STM32CubeIDE_1.16.1/STM32CubeIDE/plugins/com.st.stm32cube.ide.mcu.externaltools.gnu-tools-for-stm32.14.3.rel1.win32_1.0.100.202602081740/tools/bin/../lib/gcc/arm-none-eabi/14.3.1/thumb/v7e-m+fp/hard/crtn.o
 *(.fini)
 .fini          0x0800a0b0        0x4 E:/STM32CubeIDE_1.16.1/STM32CubeIDE/plugins/com.st.stm32cube.ide.mcu.externaltools.gnu-tools-for-stm32.14.3.rel1.win32_1.0.100.202602081740/tools/bin/../lib/gcc/arm-none-eabi/14.3.1/thumb/v7e-m+fp/hard/crti.o
                0x0800a0b0                _fini
 .fini          0x0800a0b4        0x8 E:/STM32CubeIDE_1.16.1/STM32CubeIDE/plugins/com.st.stm32cube.ide.mcu.externaltools.gnu-tools-for-stm32.14.3.rel1.win32_1.0.100.202602081740/tools/bin/../lib/gcc/arm-none-eabi/14.3.1/thumb/v7e-m+fp/hard/crtn.o
                0x0800a0bc                        . = ALIGN (0x4)
                0x0800a0bc                        _etext = .

.vfp11_veneer   0x0800a0bc        0x0
 .vfp11_veneer  0x0800a0bc        0x0 linker stubs

.v4_bx          0x0800a0bc        0x0
 .v4_bx         0x0800a0bc        0x0 linker stubs

.iplt           0x0800a0bc        0x0
 .iplt          0x0800a0bc        0x0 E:/STM32CubeIDE_1.16.1/STM32CubeIDE/plugins/com.st.stm32cube.ide.mcu.externaltools.gnu-tools-for-stm32.14.3.rel1.win32_1.0.100.202602081740/tools/bin/../lib/gcc/arm-none-eabi/14.3.1/thumb/v7e-m+fp/hard/crtbegin.o

.rodata         0x0800a0bc       0x74
                0x0800a0bc                        . = ALIGN (0x4)
 *(.rodata)
 .rodata        0x0800a0bc       0x17 ./Core/Src/main.o
 *fill*         0x0800a0d3        0x1 
 .rodata        0x0800a0d4        0x5 ./Middlewares/Third_Party/FreeRTOS/Source/tasks.o
 *fill*         0x0800a0d9        0x3 
 .rodata        0x0800a0dc        0xd ./Middlewares/Third_Party/FreeRTOS/Source/timers.o
 *(.rodata*)
 *fill*         0x0800a0e9        0x3 
 .rodata.defaultTask_attributes
                0x0800a0ec       0x24 ./Core/Src/main.o
                0x0800a0ec                defaultTask_attributes
 .rodata.AHBPrescTable
                0x0800a110       0x10 ./Core/Src/system_stm32f4xx.o
                0x0800a110                AHBPrescTable
 .rodata.APBPrescTable
                0x0800a120        0x8 ./Core/Src/system_stm32f4xx.o
                0x0800a120                APBPrescTable
 .rodata.flagBitshiftOffset.0
                0x0800a128        0x8 ./Drivers/STM32F4xx_HAL_Driver/Src/stm32f4xx_hal_dma.o
                0x0800a130                        . = ALIGN (0x4)

.ARM.extab      0x0800a130        0x0
                0x0800a130                        . = ALIGN (0x4)
 *(.ARM.extab* .gnu.linkonce.armextab.*)
                0x0800a130                        . = ALIGN (0x4)

.ARM            0x0800a130        0x8
                0x0800a130                        . = ALIGN (0x4)
                0x0800a130                        __exidx_start = .
 *(.ARM.exidx*)
 .ARM.exidx     0x0800a130        0x8 E:/STM32CubeIDE_1.16.1/STM32CubeIDE/plugins/com.st.stm32cube.ide.mcu.externaltools.gnu-tools-for-stm32.14.3.rel1.win32_1.0.100.202602081740/tools/bin/../lib/gcc/arm-none-eabi/14.3.1/thumb/v7e-m+fp/hard\libgcc.a(_udivmoddi4.o)
                0x0800a138                        __exidx_end = .
                0x0800a138                        . = ALIGN (0x4)

.preinit_array  0x0800a138        0x0
                0x0800a138                        . = ALIGN (0x4)
                0x0800a138                        PROVIDE (__preinit_array_start = .)
 *(.preinit_array*)
                0x0800a138                        PROVIDE (__preinit_array_end = .)
                0x0800a138                        . = ALIGN (0x4)

.init_array     0x0800a138        0x4
                0x0800a138                        . = ALIGN (0x4)
                0x0800a138                        PROVIDE (__init_array_start = .)
 *(SORT_BY_NAME(.init_array.*))
 *(.init_array*)
 .init_array    0x0800a138        0x4 E:/STM32CubeIDE_1.16.1/STM32CubeIDE/plugins/com.st.stm32cube.ide.mcu.externaltools.gnu-tools-for-stm32.14.3.rel1.win32_1.0.100.202602081740/tools/bin/../lib/gcc/arm-none-eabi/14.3.1/thumb/v7e-m+fp/hard/crtbegin.o
                0x0800a13c                        PROVIDE (__init_array_end = .)
                0x0800a13c                        . = ALIGN (0x4)

.fini_array     0x0800a13c        0x4
                0x0800a13c                        . = ALIGN (0x4)
                [!provide]                        PROVIDE (__fini_array_start = .)
 *(SORT_BY_NAME(.fini_array.*))
 *(.fini_array*)
 .fini_array    0x0800a13c        0x4 E:/STM32CubeIDE_1.16.1/STM32CubeIDE/plugins/com.st.stm32cube.ide.mcu.externaltools.gnu-tools-for-stm32.14.3.rel1.win32_1.0.100.202602081740/tools/bin/../lib/gcc/arm-none-eabi/14.3.1/thumb/v7e-m+fp/hard/crtbegin.o
                [!provide]                        PROVIDE (__fini_array_end = .)
                0x0800a140                        . = ALIGN (0x4)
                0x0800a140                        _sidata = LOADADDR (.data)

.rel.dyn        0x0800a140        0x0
 .rel.iplt      0x0800a140        0x0 E:/STM32CubeIDE_1.16.1/STM32CubeIDE/plugins/com.st.stm32cube.ide.mcu.externaltools.gnu-tools-for-stm32.14.3.rel1.win32_1.0.100.202602081740/tools/bin/../lib/gcc/arm-none-eabi/14.3.1/thumb/v7e-m+fp/hard/crtbegin.o

.data           0x20000000       0x6c load address 0x0800a140
                0x20000000                        . = ALIGN (0x4)
                0x20000000                        _sdata = .
 *(.data)
 *(.data*)
 .data.isSent   0x20000000        0x1 ./Core/Src/serialControl.o
 *fill*         0x20000001        0x3 
 .data.SystemCoreClock
                0x20000004        0x4 ./Core/Src/system_stm32f4xx.o
                0x20000004                SystemCoreClock
 .data.greenSeconds
                0x20000008        0x4 ./Core/Src/traffic_controller.o
 .data.yellowSeconds
                0x2000000c        0x4 ./Core/Src/traffic_controller.o
 .data.uwTickPrio
                0x20000010        0x4 ./Drivers/STM32F4xx_HAL_Driver/Src/stm32f4xx_hal.o
                0x20000010                uwTickPrio
 .data.uwTickFreq
                0x20000014        0x1 ./Drivers/STM32F4xx_HAL_Driver/Src/stm32f4xx_hal.o
                0x20000014                uwTickFreq
 *fill*         0x20000015        0x3 
 .data.uxCriticalNesting
                0x20000018        0x4 ./Middlewares/Third_Party/FreeRTOS/Source/portable/GCC/ARM_CM4F/port.o
 .data._impure_ptr
                0x2000001c        0x4 E:/STM32CubeIDE_1.16.1/STM32CubeIDE/plugins/com.st.stm32cube.ide.mcu.externaltools.gnu-tools-for-stm32.14.3.rel1.win32_1.0.100.202602081740/tools/bin/../lib/gcc/arm-none-eabi/14.3.1/../../../../arm-none-eabi/lib/thumb/v7e-m+fp/hard\libc_nano.a(libc_a-impure.o)
                0x2000001c                _impure_ptr
 .data._impure_data
                0x20000020       0x4c E:/STM32CubeIDE_1.16.1/STM32CubeIDE/plugins/com.st.stm32cube.ide.mcu.externaltools.gnu-tools-for-stm32.14.3.rel1.win32_1.0.100.202602081740/tools/bin/../lib/gcc/arm-none-eabi/14.3.1/../../../../arm-none-eabi/lib/thumb/v7e-m+fp/hard\libc_nano.a(libc_a-impure.o)
                0x20000020                _impure_data
 *(.RamFunc)
 *(.RamFunc*)
                0x2000006c                        . = ALIGN (0x4)
                0x2000006c                        _edata = .

.igot.plt       0x2000006c        0x0 load address 0x0800a1ac
 .igot.plt      0x2000006c        0x0 E:/STM32CubeIDE_1.16.1/STM32CubeIDE/plugins/com.st.stm32cube.ide.mcu.externaltools.gnu-tools-for-stm32.14.3.rel1.win32_1.0.100.202602081740/tools/bin/../lib/gcc/arm-none-eabi/14.3.1/thumb/v7e-m+fp/hard/crtbegin.o
                0x2000006c                        . = ALIGN (0x4)

.bss            0x2000006c     0x4cb4 load address 0x0800a1ac
                0x2000006c                        _sbss = .
                0x2000006c                        __bss_start__ = _sbss
 *(.bss)
 .bss           0x2000006c       0x1c E:/STM32CubeIDE_1.16.1/STM32CubeIDE/plugins/com.st.stm32cube.ide.mcu.externaltools.gnu-tools-for-stm32.14.3.rel1.win32_1.0.100.202602081740/tools/bin/../lib/gcc/arm-none-eabi/14.3.1/thumb/v7e-m+fp/hard/crtbegin.o
 *(.bss*)
 .bss._ds3231_ui2c
                0x20000088        0x4 ./Core/Src/ds3231.o
                0x20000088                _ds3231_ui2c
 .bss.hi2c1     0x2000008c       0x54 ./Core/Src/main.o
                0x2000008c                hi2c1
 .bss.huart1    0x200000e0       0x48 ./Core/Src/main.o
                0x200000e0                huart1
 .bss.hdma_usart1_rx
                0x20000128       0x60 ./Core/Src/main.o
                0x20000128                hdma_usart1_rx
 .bss.defaultTaskHandle
                0x20000188        0x4 ./Core/Src/main.o
                0x20000188                defaultTaskHandle
 .bss.time      0x2000018c        0x8 ./Core/Src/main.o
                0x2000018c                time
 .bss.trafficTaskHandle
                0x20000194        0x4 ./Core/Src/main.o
                0x20000194                trafficTaskHandle
 .bss.rtcTickSemaphore
                0x20000198        0x4 ./Core/Src/rtc_manager.o
                0x20000198                rtcTickSemaphore
 .bss._hi2c     0x2000019c        0x4 ./Core/Src/rtc_manager.o
 .bss.htim1     0x200001a0       0x48 ./Core/Src/stm32f4xx_hal_timebase_tim.o
                0x200001a0                htim1
 .bss.timingMode
                0x200001e8        0x1 ./Core/Src/traffic_controller.o
 *fill*         0x200001e9        0x3 
 .bss.__lock___malloc_recursive_mutex
                0x200001ec        0xc ./Core/ThreadSafe/newlib_lock_glue.o
                0x200001ec                __lock___malloc_recursive_mutex
 .bss.uwTick    0x200001f8        0x4 ./Drivers/STM32F4xx_HAL_Driver/Src/stm32f4xx_hal.o
                0x200001f8                uwTick
 .bss.KernelState
                0x200001fc        0x4 ./Middlewares/Third_Party/FreeRTOS/Source/CMSIS_RTOS_V2/cmsis_os2.o
 .bss.Idle_TCB.3
                0x20000200       0xa8 ./Middlewares/Third_Party/FreeRTOS/Source/CMSIS_RTOS_V2/cmsis_os2.o
 .bss.Idle_Stack.2
                0x200002a8      0x200 ./Middlewares/Third_Party/FreeRTOS/Source/CMSIS_RTOS_V2/cmsis_os2.o
 .bss.Timer_TCB.1
                0x200004a8       0xa8 ./Middlewares/Third_Party/FreeRTOS/Source/CMSIS_RTOS_V2/cmsis_os2.o
 .bss.Timer_Stack.0
                0x20000550      0x400 ./Middlewares/Third_Party/FreeRTOS/Source/CMSIS_RTOS_V2/cmsis_os2.o
 .bss.xQueueRegistry
                0x20000950       0x40 ./Middlewares/Third_Party/FreeRTOS/Source/queue.o
                0x20000950                xQueueRegistry
 .bss.pxCurrentTCB
                0x20000990        0x4 ./Middlewares/Third_Party/FreeRTOS/Source/tasks.o
                0x20000990                pxCurrentTCB
 .bss.pxReadyTasksLists
                0x20000994      0x460 ./Middlewares/Third_Party/FreeRTOS/Source/tasks.o
 .bss.xDelayedTaskList1
                0x20000df4       0x14 ./Middlewares/Third_Party/FreeRTOS/Source/tasks.o
 .bss.xDelayedTaskList2
                0x20000e08       0x14 ./Middlewares/Third_Party/FreeRTOS/Source/tasks.o
 .bss.pxDelayedTaskList
                0x20000e1c        0x4 ./Middlewares/Third_Party/FreeRTOS/Source/tasks.o
 .bss.pxOverflowDelayedTaskList
                0x20000e20        0x4 ./Middlewares/Third_Party/FreeRTOS/Source/tasks.o
 .bss.xPendingReadyList
                0x20000e24       0x14 ./Middlewares/Third_Party/FreeRTOS/Source/tasks.o
 .bss.xTasksWaitingTermination
                0x20000e38       0x14 ./Middlewares/Third_Party/FreeRTOS/Source/tasks.o
 .bss.uxDeletedTasksWaitingCleanUp
                0x20000e4c        0x4 ./Middlewares/Third_Party/FreeRTOS/Source/tasks.o
 .bss.xSuspendedTaskList
                0x20000e50       0x14 ./Middlewares/Third_Party/FreeRTOS/Source/tasks.o
 .bss.uxCurrentNumberOfTasks
                0x20000e64        0x4 ./Middlewares/Third_Party/FreeRTOS/Source/tasks.o
 .bss.xTickCount
                0x20000e68        0x4 ./Middlewares/Third_Party/FreeRTOS/Source/tasks.o
 .bss.uxTopReadyPriority
                0x20000e6c        0x4 ./Middlewares/Third_Party/FreeRTOS/Source/tasks.o
 .bss.xSchedulerRunning
                0x20000e70        0x4 ./Middlewares/Third_Party/FreeRTOS/Source/tasks.o
 .bss.xPendedTicks
                0x20000e74        0x4 ./Middlewares/Third_Party/FreeRTOS/Source/tasks.o
 .bss.xYieldPending
                0x20000e78        0x4 ./Middlewares/Third_Party/FreeRTOS/Source/tasks.o
 .bss.xNumOfOverflows
                0x20000e7c        0x4 ./Middlewares/Third_Party/FreeRTOS/Source/tasks.o
 .bss.uxTaskNumber
                0x20000e80        0x4 ./Middlewares/Third_Party/FreeRTOS/Source/tasks.o
 .bss.xNextTaskUnblockTime
                0x20000e84        0x4 ./Middlewares/Third_Party/FreeRTOS/Source/tasks.o
 .bss.xIdleTaskHandle
                0x20000e88        0x4 ./Middlewares/Third_Party/FreeRTOS/Source/tasks.o
 .bss.uxSchedulerSuspended
                0x20000e8c        0x4 ./Middlewares/Third_Party/FreeRTOS/Source/tasks.o
 .bss.xActiveTimerList1
                0x20000e90       0x14 ./Middlewares/Third_Party/FreeRTOS/Source/timers.o
 .bss.xActiveTimerList2
                0x20000ea4       0x14 ./Middlewares/Third_Party/FreeRTOS/Source/timers.o
 .bss.pxCurrentTimerList
                0x20000eb8        0x4 ./Middlewares/Third_Party/FreeRTOS/Source/timers.o
 .bss.pxOverflowTimerList
                0x20000ebc        0x4 ./Middlewares/Third_Party/FreeRTOS/Source/timers.o
 .bss.xTimerQueue
                0x20000ec0        0x4 ./Middlewares/Third_Party/FreeRTOS/Source/timers.o
 .bss.xTimerTaskHandle
                0x20000ec4        0x4 ./Middlewares/Third_Party/FreeRTOS/Source/timers.o
 .bss.xLastTime.2
                0x20000ec8        0x4 ./Middlewares/Third_Party/FreeRTOS/Source/timers.o
 .bss.ucStaticTimerQueueStorage.1
                0x20000ecc       0xa0 ./Middlewares/Third_Party/FreeRTOS/Source/timers.o
 .bss.xStaticTimerQueue.0
                0x20000f6c       0x50 ./Middlewares/Third_Party/FreeRTOS/Source/timers.o
 .bss.ucMaxSysCallPriority
                0x20000fbc        0x1 ./Middlewares/Third_Party/FreeRTOS/Source/portable/GCC/ARM_CM4F/port.o
 *fill*         0x20000fbd        0x3 
 .bss.ulMaxPRIGROUPValue
                0x20000fc0        0x4 ./Middlewares/Third_Party/FreeRTOS/Source/portable/GCC/ARM_CM4F/port.o
 .bss.ucHeap    0x20000fc4     0x3c00 ./Middlewares/Third_Party/FreeRTOS/Source/portable/MemMang/heap_4.o
 .bss.xStart    0x20004bc4        0x8 ./Middlewares/Third_Party/FreeRTOS/Source/portable/MemMang/heap_4.o
 .bss.pxEnd     0x20004bcc        0x4 ./Middlewares/Third_Party/FreeRTOS/Source/portable/MemMang/heap_4.o
 .bss.xFreeBytesRemaining
                0x20004bd0        0x4 ./Middlewares/Third_Party/FreeRTOS/Source/portable/MemMang/heap_4.o
 .bss.xMinimumEverFreeBytesRemaining
                0x20004bd4        0x4 ./Middlewares/Third_Party/FreeRTOS/Source/portable/MemMang/heap_4.o
 .bss.xNumberOfSuccessfulAllocations
                0x20004bd8        0x4 ./Middlewares/Third_Party/FreeRTOS/Source/portable/MemMang/heap_4.o
 .bss.xNumberOfSuccessfulFrees
                0x20004bdc        0x4 ./Middlewares/Third_Party/FreeRTOS/Source/portable/MemMang/heap_4.o
 .bss.xBlockAllocatedBit
                0x20004be0        0x4 ./Middlewares/Third_Party/FreeRTOS/Source/portable/MemMang/heap_4.o
 .bss.__malloc_free_list
                0x20004be4        0x4 E:/STM32CubeIDE_1.16.1/STM32CubeIDE/plugins/com.st.stm32cube.ide.mcu.externaltools.gnu-tools-for-stm32.14.3.rel1.win32_1.0.100.202602081740/tools/bin/../lib/gcc/arm-none-eabi/14.3.1/../../../../arm-none-eabi/lib/thumb/v7e-m+fp/hard\libc_nano.a(libc_a-mallocr.o)
                0x20004be4                __malloc_free_list
 .bss.__sf      0x20004be8      0x138 E:/STM32CubeIDE_1.16.1/STM32CubeIDE/plugins/com.st.stm32cube.ide.mcu.externaltools.gnu-tools-for-stm32.14.3.rel1.win32_1.0.100.202602081740/tools/bin/../lib/gcc/arm-none-eabi/14.3.1/../../../../arm-none-eabi/lib/thumb/v7e-m+fp/hard\libc_nano.a(libc_a-findfp.o)
                0x20004be8                __sf
 *(COMMON)
                0x20004d20                        . = ALIGN (0x4)
                0x20004d20                        _ebss = .
                0x20004d20                        __bss_end__ = _ebss

._user_heap_stack
                0x20004d20      0x600 load address 0x0800a1ac
                0x20004d20                        . = ALIGN (0x8)
                [!provide]                        PROVIDE (end = .)
                0x20004d20                        PROVIDE (_end = .)
                0x20004f20                        . = (. + _Min_Heap_Size)
 *fill*         0x20004d20      0x200 
                0x20005320                        . = (. + _Min_Stack_Size)
 *fill*         0x20004f20      0x400 
                0x20005320                        . = ALIGN (0x8)

/DISCARD/
 libc.a(*)
 libm.a(*)
 libgcc.a(*)

.ARM.attributes
                0x00000000       0x30
 *(.ARM.attributes)
 .ARM.attributes
                0x00000000       0x22 E:/STM32CubeIDE_1.16.1/STM32CubeIDE/plugins/com.st.stm32cube.ide.mcu.externaltools.gnu-tools-for-stm32.14.3.rel1.win32_1.0.100.202602081740/tools/bin/../lib/gcc/arm-none-eabi/14.3.1/thumb/v7e-m+fp/hard/crti.o
 .ARM.attributes
                0x00000022       0x34 E:/STM32CubeIDE_1.16.1/STM32CubeIDE/plugins/com.st.stm32cube.ide.mcu.externaltools.gnu-tools-for-stm32.14.3.rel1.win32_1.0.100.202602081740/tools/bin/../lib/gcc/arm-none-eabi/14.3.1/thumb/v7e-m+fp/hard/crtbegin.o
 .ARM.attributes
                0x00000056       0x34 ./Core/Src/ds3231.o
 .ARM.attributes
                0x0000008a       0x34 ./Core/Src/main.o
 .ARM.attributes
                0x000000be       0x34 ./Core/Src/rtc_manager.o
 .ARM.attributes
                0x000000f2       0x34 ./Core/Src/serialControl.o
 .ARM.attributes
                0x00000126       0x34 ./Core/Src/stm32f4xx_hal_msp.o
 .ARM.attributes
                0x0000015a       0x34 ./Core/Src/stm32f4xx_hal_timebase_tim.o
 .ARM.attributes
                0x0000018e       0x34 ./Core/Src/stm32f4xx_it.o
 .ARM.attributes
                0x000001c2       0x34 ./Core/Src/system_stm32f4xx.o
 .ARM.attributes
                0x000001f6       0x34 ./Core/Src/traffic_controller.o
 .ARM.attributes
                0x0000022a       0x21 ./Core/Startup/startup_stm32f401rctx.o
 .ARM.attributes
                0x0000024b       0x34 ./Core/ThreadSafe/newlib_lock_glue.o
 .ARM.attributes
                0x0000027f       0x34 ./Drivers/STM32F4xx_HAL_Driver/Src/stm32f4xx_hal.o
 .ARM.attributes
                0x000002b3       0x34 ./Drivers/STM32F4xx_HAL_Driver/Src/stm32f4xx_hal_cortex.o
 .ARM.attributes
                0x000002e7       0x34 ./Drivers/STM32F4xx_HAL_Driver/Src/stm32f4xx_hal_dma.o
 .ARM.attributes
                0x0000031b       0x34 ./Drivers/STM32F4xx_HAL_Driver/Src/stm32f4xx_hal_gpio.o
 .ARM.attributes
                0x0000034f       0x34 ./Drivers/STM32F4xx_HAL_Driver/Src/stm32f4xx_hal_i2c.o
 .ARM.attributes
                0x00000383       0x34 ./Drivers/STM32F4xx_HAL_Driver/Src/stm32f4xx_hal_rcc.o
 .ARM.attributes
                0x000003b7       0x34 ./Drivers/STM32F4xx_HAL_Driver/Src/stm32f4xx_hal_tim.o
 .ARM.attributes
                0x000003eb       0x34 ./Drivers/STM32F4xx_HAL_Driver/Src/stm32f4xx_hal_tim_ex.o
 .ARM.attributes
                0x0000041f       0x34 ./Drivers/STM32F4xx_HAL_Driver/Src/stm32f4xx_hal_uart.o
 .ARM.attributes
                0x00000453       0x34 ./Middlewares/Third_Party/FreeRTOS/Source/CMSIS_RTOS_V2/cmsis_os2.o
 .ARM.attributes
                0x00000487       0x34 ./Middlewares/Third_Party/FreeRTOS/Source/list.o
 .ARM.attributes
                0x000004bb       0x34 ./Middlewares/Third_Party/FreeRTOS/Source/queue.o
 .ARM.attributes
                0x000004ef       0x34 ./Middlewares/Third_Party/FreeRTOS/Source/tasks.o
 .ARM.attributes
                0x00000523       0x34 ./Middlewares/Third_Party/FreeRTOS/Source/timers.o
 .ARM.attributes
                0x00000557       0x34 ./Middlewares/Third_Party/FreeRTOS/Source/portable/GCC/ARM_CM4F/port.o
 .ARM.attributes
                0x0000058b       0x34 ./Middlewares/Third_Party/FreeRTOS/Source/portable/MemMang/heap_4.o
 .ARM.attributes
                0x000005bf       0x34 E:/STM32CubeIDE_1.16.1/STM32CubeIDE/plugins/com.st.stm32cube.ide.mcu.externaltools.gnu-tools-for-stm32.14.3.rel1.win32_1.0.100.202602081740/tools/bin/../lib/gcc/arm-none-eabi/14.3.1/../../../../arm-none-eabi/lib/thumb/v7e-m+fp/hard\libc_nano.a(libc_a-mallocr.o)
 .ARM.attributes
                0x000005f3       0x34 E:/STM32CubeIDE_1.16.1/STM32CubeIDE/plugins/com.st.stm32cube.ide.mcu.externaltools.gnu-tools-for-stm32.14.3.rel1.win32_1.0.100.202602081740/tools/bin/../lib/gcc/arm-none-eabi/14.3.1/../../../../arm-none-eabi/lib/thumb/v7e-m+fp/hard\libc_nano.a(libc_a-mlock.o)
 .ARM.attributes
                0x00000627       0x34 E:/STM32CubeIDE_1.16.1/STM32CubeIDE/plugins/com.st.stm32cube.ide.mcu.externaltools.gnu-tools-for-stm32.14.3.rel1.win32_1.0.100.202602081740/tools/bin/../lib/gcc/arm-none-eabi/14.3.1/../../../../arm-none-eabi/lib/thumb/v7e-m+fp/hard\libc_nano.a(libc_a-findfp.o)
 .ARM.attributes
                0x0000065b       0x34 E:/STM32CubeIDE_1.16.1/STM32CubeIDE/plugins/com.st.stm32cube.ide.mcu.externaltools.gnu-tools-for-stm32.14.3.rel1.win32_1.0.100.202602081740/tools/bin/../lib/gcc/arm-none-eabi/14.3.1/../../../../arm-none-eabi/lib/thumb/v7e-m+fp/hard\libc_nano.a(libc_a-memset.o)
 .ARM.attributes
                0x0000068f       0x34 E:/STM32CubeIDE_1.16.1/STM32CubeIDE/plugins/com.st.stm32cube.ide.mcu.externaltools.gnu-tools-for-stm32.14.3.rel1.win32_1.0.100.202602081740/tools/bin/../lib/gcc/arm-none-eabi/14.3.1/../../../../arm-none-eabi/lib/thumb/v7e-m+fp/hard\libc_nano.a(libc_a-reent.o)
 .ARM.attributes
                0x000006c3       0x34 E:/STM32CubeIDE_1.16.1/STM32CubeIDE/plugins/com.st.stm32cube.ide.mcu.externaltools.gnu-tools-for-stm32.14.3.rel1.win32_1.0.100.202602081740/tools/bin/../lib/gcc/arm-none-eabi/14.3.1/../../../../arm-none-eabi/lib/thumb/v7e-m+fp/hard\libc_nano.a(libc_a-impure.o)
 .ARM.attributes
                0x000006f7       0x34 E:/STM32CubeIDE_1.16.1/STM32CubeIDE/plugins/com.st.stm32cube.ide.mcu.externaltools.gnu-tools-for-stm32.14.3.rel1.win32_1.0.100.202602081740/tools/bin/../lib/gcc/arm-none-eabi/14.3.1/../../../../arm-none-eabi/lib/thumb/v7e-m+fp/hard\libc_nano.a(libc_a-init.o)
 .ARM.attributes
                0x0000072b       0x34 E:/STM32CubeIDE_1.16.1/STM32CubeIDE/plugins/com.st.stm32cube.ide.mcu.externaltools.gnu-tools-for-stm32.14.3.rel1.win32_1.0.100.202602081740/tools/bin/../lib/gcc/arm-none-eabi/14.3.1/../../../../arm-none-eabi/lib/thumb/v7e-m+fp/hard\libc_nano.a(libc_a-memcpy-stub.o)
 .ARM.attributes
                0x0000075f       0x34 E:/STM32CubeIDE_1.16.1/STM32CubeIDE/plugins/com.st.stm32cube.ide.mcu.externaltools.gnu-tools-for-stm32.14.3.rel1.win32_1.0.100.202602081740/tools/bin/../lib/gcc/arm-none-eabi/14.3.1/../../../../arm-none-eabi/lib/thumb/v7e-m+fp/hard\libc_nano.a(libc_a-freer.o)
 .ARM.attributes
                0x00000793       0x22 E:/STM32CubeIDE_1.16.1/STM32CubeIDE/plugins/com.st.stm32cube.ide.mcu.externaltools.gnu-tools-for-stm32.14.3.rel1.win32_1.0.100.202602081740/tools/bin/../lib/gcc/arm-none-eabi/14.3.1/thumb/v7e-m+fp/hard\libgcc.a(_aeabi_uldivmod.o)
 .ARM.attributes
                0x000007b5       0x34 E:/STM32CubeIDE_1.16.1/STM32CubeIDE/plugins/com.st.stm32cube.ide.mcu.externaltools.gnu-tools-for-stm32.14.3.rel1.win32_1.0.100.202602081740/tools/bin/../lib/gcc/arm-none-eabi/14.3.1/thumb/v7e-m+fp/hard\libgcc.a(_udivmoddi4.o)
 .ARM.attributes
                0x000007e9       0x22 E:/STM32CubeIDE_1.16.1/STM32CubeIDE/plugins/com.st.stm32cube.ide.mcu.externaltools.gnu-tools-for-stm32.14.3.rel1.win32_1.0.100.202602081740/tools/bin/../lib/gcc/arm-none-eabi/14.3.1/thumb/v7e-m+fp/hard\libgcc.a(_dvmd_tls.o)
 .ARM.attributes
                0x0000080b       0x22 E:/STM32CubeIDE_1.16.1/STM32CubeIDE/plugins/com.st.stm32cube.ide.mcu.externaltools.gnu-tools-for-stm32.14.3.rel1.win32_1.0.100.202602081740/tools/bin/../lib/gcc/arm-none-eabi/14.3.1/thumb/v7e-m+fp/hard/crtn.o
OUTPUT(stm32-controller-v3.elf elf32-littlearm)
LOAD linker stubs
LOAD E:/STM32CubeIDE_1.16.1/STM32CubeIDE/plugins/com.st.stm32cube.ide.mcu.externaltools.gnu-tools-for-stm32.14.3.rel1.win32_1.0.100.202602081740/tools/bin/../lib/gcc/arm-none-eabi/14.3.1/../../../../arm-none-eabi/lib/thumb/v7e-m+fp/hard\libc.a
LOAD E:/STM32CubeIDE_1.16.1/STM32CubeIDE/plugins/com.st.stm32cube.ide.mcu.externaltools.gnu-tools-for-stm32.14.3.rel1.win32_1.0.100.202602081740/tools/bin/../lib/gcc/arm-none-eabi/14.3.1/../../../../arm-none-eabi/lib/thumb/v7e-m+fp/hard\libm.a
LOAD E:/STM32CubeIDE_1.16.1/STM32CubeIDE/plugins/com.st.stm32cube.ide.mcu.externaltools.gnu-tools-for-stm32.14.3.rel1.win32_1.0.100.202602081740/tools/bin/../lib/gcc/arm-none-eabi/14.3.1/thumb/v7e-m+fp/hard\libgcc.a

.debug_info     0x00000000    0x1dbe6
 .debug_info    0x00000000     0x10cc ./Core/Src/ds3231.o
 .debug_info    0x000010cc     0x187a ./Core/Src/main.o
 .debug_info    0x00002946      0x8cf ./Core/Src/rtc_manager.o
 .debug_info    0x00003215      0x652 ./Core/Src/serialControl.o
 .debug_info    0x00003867      0xea0 ./Core/Src/stm32f4xx_hal_msp.o
 .debug_info    0x00004707      0xb6f ./Core/Src/stm32f4xx_hal_timebase_tim.o
 .debug_info    0x00005276      0xcb4 ./Core/Src/stm32f4xx_it.o
 .debug_info    0x00005f2a      0x53e ./Core/Src/system_stm32f4xx.o
 .debug_info    0x00006468      0x370 ./Core/Src/traffic_controller.o
 .debug_info    0x000067d8       0x30 ./Core/Startup/startup_stm32f401rctx.o
 .debug_info    0x00006808      0x704 ./Core/ThreadSafe/newlib_lock_glue.o
 .debug_info    0x00006f0c      0x8bb ./Drivers/STM32F4xx_HAL_Driver/Src/stm32f4xx_hal.o
 .debug_info    0x000077c7      0xcf6 ./Drivers/STM32F4xx_HAL_Driver/Src/stm32f4xx_hal_cortex.o
 .debug_info    0x000084bd      0x8e6 ./Drivers/STM32F4xx_HAL_Driver/Src/stm32f4xx_hal_dma.o
 .debug_info    0x00008da3      0x6f9 ./Drivers/STM32F4xx_HAL_Driver/Src/stm32f4xx_hal_gpio.o
 .debug_info    0x0000949c     0x2426 ./Drivers/STM32F4xx_HAL_Driver/Src/stm32f4xx_hal_i2c.o
 .debug_info    0x0000b8c2      0x905 ./Drivers/STM32F4xx_HAL_Driver/Src/stm32f4xx_hal_rcc.o
 .debug_info    0x0000c1c7     0x2996 ./Drivers/STM32F4xx_HAL_Driver/Src/stm32f4xx_hal_tim.o
 .debug_info    0x0000eb5d     0x14d4 ./Drivers/STM32F4xx_HAL_Driver/Src/stm32f4xx_hal_tim_ex.o
 .debug_info    0x00010031     0x2f56 ./Drivers/STM32F4xx_HAL_Driver/Src/stm32f4xx_hal_uart.o
 .debug_info    0x00012f87     0x4073 ./Middlewares/Third_Party/FreeRTOS/Source/CMSIS_RTOS_V2/cmsis_os2.o
 .debug_info    0x00016ffa      0x2af ./Middlewares/Third_Party/FreeRTOS/Source/list.o
 .debug_info    0x000172a9     0x1b79 ./Middlewares/Third_Party/FreeRTOS/Source/queue.o
 .debug_info    0x00018e22     0x28c1 ./Middlewares/Third_Party/FreeRTOS/Source/tasks.o
 .debug_info    0x0001b6e3     0x1b50 ./Middlewares/Third_Party/FreeRTOS/Source/timers.o
 .debug_info    0x0001d233      0x4de ./Middlewares/Third_Party/FreeRTOS/Source/portable/GCC/ARM_CM4F/port.o
 .debug_info    0x0001d711      0x4d5 ./Middlewares/Third_Party/FreeRTOS/Source/portable/MemMang/heap_4.o

.debug_abbrev   0x00000000     0x42a9
 .debug_abbrev  0x00000000      0x308 ./Core/Src/ds3231.o
 .debug_abbrev  0x00000308      0x31d ./Core/Src/main.o
 .debug_abbrev  0x00000625      0x245 ./Core/Src/rtc_manager.o
 .debug_abbrev  0x0000086a      0x195 ./Core/Src/serialControl.o
 .debug_abbrev  0x000009ff      0x20a ./Core/Src/stm32f4xx_hal_msp.o
 .debug_abbrev  0x00000c09      0x207 ./Core/Src/stm32f4xx_hal_timebase_tim.o
 .debug_abbrev  0x00000e10      0x1c9 ./Core/Src/stm32f4xx_it.o
 .debug_abbrev  0x00000fd9      0x11a ./Core/Src/system_stm32f4xx.o
 .debug_abbrev  0x000010f3      0x207 ./Core/Src/traffic_controller.o
 .debug_abbrev  0x000012fa       0x24 ./Core/Startup/startup_stm32f401rctx.o
 .debug_abbrev  0x0000131e      0x2af ./Core/ThreadSafe/newlib_lock_glue.o
 .debug_abbrev  0x000015cd      0x24b ./Drivers/STM32F4xx_HAL_Driver/Src/stm32f4xx_hal.o
 .debug_abbrev  0x00001818      0x31d ./Drivers/STM32F4xx_HAL_Driver/Src/stm32f4xx_hal_cortex.o
 .debug_abbrev  0x00001b35      0x221 ./Drivers/STM32F4xx_HAL_Driver/Src/stm32f4xx_hal_dma.o
 .debug_abbrev  0x00001d56      0x1d3 ./Drivers/STM32F4xx_HAL_Driver/Src/stm32f4xx_hal_gpio.o
 .debug_abbrev  0x00001f29      0x2bc ./Drivers/STM32F4xx_HAL_Driver/Src/stm32f4xx_hal_i2c.o
 .debug_abbrev  0x000021e5      0x2b6 ./Drivers/STM32F4xx_HAL_Driver/Src/stm32f4xx_hal_rcc.o
 .debug_abbrev  0x0000249b      0x28b ./Drivers/STM32F4xx_HAL_Driver/Src/stm32f4xx_hal_tim.o
 .debug_abbrev  0x00002726      0x296 ./Drivers/STM32F4xx_HAL_Driver/Src/stm32f4xx_hal_tim_ex.o
 .debug_abbrev  0x000029bc      0x31b ./Drivers/STM32F4xx_HAL_Driver/Src/stm32f4xx_hal_uart.o
 .debug_abbrev  0x00002cd7      0x548 ./Middlewares/Third_Party/FreeRTOS/Source/CMSIS_RTOS_V2/cmsis_os2.o
 .debug_abbrev  0x0000321f       0xf5 ./Middlewares/Third_Party/FreeRTOS/Source/list.o
 .debug_abbrev  0x00003314      0x3b6 ./Middlewares/Third_Party/FreeRTOS/Source/queue.o
 .debug_abbrev  0x000036ca      0x3fe ./Middlewares/Third_Party/FreeRTOS/Source/tasks.o
 .debug_abbrev  0x00003ac8      0x368 ./Middlewares/Third_Party/FreeRTOS/Source/timers.o
 .debug_abbrev  0x00003e30      0x25c ./Middlewares/Third_Party/FreeRTOS/Source/portable/GCC/ARM_CM4F/port.o
 .debug_abbrev  0x0000408c      0x21d ./Middlewares/Third_Party/FreeRTOS/Source/portable/MemMang/heap_4.o

.debug_aranges  0x00000000     0x1a40
 .debug_aranges
                0x00000000      0x1a8 ./Core/Src/ds3231.o
 .debug_aranges
                0x000001a8       0x68 ./Core/Src/main.o
 .debug_aranges
                0x00000210       0x48 ./Core/Src/rtc_manager.o
 .debug_aranges
                0x00000258       0x28 ./Core/Src/serialControl.o
 .debug_aranges
                0x00000280       0x40 ./Core/Src/stm32f4xx_hal_msp.o
 .debug_aranges
                0x000002c0       0x30 ./Core/Src/stm32f4xx_hal_timebase_tim.o
 .debug_aranges
                0x000002f0       0x88 ./Core/Src/stm32f4xx_it.o
 .debug_aranges
                0x00000378       0x28 ./Core/Src/system_stm32f4xx.o
 .debug_aranges
                0x000003a0       0x48 ./Core/Src/traffic_controller.o
 .debug_aranges
                0x000003e8       0x28 ./Core/Startup/startup_stm32f401rctx.o
 .debug_aranges
                0x00000410       0xa0 ./Core/ThreadSafe/newlib_lock_glue.o
 .debug_aranges
                0x000004b0       0xf0 ./Drivers/STM32F4xx_HAL_Driver/Src/stm32f4xx_hal.o
 .debug_aranges
                0x000005a0      0x130 ./Drivers/STM32F4xx_HAL_Driver/Src/stm32f4xx_hal_cortex.o
 .debug_aranges
                0x000006d0       0x90 ./Drivers/STM32F4xx_HAL_Driver/Src/stm32f4xx_hal_dma.o
 .debug_aranges
                0x00000760       0x58 ./Drivers/STM32F4xx_HAL_Driver/Src/stm32f4xx_hal_gpio.o
 .debug_aranges
                0x000007b8      0x2a8 ./Drivers/STM32F4xx_HAL_Driver/Src/stm32f4xx_hal_i2c.o
 .debug_aranges
                0x00000a60       0x88 ./Drivers/STM32F4xx_HAL_Driver/Src/stm32f4xx_hal_rcc.o
 .debug_aranges
                0x00000ae8      0x3d0 ./Drivers/STM32F4xx_HAL_Driver/Src/stm32f4xx_hal_tim.o
 .debug_aranges
                0x00000eb8      0x168 ./Drivers/STM32F4xx_HAL_Driver/Src/stm32f4xx_hal_tim_ex.o
 .debug_aranges
                0x00001020      0x208 ./Drivers/STM32F4xx_HAL_Driver/Src/stm32f4xx_hal_uart.o
 .debug_aranges
                0x00001228      0x2b0 ./Middlewares/Third_Party/FreeRTOS/Source/CMSIS_RTOS_V2/cmsis_os2.o
 .debug_aranges
                0x000014d8       0x40 ./Middlewares/Third_Party/FreeRTOS/Source/list.o
 .debug_aranges
                0x00001518      0x158 ./Middlewares/Third_Party/FreeRTOS/Source/queue.o
 .debug_aranges
                0x00001670      0x208 ./Middlewares/Third_Party/FreeRTOS/Source/tasks.o
 .debug_aranges
                0x00001878       0xf0 ./Middlewares/Third_Party/FreeRTOS/Source/timers.o
 .debug_aranges
                0x00001968       0x80 ./Middlewares/Third_Party/FreeRTOS/Source/portable/GCC/ARM_CM4F/port.o
 .debug_aranges
                0x000019e8       0x58 ./Middlewares/Third_Party/FreeRTOS/Source/portable/MemMang/heap_4.o

.debug_rnglists
                0x00000000     0x1471
 .debug_rnglists
                0x00000000      0x13c ./Core/Src/ds3231.o
 .debug_rnglists
                0x0000013c       0x4c ./Core/Src/main.o
 .debug_rnglists
                0x00000188       0x31 ./Core/Src/rtc_manager.o
 .debug_rnglists
                0x000001b9       0x19 ./Core/Src/serialControl.o
 .debug_rnglists
                0x000001d2       0x2d ./Core/Src/stm32f4xx_hal_msp.o
 .debug_rnglists
                0x000001ff       0x20 ./Core/Src/stm32f4xx_hal_timebase_tim.o
 .debug_rnglists
                0x0000021f       0x61 ./Core/Src/stm32f4xx_it.o
 .debug_rnglists
                0x00000280       0x1a ./Core/Src/system_stm32f4xx.o
 .debug_rnglists
                0x0000029a       0x32 ./Core/Src/traffic_controller.o
 .debug_rnglists
                0x000002cc       0x19 ./Core/Startup/startup_stm32f401rctx.o
 .debug_rnglists
                0x000002e5       0x74 ./Core/ThreadSafe/newlib_lock_glue.o
 .debug_rnglists
                0x00000359       0xaf ./Drivers/STM32F4xx_HAL_Driver/Src/stm32f4xx_hal.o
 .debug_rnglists
                0x00000408       0xe0 ./Drivers/STM32F4xx_HAL_Driver/Src/stm32f4xx_hal_cortex.o
 .debug_rnglists
                0x000004e8       0x70 ./Drivers/STM32F4xx_HAL_Driver/Src/stm32f4xx_hal_dma.o
 .debug_rnglists
                0x00000558       0x3f ./Drivers/STM32F4xx_HAL_Driver/Src/stm32f4xx_hal_gpio.o
 .debug_rnglists
                0x00000597      0x23c ./Drivers/STM32F4xx_HAL_Driver/Src/stm32f4xx_hal_i2c.o
 .debug_rnglists
                0x000007d3       0x66 ./Drivers/STM32F4xx_HAL_Driver/Src/stm32f4xx_hal_rcc.o
 .debug_rnglists
                0x00000839      0x31a ./Drivers/STM32F4xx_HAL_Driver/Src/stm32f4xx_hal_tim.o
 .debug_rnglists
                0x00000b53      0x125 ./Drivers/STM32F4xx_HAL_Driver/Src/stm32f4xx_hal_tim_ex.o
 .debug_rnglists
                0x00000c78      0x1bc ./Drivers/STM32F4xx_HAL_Driver/Src/stm32f4xx_hal_uart.o
 .debug_rnglists
                0x00000e34      0x212 ./Middlewares/Third_Party/FreeRTOS/Source/CMSIS_RTOS_V2/cmsis_os2.o
 .debug_rnglists
                0x00001046       0x2b ./Middlewares/Third_Party/FreeRTOS/Source/list.o
 .debug_rnglists
                0x00001071      0x109 ./Middlewares/Third_Party/FreeRTOS/Source/queue.o
 .debug_rnglists
                0x0000117a      0x1a0 ./Middlewares/Third_Party/FreeRTOS/Source/tasks.o
 .debug_rnglists
                0x0000131a       0xb8 ./Middlewares/Third_Party/FreeRTOS/Source/timers.o
 .debug_rnglists
                0x000013d2       0x5d ./Middlewares/Third_Party/FreeRTOS/Source/portable/GCC/ARM_CM4F/port.o
 .debug_rnglists
                0x0000142f       0x42 ./Middlewares/Third_Party/FreeRTOS/Source/portable/MemMang/heap_4.o

.debug_macro    0x00000000    0x1897e
 .debug_macro   0x00000000      0x209 ./Core/Src/ds3231.o
 .debug_macro   0x00000209      0xade ./Core/Src/ds3231.o
 .debug_macro   0x00000ce7      0x2a1 ./Core/Src/ds3231.o
 .debug_macro   0x00000f88       0x2e ./Core/Src/ds3231.o
 .debug_macro   0x00000fb6       0x28 ./Core/Src/ds3231.o
 .debug_macro   0x00000fde       0x22 ./Core/Src/ds3231.o
 .debug_macro   0x00001000       0x8e ./Core/Src/ds3231.o
 .debug_macro   0x0000108e       0x51 ./Core/Src/ds3231.o
 .debug_macro   0x000010df      0x103 ./Core/Src/ds3231.o
 .debug_macro   0x000011e2       0x6a ./Core/Src/ds3231.o
 .debug_macro   0x0000124c      0x1df ./Core/Src/ds3231.o
 .debug_macro   0x0000142b       0x1c ./Core/Src/ds3231.o
 .debug_macro   0x00001447       0x22 ./Core/Src/ds3231.o
 .debug_macro   0x00001469       0xfb ./Core/Src/ds3231.o
 .debug_macro   0x00001564     0x1011 ./Core/Src/ds3231.o
 .debug_macro   0x00002575      0x11f ./Core/Src/ds3231.o
 .debug_macro   0x00002694     0xb881 ./Core/Src/ds3231.o
 .debug_macro   0x0000df15       0x6d ./Core/Src/ds3231.o
 .debug_macro   0x0000df82     0x3693 ./Core/Src/ds3231.o
 .debug_macro   0x00011615      0x190 ./Core/Src/ds3231.o
 .debug_macro   0x000117a5       0x5c ./Core/Src/ds3231.o
 .debug_macro   0x00011801      0x416 ./Core/Src/ds3231.o
 .debug_macro   0x00011c17      0x9e9 ./Core/Src/ds3231.o
 .debug_macro   0x00012600      0x115 ./Core/Src/ds3231.o
 .debug_macro   0x00012715       0xf8 ./Core/Src/ds3231.o
 .debug_macro   0x0001280d       0xa5 ./Core/Src/ds3231.o
 .debug_macro   0x000128b2      0x15f ./Core/Src/ds3231.o
 .debug_macro   0x00012a11      0x287 ./Core/Src/ds3231.o
 .debug_macro   0x00012c98       0x5f ./Core/Src/ds3231.o
 .debug_macro   0x00012cf7      0x236 ./Core/Src/ds3231.o
 .debug_macro   0x00012f2d      0x132 ./Core/Src/ds3231.o
 .debug_macro   0x0001305f      0x23a ./Core/Src/ds3231.o
 .debug_macro   0x00013299       0x2e ./Core/Src/ds3231.o
 .debug_macro   0x000132c7      0x1b5 ./Core/Src/ds3231.o
 .debug_macro   0x0001347c       0x22 ./Core/Src/ds3231.o
 .debug_macro   0x0001349e       0xd6 ./Core/Src/ds3231.o
 .debug_macro   0x00013574      0x127 ./Core/Src/ds3231.o
 .debug_macro   0x0001369b       0x85 ./Core/Src/ds3231.o
 .debug_macro   0x00013720       0x89 ./Core/Src/ds3231.o
 .debug_macro   0x000137a9      0x8ed ./Core/Src/ds3231.o
 .debug_macro   0x00014096       0x47 ./Core/Src/ds3231.o
 .debug_macro   0x000140dd      0x2aa ./Core/Src/ds3231.o
 .debug_macro   0x00014387      0x126 ./Core/Src/ds3231.o
 .debug_macro   0x000144ad      0x100 ./Core/Src/ds3231.o
 .debug_macro   0x000145ad       0xe2 ./Core/Src/ds3231.o
 .debug_macro   0x0001468f      0x357 ./Core/Src/main.o
 .debug_macro   0x000149e6      0x16f ./Core/Src/main.o
 .debug_macro   0x00014b55       0x66 ./Core/Src/main.o
 .debug_macro   0x00014bbb       0x74 ./Core/Src/main.o
 .debug_macro   0x00014c2f       0xdd ./Core/Src/main.o
 .debug_macro   0x00014d0c       0xe8 ./Core/Src/main.o
 .debug_macro   0x00014df4      0x34d ./Core/Src/rtc_manager.o
 .debug_macro   0x00015141      0x1fa ./Core/Src/serialControl.o
 .debug_macro   0x0001533b      0x106 ./Core/Src/serialControl.o
 .debug_macro   0x00015441      0x1f6 ./Core/Src/stm32f4xx_hal_msp.o
 .debug_macro   0x00015637      0x1e7 ./Core/Src/stm32f4xx_hal_timebase_tim.o
 .debug_macro   0x0001581e      0x200 ./Core/Src/stm32f4xx_it.o
 .debug_macro   0x00015a1e      0x1e7 ./Core/Src/system_stm32f4xx.o
 .debug_macro   0x00015c05      0x377 ./Core/Src/traffic_controller.o
 .debug_macro   0x00015f7c      0x202 ./Core/ThreadSafe/newlib_lock_glue.o
 .debug_macro   0x0001617e      0x119 ./Core/ThreadSafe/newlib_lock_glue.o
 .debug_macro   0x00016297       0x22 ./Core/ThreadSafe/newlib_lock_glue.o
 .debug_macro   0x000162b9       0x27 ./Core/ThreadSafe/newlib_lock_glue.o
 .debug_macro   0x000162e0      0x247 ./Drivers/STM32F4xx_HAL_Driver/Src/stm32f4xx_hal.o
 .debug_macro   0x00016527      0x1e7 ./Drivers/STM32F4xx_HAL_Driver/Src/stm32f4xx_hal_cortex.o
 .debug_macro   0x0001670e      0x1ed ./Drivers/STM32F4xx_HAL_Driver/Src/stm32f4xx_hal_dma.o
 .debug_macro   0x000168fb      0x1ed ./Drivers/STM32F4xx_HAL_Driver/Src/stm32f4xx_hal_gpio.o
 .debug_macro   0x00016ae8      0x235 ./Drivers/STM32F4xx_HAL_Driver/Src/stm32f4xx_hal_i2c.o
 .debug_macro   0x00016d1d      0x20b ./Drivers/STM32F4xx_HAL_Driver/Src/stm32f4xx_hal_rcc.o
 .debug_macro   0x00016f28      0x1e8 ./Drivers/STM32F4xx_HAL_Driver/Src/stm32f4xx_hal_tim.o
 .debug_macro   0x00017110      0x1e7 ./Drivers/STM32F4xx_HAL_Driver/Src/stm32f4xx_hal_tim_ex.o
 .debug_macro   0x000172f7      0x1e8 ./Drivers/STM32F4xx_HAL_Driver/Src/stm32f4xx_hal_uart.o
 .debug_macro   0x000174df      0x3f0 ./Middlewares/Third_Party/FreeRTOS/Source/CMSIS_RTOS_V2/cmsis_os2.o
 .debug_macro   0x000178cf       0x10 ./Middlewares/Third_Party/FreeRTOS/Source/CMSIS_RTOS_V2/cmsis_os2.o
 .debug_macro   0x000178df       0x20 ./Middlewares/Third_Party/FreeRTOS/Source/CMSIS_RTOS_V2/cmsis_os2.o
 .debug_macro   0x000178ff       0x10 ./Middlewares/Third_Party/FreeRTOS/Source/CMSIS_RTOS_V2/cmsis_os2.o
 .debug_macro   0x0001790f       0xf5 ./Middlewares/Third_Party/FreeRTOS/Source/CMSIS_RTOS_V2/cmsis_os2.o
 .debug_macro   0x00017a04       0x16 ./Middlewares/Third_Party/FreeRTOS/Source/CMSIS_RTOS_V2/cmsis_os2.o
 .debug_macro   0x00017a1a       0x91 ./Middlewares/Third_Party/FreeRTOS/Source/CMSIS_RTOS_V2/cmsis_os2.o
 .debug_macro   0x00017aab       0x8d ./Middlewares/Third_Party/FreeRTOS/Source/CMSIS_RTOS_V2/cmsis_os2.o
 .debug_macro   0x00017b38       0x9a ./Middlewares/Third_Party/FreeRTOS/Source/CMSIS_RTOS_V2/cmsis_os2.o
 .debug_macro   0x00017bd2       0x22 ./Middlewares/Third_Party/FreeRTOS/Source/CMSIS_RTOS_V2/cmsis_os2.o
 .debug_macro   0x00017bf4      0x199 ./Middlewares/Third_Party/FreeRTOS/Source/list.o
 .debug_macro   0x00017d8d      0x228 ./Middlewares/Third_Party/FreeRTOS/Source/queue.o
 .debug_macro   0x00017fb5       0x16 ./Middlewares/Third_Party/FreeRTOS/Source/queue.o
 .debug_macro   0x00017fcb       0x87 ./Middlewares/Third_Party/FreeRTOS/Source/queue.o
 .debug_macro   0x00018052      0x291 ./Middlewares/Third_Party/FreeRTOS/Source/tasks.o
 .debug_macro   0x000182e3       0x10 ./Middlewares/Third_Party/FreeRTOS/Source/tasks.o
 .debug_macro   0x000182f3      0x1ee ./Middlewares/Third_Party/FreeRTOS/Source/timers.o
 .debug_macro   0x000184e1       0x97 ./Middlewares/Third_Party/FreeRTOS/Source/timers.o