Archive member included to satisfy reference by file (symbol)

E:/STM32CubeIDE_1.16.1/STM32CubeIDE/plugins/com.st.stm32cube.ide.mcu.externaltools.gnu-tools-for-stm32.14.3.rel1.win32_1.0.100.202602081740/tools/bin/../lib/gcc/arm-none-eabi/14.3.1/../../../../arm-none-eabi/lib/thumb/v7e-m+fp/hard\libc_nano.a(libc_a-exit.o)
                              E:/STM32CubeIDE_1.16.1/STM32CubeIDE/plugins/com.st.stm32cube.ide.mcu.externaltools.gnu-tools-for-stm32.14.3.rel1.win32_1.0.100.202602081740/tools/bin/../lib/gcc/arm-none-eabi/14.3.1/../../../../arm-none-eabi/lib/thumb/v7e-m+fp/hard/crt0.o (exit)
E:/STM32CubeIDE_1.16.1/STM32CubeIDE/plugins/com.st.stm32cube.ide.mcu.externaltools.gnu-tools-for-stm32.14.3.rel1.win32_1.0.100.202602081740/tools/bin/../lib/gcc/arm-none-eabi/14.3.1/../../../../arm-none-eabi/lib/thumb/v7e-m+fp/hard\libc_nano.a(libc_a-malloc.o)
                              ./Core/ThreadSafe/newlib_lock_glue.o (malloc)
E:/STM32CubeIDE_1.16.1/STM32CubeIDE/plugins/com.st.stm32cube.ide.mcu.externaltools.gnu-tools-for-stm32.14.3.rel1.win32_1.0.100.202602081740/tools/bin/../lib/gcc/arm-none-eabi/14.3.1/../../../../arm-none-eabi/lib/thumb/v7e-m+fp/hard\libc_nano.a(libc_a-mallocr.o)
                              E:/STM32CubeIDE_1.16.1/STM32CubeIDE/plugins/com.st.stm32cube.ide.mcu.externaltools.gnu-tools-for-stm32.14.3.rel1.win32_1.0.100.202602081740/tools/bin/../lib/gcc/arm-none-eabi/14.3.1/../../../../arm-none-eabi/lib/thumb/v7e-m+fp/hard\libc_nano.a(libc_a-malloc.o) (_malloc_r)
E:/STM32CubeIDE_1.16.1/STM32CubeIDE/plugins/com.st.stm32cube.ide.mcu.externaltools.gnu-tools-for-stm32.14.3.rel1.win32_1.0.100.202602081740/tools/bin/../lib/gcc/arm-none-eabi/14.3.1/../../../../arm-none-eabi/lib/thumb/v7e-m+fp/hard\libc_nano.a(libc_a-mlock.o)
                              E:/STM32CubeIDE_1.16.1/STM32CubeIDE/plugins/com.st.stm32cube.ide.mcu.externaltools.gnu-tools-for-stm32.14.3.rel1.win32_1.0.100.202602081740/tools/bin/../lib/gcc/arm-none-eabi/14.3.1/../../../../arm-none-eabi/lib/thumb/v7e-m+fp/hard\libc_nano.a(libc_a-mallocr.o) (__malloc_lock)
E:/STM32CubeIDE_1.16.1/STM32CubeIDE/plugins/com.st.stm32cube.ide.mcu.externaltools.gnu-tools-for-stm32.14.3.rel1.win32_1.0.100.202602081740/tools/bin/../lib/gcc/arm-none-eabi/14.3.1/../../../../arm-none-eabi/lib/thumb/v7e-m+fp/hard\libc_nano.a(libc_a-findfp.o)
                              ./Middlewares/Third_Party/FreeRTOS/Source/tasks.o (__sf)
E:/STM32CubeIDE_1.16.1/STM32CubeIDE/plugins/com.st.stm32cube.ide.mcu.externaltools.gnu-tools-for-stm32.14.3.rel1.win32_1.0.100.202602081740/tools/bin/../lib/gcc/arm-none-eabi/14.3.1/../../../../arm-none-eabi/lib/thumb/v7e-m+fp/hard\libc_nano.a(libc_a-fwalk.o)
                              E:/STM32CubeIDE_1.16.1/STM32CubeIDE/plugins/com.st.stm32cube.ide.mcu.externaltools.gnu-tools-for-stm32.14.3.rel1.win32_1.0.100.202602081740/tools/bin/../lib/gcc/arm-none-eabi/14.3.1/../../../../arm-none-eabi/lib/thumb/v7e-m+fp/hard\libc_nano.a(libc_a-findfp.o) (_fwalk_sglue)
E:/STM32CubeIDE_1.16.1/STM32CubeIDE/plugins/com.st.stm32cube.ide.mcu.externaltools.gnu-tools-for-stm32.14.3.rel1.win32_1.0.100.202602081740/tools/bin/../lib/gcc/arm-none-eabi/14.3.1/../../../../arm-none-eabi/lib/thumb/v7e-m+fp/hard\libc_nano.a(libc_a-snprintf.o)
                              ./Core/Src/logger.o (snprintf)
E:/STM32CubeIDE_1.16.1/STM32CubeIDE/plugins/com.st.stm32cube.ide.mcu.externaltools.gnu-tools-for-stm32.14.3.rel1.win32_1.0.100.202602081740/tools/bin/../lib/gcc/arm-none-eabi/14.3.1/../../../../arm-none-eabi/lib/thumb/v7e-m+fp/hard\libc_nano.a(libc_a-sscanf.o)
                              ./Core/Src/uart_handler.o (sscanf)
E:/STM32CubeIDE_1.16.1/STM32CubeIDE/plugins/com.st.stm32cube.ide.mcu.externaltools.gnu-tools-for-stm32.14.3.rel1.win32_1.0.100.202602081740/tools/bin/../lib/gcc/arm-none-eabi/14.3.1/../../../../arm-none-eabi/lib/thumb/v7e-m+fp/hard\libc_nano.a(libc_a-stdio.o)
                              E:/STM32CubeIDE_1.16.1/STM32CubeIDE/plugins/com.st.stm32cube.ide.mcu.externaltools.gnu-tools-for-stm32.14.3.rel1.win32_1.0.100.202602081740/tools/bin/../lib/gcc/arm-none-eabi/14.3.1/../../../../arm-none-eabi/lib/thumb/v7e-m+fp/hard\libc_nano.a(libc_a-findfp.o) (__sread)
E:/STM32CubeIDE_1.16.1/STM32CubeIDE/plugins/com.st.stm32cube.ide.mcu.externaltools.gnu-tools-for-stm32.14.3.rel1.win32_1.0.100.202602081740/tools/bin/../lib/gcc/arm-none-eabi/14.3.1/../../../../arm-none-eabi/lib/thumb/v7e-m+fp/hard\libc_nano.a(libc_a-vsnprintf.o)
                              ./Core/Src/logger.o (vsnprintf)
E:/STM32CubeIDE_1.16.1/STM32CubeIDE/plugins/com.st.stm32cube.ide.mcu.externaltools.gnu-tools-for-stm32.14.3.rel1.win32_1.0.100.202602081740/tools/bin/../lib/gcc/arm-none-eabi/14.3.1/../../../../arm-none-eabi/lib/thumb/v7e-m+fp/hard\libc_nano.a(libc_a-memset.o)
[...]
Memory Configuration

Name             Origin             Length             Attributes
RAM              0x20000000         0x00010000         xrw
FLASH            0x08000000         0x00040000         xr
*default*        0x00000000         0xffffffff

Linker script and memory map

LOAD E:/STM32CubeIDE_1.16.1/STM32CubeIDE/plugins/com.st.stm32cube.ide.mcu.externaltools.gnu-tools-for-stm32.14.3.rel1.win32_1.0.100.202602081740/tools/bin/../lib/gcc/arm-none-eabi/14.3.1/thumb/v7e-m+fp/hard/crti.o
LOAD E:/STM32CubeIDE_1.16.1/STM32CubeIDE/plugins/com.st.stm32cube.ide.mcu.externaltools.gnu-tools-for-stm32.14.3.rel1.win32_1.0.100.202602081740/tools/bin/../lib/gcc/arm-none-eabi/14.3.1/thumb/v7e-m+fp/hard/crtbegin.o
LOAD E:/STM32CubeIDE_1.16.1/STM32CubeIDE/plugins/com.st.stm32cube.ide.mcu.externaltools.gnu-tools-for-stm32.14.3.rel1.win32_1.0.100.202602081740/tools/bin/../lib/gcc/arm-none-eabi/14.3.1/../../../../arm-none-eabi/lib/thumb/v7e-m+fp/hard/crt0.o
LOAD ./Core/Src/ds3231.o
LOAD ./Core/Src/freertos.o
LOAD ./Core/Src/logger.o
LOAD ./Core/Src/main.o
LOAD ./Core/Src/rtc_manager.o
LOAD ./Core/Src/serialControl.o
LOAD ./Core/Src/stm32f4xx_hal_msp.o
LOAD ./Core/Src/stm32f4xx_hal_timebase_tim.o
LOAD ./Core/Src/stm32f4xx_it.o
LOAD ./Core/Src/syscalls.o
LOAD ./Core/Src/sysmem.o
LOAD ./Core/Src/system_stm32f4xx.o
LOAD ./Core/Src/traffic_controller.o
LOAD ./Core/Src/uart_handler.o
LOAD ./Core/Startup/startup_stm32f401rctx.o
LOAD ./Core/ThreadSafe/newlib_lock_glue.o
LOAD ./Drivers/STM32F4xx_HAL_Driver/Src/stm32f4xx_hal.o
LOAD ./Drivers/STM32F4xx_HAL_Driver/Src/stm32f4xx_hal_cortex.o
LOAD ./Drivers/STM32F4xx_HAL_Driver/Src/stm32f4xx_hal_dma.o
LOAD ./Drivers/STM32F4xx_HAL_Driver/Src/stm32f4xx_hal_dma_ex.o
LOAD ./Drivers/STM32F4xx_HAL_Driver/Src/stm32f4xx_hal_exti.o
LOAD ./Drivers/STM32F4xx_HAL_Driver/Src/stm32f4xx_hal_flash.o
LOAD ./Drivers/STM32F4xx_HAL_Driver/Src/stm32f4xx_hal_flash_ex.o
LOAD ./Drivers/STM32F4xx_HAL_Driver/Src/stm32f4xx_hal_flash_ramfunc.o
LOAD ./Drivers/STM32F4xx_HAL_Driver/Src/stm32f4xx_hal_gpio.o
LOAD ./Drivers/STM32F4xx_HAL_Driver/Src/stm32f4xx_hal_i2c.o
LOAD ./Drivers/STM32F4xx_HAL_Driver/Src/stm32f4xx_hal_i2c_ex.o
LOAD ./Drivers/STM32F4xx_HAL_Driver/Src/stm32f4xx_hal_pwr.o
LOAD ./Drivers/STM32F4xx_HAL_Driver/Src/stm32f4xx_hal_pwr_ex.o
LOAD ./Drivers/STM32F4xx_HAL_Driver/Src/stm32f4xx_hal_rcc.o
LOAD ./Drivers/STM32F4xx_HAL_Driver/Src/stm32f4xx_hal_rcc_ex.o
LOAD ./Drivers/STM32F4xx_HAL_Driver/Src/stm32f4xx_hal_tim.o
LOAD ./Drivers/STM32F4xx_HAL_Driver/Src/stm32f4xx_hal_tim_ex.o
LOAD ./Drivers/STM32F4xx_HAL_Driver/Src/stm32f4xx_hal_uart.o
LOAD ./Middlewares/Third_Party/FreeRTOS/Source/CMSIS_RTOS_V2/cmsis_os2.o
LOAD ./Middlewares/Third_Party/FreeRTOS/Source/croutine.o
LOAD ./Middlewares/Third_Party/FreeRTOS/Source/event_groups.o
LOAD ./Middlewares/Third_Party/FreeRTOS/Source/list.o
LOAD ./Middlewares/Third_Party/FreeRTOS/Source/queue.o
LOAD ./Middlewares/Third_Party/FreeRTOS/Source/stream_buffer.o
LOAD ./Middlewares/Third_Party/FreeRTOS/Source/tasks.o
LOAD ./Middlewares/Third_Party/FreeRTOS/Source/timers.o
LOAD ./Middlewares/Third_Party/FreeRTOS/Source/portable/GCC/ARM_CM4F/port.o
LOAD ./Middlewares/Third_Party/FreeRTOS/Source/portable/MemMang/heap_4.o
START GROUP
LOAD E:/STM32CubeIDE_1.16.1/STM32CubeIDE/plugins/com.st.stm32cube.ide.mcu.externaltools.gnu-tools-for-stm32.14.3.rel1.win32_1.0.100.202602081740/tools/bin/../lib/gcc/arm-none-eabi/14.3.1/../../../../arm-none-eabi/lib/thumb/v7e-m+fp/hard\libc_nano.a
LOAD E:/STM32CubeIDE_1.16.1/STM32CubeIDE/plugins/com.st.stm32cube.ide.mcu.externaltools.gnu-tools-for-stm32.14.3.rel1.win32_1.0.100.202602081740/tools/bin/../lib/gcc/arm-none-eabi/14.3.1/../../../../arm-none-eabi/lib/thumb/v7e-m+fp/hard\libm.a
END GROUP
START GROUP
LOAD E:/STM32CubeIDE_1.16.1/STM32CubeIDE/plugins/com.st.stm32cube.ide.mcu.externaltools.gnu-tools-for-stm32.14.3.rel1.win32_1.0.100.202602081740/tools/bin/../lib/gcc/arm-none-eabi/14.3.1/thumb/v7e-m+fp/hard\libgcc.a
LOAD E:/STM32CubeIDE_1.16.1/STM32CubeIDE/plugins/com.st.stm32cube.ide.mcu.externaltools.gnu-tools-for-stm32.14.3.rel1.win32_1.0.100.202602081740/tools/bin/../lib/gcc/arm-none-eabi/14.3.1/../../../../arm-none-eabi/lib/thumb/v7e-m+fp/hard\libc_nano.a
END GROUP
START GROUP
LOAD E:/STM32CubeIDE_1.16.1/STM32CubeIDE/plugins/com.st.stm32cube.ide.mcu.externaltools.gnu-tools-for-stm32.14.3.rel1.win32_1.0.100.202602081740/tools/bin/../lib/gcc/arm-none-eabi/14.3.1/thumb/v7e-m+fp/hard\libgcc.a
LOAD E:/STM32CubeIDE_1.16.1/STM32CubeIDE/plugins/com.st.stm32cube.ide.mcu.externaltools.gnu-tools-for-stm32.14.3.rel1.win32_1.0.100.202602081740/tools/bin/../lib/gcc/arm-none-eabi/14.3.1/../../../../arm-none-eabi/lib/thumb/v7e-m+fp/hard\libc_nano.a
LOAD E:/STM32CubeIDE_1.16.1/STM32CubeIDE/plugins/com.st.stm32cube.ide.mcu.externaltools.gnu-tools-for-stm32.14.3.rel1.win32_1.0.100.202602081740/tools/bin/../lib/gcc/arm-none-eabi/14.3.1/../../../../arm-none-eabi/lib/thumb/v7e-m+fp/hard\libnosys.a
END GROUP
START GROUP
LOAD E:/STM32CubeIDE_1.16.1/STM32CubeIDE/plugins/com.st.stm32cube.ide.mcu.externaltools.gnu-tools-for-stm32.14.3.rel1.win32_1.0.100.202602081740/tools/bin/../lib/gcc/arm-none-eabi/14.3.1/thumb/v7e-m+fp/hard\libgcc.a
LOAD E:/STM32CubeIDE_1.16.1/STM32CubeIDE/plugins/com.st.stm32cube.ide.mcu.externaltools.gnu-tools-for-stm32.14.3.rel1.win32_1.0.100.202602081740/tools/bin/../lib/gcc/arm-none-eabi/14.3.1/../../../../arm-none-eabi/lib/thumb/v7e-m+fp/hard\libc_nano.a
LOAD E:/STM32CubeIDE_1.16.1/STM32CubeIDE/plugins/com.st.stm32cube.ide.mcu.externaltools.gnu-tools-for-stm32.14.3.rel1.win32_1.0.100.202602081740/tools/bin/../lib/gcc/arm-none-eabi/14.3.1/../../../../arm-none-eabi/lib/thumb/v7e-m+fp/hard\libnosys.a
END GROUP
LOAD E:/STM32CubeIDE_1.16.1/STM32CubeIDE/plugins/com.st.stm32cube.ide.mcu.externaltools.gnu-tools-for-stm32.14.3.rel1.win32_1.0.100.202602081740/tools/bin/../lib/gcc/arm-none-eabi/14.3.1/thumb/v7e-m+fp/hard/crtend.o
LOAD E:/STM32CubeIDE_1.16.1/STM32CubeIDE/plugins/com.st.stm32cube.ide.mcu.externaltools.gnu-tools-for-stm32.14.3.rel1.win32_1.0.100.202602081740/tools/bin/../lib/gcc/arm-none-eabi/14.3.1/thumb/v7e-m+fp/hard/crtn.o
                0x20010000                        _estack = (ORIGIN (RAM) + LENGTH (RAM))
                0x00000200                        _Min_Heap_Size = 0x200
                0x00000400                        _Min_Stack_Size = 0x400

.isr_vector     0x08000000      0x194
                0x08000000                        . = ALIGN (0x4)
 *(.isr_vector)
 .isr_vector    0x08000000      0x194 ./Core/Startup/startup_stm32f401rctx.o
                0x08000000                g_pfnVectors
                0x08000194                        . = ALIGN (0x4)

.text           0x080001a0     0xb56c
                0x080001a0                        . = ALIGN (0x4)
 *(.text)
 .text          0x080001a0       0x40 E:/STM32CubeIDE_1.16.1/STM32CubeIDE/plugins/com.st.stm32cube.ide.mcu.externaltools.gnu-tools-for-stm32.14.3.rel1.win32_1.0.100.202602081740/tools/bin/../lib/gcc/arm-none-eabi/14.3.1/thumb/v7e-m+fp/hard/crtbegin.o
 .text          0x080001e0       0xa0 E:/STM32CubeIDE_1.16.1/STM32CubeIDE/plugins/com.st.stm32cube.ide.mcu.externaltools.gnu-tools-for-stm32.14.3.rel1.win32_1.0.100.202602081740/tools/bin/../lib/gcc/arm-none-eabi/14.3.1/../../../../arm-none-eabi/lib/thumb/v7e-m+fp/hard\libc_nano.a(libc_a-memchr.o)
                0x080001e0                memchr
 .text          0x08000280       0x30 E:/STM32CubeIDE_1.16.1/STM32CubeIDE/plugins/com.st.stm32cube.ide.mcu.externaltools.gnu-tools-for-stm32.14.3.rel1.win32_1.0.100.202602081740/tools/bin/../lib/gcc/arm-none-eabi/14.3.1/thumb/v7e-m+fp/hard\libgcc.a(_aeabi_uldivmod.o)
                0x08000280                __aeabi_uldivmod
 .text          0x080002b0      0x2f8 E:/STM32CubeIDE_1.16.1/STM32CubeIDE/plugins/com.st.stm32cube.ide.mcu.externaltools.gnu-tools-for-stm32.14.3.rel1.win32_1.0.100.202602081740/tools/bin/../lib/gcc/arm-none-eabi/14.3.1/thumb/v7e-m+fp/hard\libgcc.a(_udivmoddi4.o)
                0x080002b0                __udivmoddi4
 .text          0x080005a8        0x4 E:/STM32CubeIDE_1.16.1/STM32CubeIDE/plugins/com.st.stm32cube.ide.mcu.externaltools.gnu-tools-for-stm32.14.3.rel1.win32_1.0.100.202602081740/tools/bin/../lib/gcc/arm-none-eabi/14.3.1/thumb/v7e-m+fp/hard\libgcc.a(_dvmd_tls.o)
                0x080005a8                __aeabi_idiv0
                0x080005a8                __aeabi_ldiv0
 *(.text*)
 .text.DS3231_Init
                0x080005ac       0x34 ./Core/Src/ds3231.o
                0x080005ac                DS3231_Init
 .text.DS3231_SetRegByte
                0x080005e0       0x3c ./Core/Src/ds3231.o
                0x080005e0                DS3231_SetRegByte
 .text.DS3231_GetRegByte
                0x0800061c       0x44 ./Core/Src/ds3231.o
                0x0800061c                DS3231_GetRegByte
 .text.DS3231_SetInterruptMode
                0x08000660       0x42 ./Core/Src/ds3231.o
                0x08000660                DS3231_SetInterruptMode
 .text.DS3231_SetRateSelect
                0x080006a2       0x42 ./Core/Src/ds3231.o
                0x080006a2                DS3231_SetRateSelect
 .text.DS3231_EnableAlarm2
                0x080006e4       0x48 ./Core/Src/ds3231.o
                0x080006e4                DS3231_EnableAlarm2
 .text.DS3231_ClearAlarm2Flag
                0x0800072c       0x2c ./Core/Src/ds3231.o
                0x0800072c                DS3231_ClearAlarm2Flag
 .text.DS3231_EnableAlarm1
                0x08000758       0x44 ./Core/Src/ds3231.o
                0x08000758                DS3231_EnableAlarm1
 .text.DS3231_ClearAlarm1Flag
                0x0800079c       0x2c ./Core/Src/ds3231.o
                0x0800079c                DS3231_ClearAlarm1Flag
 .text.DS3231_GetDayOfWeek
                0x080007c8       0x18 ./Core/Src/ds3231.o
                0x080007c8                DS3231_GetDayOfWeek
 .text.DS3231_GetDate
                0x080007e0       0x18 ./Core/Src/ds3231.o
                0x080007e0                DS3231_GetDate
 .text.DS3231_GetMonth
                0x080007f8       0x1e ./Core/Src/ds3231.o
                0x080007f8                DS3231_GetMonth
 .text.DS3231_GetYear
                0x08000816       0x50 ./Core/Src/ds3231.o
                0x08000816                DS3231_GetYear
 .text.DS3231_GetHour
                0x08000866       0x18 ./Core/Src/ds3231.o
                0x08000866                DS3231_GetHour
 .text.DS3231_GetMinute
                0x0800087e       0x18 ./Core/Src/ds3231.o
                0x0800087e                DS3231_GetMinute
 .text.DS3231_GetSecond
                0x08000896       0x18 ./Core/Src/ds3231.o
                0x08000896                DS3231_GetSecond
 .text.DS3231_DecodeBCD
                0x080008ae       0x32 ./Core/Src/ds3231.o
                0x080008ae                DS3231_DecodeBCD
 .text.RTC_GetCurrentTime
                0x080008e0       0x6c ./Core/Src/ds3231.o
                0x080008e0                RTC_GetCurrentTime
 .text.Logger_Log
                0x0800094c       0x6c ./Core/Src/logger.o
                0x0800094c                Logger_Log
 .text.Logger_LogF
                0x080009b8       0x50 ./Core/Src/logger.o
                0x080009b8                Logger_LogF
 .text.HAL_GPIO_EXTI_Callback
                0x08000a08       0x1c ./Core/Src/main.o
                0x08000a08                HAL_GPIO_EXTI_Callback
 .text.main     0x08000a24       0xcc ./Core/Src/main.o
                0x08000a24                main
 .text.SystemClock_Config
                0x08000af0       0xd4 ./Core/Src/main.o
                0x08000af0                SystemClock_Config
 .text.MX_I2C1_Init
                0x08000bc4       0x5c ./Core/Src/main.o
 .text.MX_USART1_UART_Init
                0x08000c20       0x54 ./Core/Src/main.o
 .text.MX_DMA_Init
                0x08000c74       0x50 ./Core/Src/main.o
 .text.MX_GPIO_Init
                0x08000cc4      0x184 ./Core/Src/main.o
 .text.StartDefaultTask
                0x08000e48       0x10 ./Core/Src/main.o
                0x08000e48                StartDefaultTask
 .text.StartUARTTask
                0x08000e58       0x10 ./Core/Src/main.o
                0x08000e58                StartUARTTask
 .text.StartRTCTask
                0x08000e68       0x10 ./Core/Src/main.o
                0x08000e68                StartRTCTask
 .text.HAL_TIM_PeriodElapsedCallback
                0x08000e78       0x24 ./Core/Src/main.o
                0x08000e78                HAL_TIM_PeriodElapsedCallback
 .text.Error_Handler
                0x08000e9c        0xc ./Core/Src/main.o
                0x08000e9c                Error_Handler
 .text.RTC_Manager_Init
                0x08000ea8       0x40 ./Core/Src/rtc_manager.o
                0x08000ea8                RTC_Manager_Init
 .text.RTC_Tick
                0x08000ee8       0x18 ./Core/Src/rtc_manager.o
                0x08000ee8                RTC_Tick
 .text.GetHourFromRTC
                0x08000f00       0x18 ./Core/Src/rtc_manager.o
 .text.RTC_IsRushHour
                0x08000f18       0x36 ./Core/Src/rtc_manager.o
                0x08000f18                RTC_IsRushHour
 .text.RTC_IsNight
                0x08000f4e       0x2a ./Core/Src/rtc_manager.o
                0x08000f4e                RTC_IsNight
 .text.HAL_UART_TxCpltCallback
                0x08000f78       0x2c ./Core/Src/serialControl.o
                0x08000f78                HAL_UART_TxCpltCallback
 .text.HAL_MspInit
                0x08000fa4       0x68 ./Core/Src/stm32f4xx_hal_msp.o
                0x08000fa4                HAL_MspInit
 .text.HAL_I2C_MspInit
                0x0800100c       0xb0 ./Core/Src/stm32f4xx_hal_msp.o
                0x0800100c                HAL_I2C_MspInit
 .text.HAL_UART_MspInit
                0x080010bc      0x1ac ./Core/Src/stm32f4xx_hal_msp.o
                0x080010bc                HAL_UART_MspInit
 .text.HAL_InitTick
                0x08001268       0xe4 ./Core/Src/stm32f4xx_hal_timebase_tim.o
                0x08001268                HAL_InitTick
 .text.NMI_Handler
                0x0800134c        0x8 ./Core/Src/stm32f4xx_it.o
                0x0800134c                NMI_Handler
 .text.HardFault_Handler
                0x08001354        0x8 ./Core/Src/stm32f4xx_it.o
                0x08001354                HardFault_Handler
 .text.MemManage_Handler
                0x0800135c        0x8 ./Core/Src/stm32f4xx_it.o
                0x0800135c                MemManage_Handler
 .text.BusFault_Handler
                0x08001364        0x8 ./Core/Src/stm32f4xx_it.o
                0x08001364                BusFault_Handler
 .text.UsageFault_Handler
                0x0800136c        0x8 ./Core/Src/stm32f4xx_it.o
                0x0800136c                UsageFault_Handler
 .text.DebugMon_Handler
                0x08001374        0xe ./Core/Src/stm32f4xx_it.o
                0x08001374                DebugMon_Handler
 .text.RCC_IRQHandler
                0x08001382        0xe ./Core/Src/stm32f4xx_it.o
                0x08001382                RCC_IRQHandler
 .text.EXTI2_IRQHandler
                0x08001390        0xe ./Core/Src/stm32f4xx_it.o
                0x08001390                EXTI2_IRQHandler
 .text.EXTI9_5_IRQHandler
                0x0800139e        0xe ./Core/Src/stm32f4xx_it.o
                0x0800139e                EXTI9_5_IRQHandler
 .text.TIM1_UP_TIM10_IRQHandler
                0x080013ac       0x14 ./Core/Src/stm32f4xx_it.o
                0x080013ac                TIM1_UP_TIM10_IRQHandler
 .text.I2C1_EV_IRQHandler
                0x080013c0       0x14 ./Core/Src/stm32f4xx_it.o
                0x080013c0                I2C1_EV_IRQHandler
 .text.I2C1_ER_IRQHandler
                0x080013d4       0x14 ./Core/Src/stm32f4xx_it.o
                0x080013d4                I2C1_ER_IRQHandler
 .text.USART1_IRQHandler
                0x080013e8       0x14 ./Core/Src/stm32f4xx_it.o
                0x080013e8                USART1_IRQHandler
 .text.DMA2_Stream2_IRQHandler
                0x080013fc       0x14 ./Core/Src/stm32f4xx_it.o
                0x080013fc                DMA2_Stream2_IRQHandler
 .text.DMA2_Stream7_IRQHandler
                0x08001410       0x14 ./Core/Src/stm32f4xx_it.o
                0x08001410                DMA2_Stream7_IRQHandler
 .text._sbrk    0x08001424       0x6c ./Core/Src/sysmem.o
                0x08001424                _sbrk
 .text.SystemInit
                0x08001490       0x24 ./Core/Src/system_stm32f4xx.o
                0x08001490                SystemInit
 .text.SetLights
                0x080014b4       0xb8 ./Core/Src/traffic_controller.o
 .text.WaitSeconds
                0x0800156c       0x38 ./Core/Src/traffic_controller.o
 .text.PlanFromDensity
                0x080015a4       0xa6 ./Core/Src/traffic_controller.o
 *fill*         0x0800164a        0x2 
 .text.PlanFromRTC
                0x0800164c       0x44 ./Core/Src/traffic_controller.o
 .text.RunCycle
                0x08001690      0x188 ./Core/Src/traffic_controller.o
 .text.RunNightMode
                0x08001818       0x58 ./Core/Src/traffic_controller.o
 .text.Traffic_Init
                0x08001870       0x18 ./Core/Src/traffic_controller.o
                0x08001870                Traffic_Init
 .text.TrafficManagerTask
                0x08001888      0x198 ./Core/Src/traffic_controller.o
                0x08001888                TrafficManagerTask
 .text.SendJSON
                0x08001a20       0x28 ./Core/Src/uart_handler.o
 .text.UART_SendLightStatus
                0x08001a48      0x104 ./Core/Src/uart_handler.o
                0x08001a48                UART_SendLightStatus
 .text.Reset_Handler
                0x08001b4c       0x50 ./Core/Startup/startup_stm32f401rctx.o
                0x08001b4c                Reset_Handler
 .text.Default_Handler
                0x08001b9c        0x2 ./Core/Startup/startup_stm32f401rctx.o
                0x08001b9c                RTC_Alarm_IRQHandler
                0x08001b9c                SPI4_IRQHandler
                0x08001b9c                TIM1_CC_IRQHandler
                0x08001b9c                DMA2_Stream5_IRQHandler
                0x08001b9c                DMA1_Stream5_IRQHandler
                0x08001b9c                PVD_IRQHandler
                0x08001b9c                SDIO_IRQHandler
                0x08001b9c                TAMP_STAMP_IRQHandler
                0x08001b9c                EXTI3_IRQHandler
                0x08001b9c                I2C3_ER_IRQHandler
                0x08001b9c                EXTI0_IRQHandler
                0x08001b9c                I2C2_EV_IRQHandler
                0x08001b9c                DMA1_Stream2_IRQHandler
                0x08001b9c                FPU_IRQHandler
                0x08001b9c                SPI1_IRQHandler
                0x08001b9c                TIM1_BRK_TIM9_IRQHandler
                0x08001b9c                DMA2_Stream3_IRQHandler
                0x08001b9c                USART6_IRQHandler
                0x08001b9c                DMA2_Stream0_IRQHandler
                0x08001b9c                TIM4_IRQHandler
                0x08001b9c                DMA1_Stream6_IRQHandler
                0x08001b9c                DMA1_Stream1_IRQHandler
                0x08001b9c                TIM3_IRQHandler
                0x08001b9c                Default_Handler
                0x08001b9c                EXTI15_10_IRQHandler
                0x08001b9c                ADC_IRQHandler
                0x08001b9c                DMA1_Stream7_IRQHandler
                0x08001b9c                TIM5_IRQHandler
                0x08001b9c                I2C3_EV_IRQHandler
                0x08001b9c                RTC_WKUP_IRQHandler
                0x08001b9c                SPI2_IRQHandler
                0x08001b9c                DMA1_Stream0_IRQHandler
                0x08001b9c                EXTI4_IRQHandler
                0x08001b9c                WWDG_IRQHandler
                0x08001b9c                TIM2_IRQHandler
                0x08001b9c                OTG_FS_WKUP_IRQHandler
                0x08001b9c                TIM1_TRG_COM_TIM11_IRQHandler
                0x08001b9c                EXTI1_IRQHandler
                0x08001b9c                USART2_IRQHandler
                0x08001b9c                I2C2_ER_IRQHandler
                0x08001b9c                DMA2_Stream1_IRQHandler
                0x08001b9c                FLASH_IRQHandler
                0x08001b9c                DMA2_Stream4_IRQHandler
                0x08001b9c                OTG_FS_IRQHandler
                0x08001b9c                SPI3_IRQHandler
                0x08001b9c                DMA1_Stream4_IRQHandler
                0x08001b9c                DMA2_Stream6_IRQHandler
                0x08001b9c                DMA1_Stream3_IRQHandler
 .text.stm32_lock_acquire
                0x08001b9e       0x64 ./Core/ThreadSafe/newlib_lock_glue.o
 .text.stm32_lock_release
                0x08001c02       0x58 ./Core/ThreadSafe/newlib_lock_glue.o
 .text.__retarget_lock_acquire_recursive
                0x08001c5a       0x2a ./Core/ThreadSafe/newlib_lock_glue.o
                0x08001c5a                __retarget_lock_acquire_recursive
 .text.__retarget_lock_release_recursive
                0x08001c84       0x2a ./Core/ThreadSafe/newlib_lock_glue.o
                0x08001c84                __retarget_lock_release_recursive
 *fill*         0x08001cae        0x2 
 .text.HAL_Init
                0x08001cb0       0x44 ./Drivers/STM32F4xx_HAL_Driver/Src/stm32f4xx_hal.o
                0x08001cb0                HAL_Init
 .text.HAL_IncTick
                0x08001cf4       0x28 ./Drivers/STM32F4xx_HAL_Driver/Src/stm32f4xx_hal.o
                0x08001cf4                HAL_IncTick
 .text.HAL_GetTick
                0x08001d1c       0x18 ./Drivers/STM32F4xx_HAL_Driver/Src/stm32f4xx_hal.o
                0x08001d1c                HAL_GetTick
 .text.__NVIC_SetPriorityGrouping
                0x08001d34       0x48 ./Drivers/STM32F4xx_HAL_Driver/Src/stm32f4xx_hal_cortex.o
 .text.__NVIC_GetPriorityGrouping
                0x08001d7c       0x1c ./Drivers/STM32F4xx_HAL_Driver/Src/stm32f4xx_hal_cortex.o
 .text.__NVIC_EnableIRQ
                0x08001d98       0x3c ./Drivers/STM32F4xx_HAL_Driver/Src/stm32f4xx_hal_cortex.o
 .text.__NVIC_SetPriority
                0x08001dd4       0x54 ./Drivers/STM32F4xx_HAL_Driver/Src/stm32f4xx_hal_cortex.o
 .text.NVIC_EncodePriority
                0x08001e28       0x66 ./Drivers/STM32F4xx_HAL_Driver/Src/stm32f4xx_hal_cortex.o
 .text.HAL_NVIC_SetPriorityGrouping
                0x08001e8e       0x16 ./Drivers/STM32F4xx_HAL_Driver/Src/stm32f4xx_hal_cortex.o
                0x08001e8e                HAL_NVIC_SetPriorityGrouping
 .text.HAL_NVIC_SetPriority
                0x08001ea4       0x38 ./Drivers/STM32F4xx_HAL_Driver/Src/stm32f4xx_hal_cortex.o
                0x08001ea4                HAL_NVIC_SetPriority
 .text.HAL_NVIC_EnableIRQ
                0x08001edc       0x1c ./Drivers/STM32F4xx_HAL_Driver/Src/stm32f4xx_hal_cortex.o
                0x08001edc                HAL_NVIC_EnableIRQ
 .text.HAL_DMA_Init
                0x08001ef8      0x15c ./Drivers/STM32F4xx_HAL_Driver/Src/stm32f4xx_hal_dma.o
                0x08001ef8                HAL_DMA_Init
 .text.HAL_DMA_Abort
                0x08002054       0xe0 ./Drivers/STM32F4xx_HAL_Driver/Src/stm32f4xx_hal_dma.o
                0x08002054                HAL_DMA_Abort
 .text.HAL_DMA_Abort_IT
                0x08002134       0x44 ./Drivers/STM32F4xx_HAL_Driver/Src/stm32f4xx_hal_dma.o
                0x08002134                HAL_DMA_Abort_IT
 .text.HAL_DMA_IRQHandler
                0x08002178      0x314 ./Drivers/STM32F4xx_HAL_Driver/Src/stm32f4xx_hal_dma.o
                0x08002178                HAL_DMA_IRQHandler
 .text.HAL_DMA_GetState
                0x0800248c       0x1c ./Drivers/STM32F4xx_HAL_Driver/Src/stm32f4xx_hal_dma.o
                0x0800248c                HAL_DMA_GetState
 .text.DMA_CalcBaseAndBitshift
                0x080024a8       0x6c ./Drivers/STM32F4xx_HAL_Driver/Src/stm32f4xx_hal_dma.o
 .text.DMA_CheckFifoParam
                0x08002514       0xf8 ./Drivers/STM32F4xx_HAL_Driver/Src/stm32f4xx_hal_dma.o
 .text.HAL_GPIO_Init
                0x0800260c      0x308 ./Drivers/STM32F4xx_HAL_Driver/Src/stm32f4xx_hal_gpio.o
                0x0800260c                HAL_GPIO_Init
 .text.HAL_GPIO_WritePin
                0x08002914       0x32 ./Drivers/STM32F4xx_HAL_Driver/Src/stm32f4xx_hal_gpio.o
                0x08002914                HAL_GPIO_WritePin
 *fill*         0x08002946        0x2 
 .text.HAL_GPIO_EXTI_IRQHandler
                0x08002948       0x30 ./Drivers/STM32F4xx_HAL_Driver/Src/stm32f4xx_hal_gpio.o
                0x08002948                HAL_GPIO_EXTI_IRQHandler
 .text.HAL_I2C_Init
                0x08002978      0x288 ./Drivers/STM32F4xx_HAL_Driver/Src/stm32f4xx_hal_i2c.o
                0x08002978                HAL_I2C_Init
 .text.I2C_Flush_DR
                0x08002c00       0x2a ./Drivers/STM32F4xx_HAL_Driver/Src/stm32f4xx_hal_i2c.o
 *fill*         0x08002c2a        0x2 
 .text.HAL_I2C_Master_Transmit
                0x08002c2c      0x1fc ./Drivers/STM32F4xx_HAL_Driver/Src/stm32f4xx_hal_i2c.o
                0x08002c2c                HAL_I2C_Master_Transmit
 .text.HAL_I2C_Master_Receive
                0x08002e28      0x464 ./Drivers/STM32F4xx_HAL_Driver/Src/stm32f4xx_hal_i2c.o
                0x08002e28                HAL_I2C_Master_Receive
 .text.HAL_I2C_EV_IRQHandler
                0x0800328c      0x2e2 ./Drivers/STM32F4xx_HAL_Driver/Src/stm32f4xx_hal_i2c.o
                0x0800328c                HAL_I2C_EV_IRQHandler
 .text.HAL_I2C_ER_IRQHandler
                0x0800356e      0x14e ./Drivers/STM32F4xx_HAL_Driver/Src/stm32f4xx_hal_i2c.o
                0x0800356e                HAL_I2C_ER_IRQHandler
 .text.HAL_I2C_MasterTxCpltCallback
                0x080036bc       0x14 ./Drivers/STM32F4xx_HAL_Driver/Src/stm32f4xx_hal_i2c.o
                0x080036bc                HAL_I2C_MasterTxCpltCallback
 .text.HAL_I2C_MasterRxCpltCallback
                0x080036d0       0x14 ./Drivers/STM32F4xx_HAL_Driver/Src/stm32f4xx_hal_i2c.o
                0x080036d0                HAL_I2C_MasterRxCpltCallback
 .text.HAL_I2C_SlaveTxCpltCallback
                0x080036e4       0x14 ./Drivers/STM32F4xx_HAL_Driver/Src/stm32f4xx_hal_i2c.o
                0x080036e4                HAL_I2C_SlaveTxCpltCallback
 .text.HAL_I2C_SlaveRxCpltCallback
                0x080036f8       0x14 ./Drivers/STM32F4xx_HAL_Driver/Src/stm32f4xx_hal_i2c.o
                0x080036f8                HAL_I2C_SlaveRxCpltCallback
 .text.HAL_I2C_AddrCallback
                0x0800370c       0x1c ./Drivers/STM32F4xx_HAL_Driver/Src/stm32f4xx_hal_i2c.o
                0x0800370c                HAL_I2C_AddrCallback
 .text.HAL_I2C_ListenCpltCallback
                0x08003728       0x14 ./Drivers/STM32F4xx_HAL_Driver/Src/stm32f4xx_hal_i2c.o
                0x08003728                HAL_I2C_ListenCpltCallback
 .text.HAL_I2C_MemTxCpltCallback
                0x0800373c       0x14 ./Drivers/STM32F4xx_HAL_Driver/Src/stm32f4xx_hal_i2c.o
                0x0800373c                HAL_I2C_MemTxCpltCallback
 .text.HAL_I2C_MemRxCpltCallback
                0x08003750       0x14 ./Drivers/STM32F4xx_HAL_Driver/Src/stm32f4xx_hal_i2c.o
                0x08003750                HAL_I2C_MemRxCpltCallback
 .text.HAL_I2C_ErrorCallback
                0x08003764       0x14 ./Drivers/STM32F4xx_HAL_Driver/Src/stm32f4xx_hal_i2c.o
                0x08003764                HAL_I2C_ErrorCallback
 .text.HAL_I2C_AbortCpltCallback
                0x08003778       0x14 ./Drivers/STM32F4xx_HAL_Driver/Src/stm32f4xx_hal_i2c.o
                0x08003778                HAL_I2C_AbortCpltCallback
 .text.I2C_MasterTransmit_TXE
                0x0800378c      0x138 ./Drivers/STM32F4xx_HAL_Driver/Src/stm32f4xx_hal_i2c.o
 .text.I2C_MasterTransmit_BTF
                0x080038c4       0xec ./Drivers/STM32F4xx_HAL_Driver/Src/stm32f4xx_hal_i2c.o
 .text.I2C_MemoryTransmit_TXE_BTF
                0x080039b0      0x130 ./Drivers/STM32F4xx_HAL_Driver/Src/stm32f4xx_hal_i2c.o
 .text.I2C_MasterReceive_RXNE
                0x08003ae0      0x190 ./Drivers/STM32F4xx_HAL_Driver/Src/stm32f4xx_hal_i2c.o
 .text.I2C_MasterReceive_BTF
                0x08003c70      0x1e2 ./Drivers/STM32F4xx_HAL_Driver/Src/stm32f4xx_hal_i2c.o
 .text.I2C_Master_SB
                0x08003e52      0x10c ./Drivers/STM32F4xx_HAL_Driver/Src/stm32f4xx_hal_i2c.o
 .text.I2C_Master_ADD10
                0x08003f5e       0x54 ./Drivers/STM32F4xx_HAL_Driver/Src/stm32f4xx_hal_i2c.o
 .text.I2C_Master_ADDR
                0x08003fb2      0x322 ./Drivers/STM32F4xx_HAL_Driver/Src/stm32f4xx_hal_i2c.o
 .text.I2C_SlaveTransmit_TXE
                0x080042d4       0x7a ./Drivers/STM32F4xx_HAL_Driver/Src/stm32f4xx_hal_i2c.o
 .text.I2C_SlaveTransmit_BTF
                0x0800434e       0x42 ./Drivers/STM32F4xx_HAL_Driver/Src/stm32f4xx_hal_i2c.o
 .text.I2C_SlaveReceive_RXNE
                0x08004390       0x7c ./Drivers/STM32F4xx_HAL_Driver/Src/stm32f4xx_hal_i2c.o
 .text.I2C_SlaveReceive_BTF
                0x0800440c       0x44 ./Drivers/STM32F4xx_HAL_Driver/Src/stm32f4xx_hal_i2c.o
 .text.I2C_Slave_ADDR
                0x08004450       0x94 ./Drivers/STM32F4xx_HAL_Driver/Src/stm32f4xx_hal_i2c.o
 .text.I2C_Slave_STOPF
                0x080044e4      0x260 ./Drivers/STM32F4xx_HAL_Driver/Src/stm32f4xx_hal_i2c.o
 .text.I2C_Slave_AF
                0x08004744       0xe8 ./Drivers/STM32F4xx_HAL_Driver/Src/stm32f4xx_hal_i2c.o
 .text.I2C_ITError
                0x0800482c      0x264 ./Drivers/STM32F4xx_HAL_Driver/Src/stm32f4xx_hal_i2c.o
 .text.I2C_MasterRequestWrite
                0x08004a90      0x104 ./Drivers/STM32F4xx_HAL_Driver/Src/stm32f4xx_hal_i2c.o
 .text.I2C_MasterRequestRead
                0x08004b94      0x19c ./Drivers/STM32F4xx_HAL_Driver/Src/stm32f4xx_hal_i2c.o
 .text.I2C_DMAAbort
                0x08004d30      0x150 ./Drivers/STM32F4xx_HAL_Driver/Src/stm32f4xx_hal_i2c.o
 .text.I2C_WaitOnFlagUntilTimeout
                0x08004e80       0xf4 ./Drivers/STM32F4xx_HAL_Driver/Src/stm32f4xx_hal_i2c.o
 .text.I2C_WaitOnMasterAddressFlagUntilTimeout
                0x08004f74      0x140 ./Drivers/STM32F4xx_HAL_Driver/Src/stm32f4xx_hal_i2c.o
 .text.I2C_WaitOnTXEFlagUntilTimeout
                0x080050b4       0x90 ./Drivers/STM32F4xx_HAL_Driver/Src/stm32f4xx_hal_i2c.o
 .text.I2C_WaitOnBTFFlagUntilTimeout
                0x08005144       0x90 ./Drivers/STM32F4xx_HAL_Driver/Src/stm32f4xx_hal_i2c.o
 .text.I2C_WaitOnSTOPRequestThroughIT
                0x080051d4       0x64 ./Drivers/STM32F4xx_HAL_Driver/Src/stm32f4xx_hal_i2c.o
 .text.I2C_WaitOnRXNEFlagUntilTimeout
                0x08005238       0xba ./Drivers/STM32F4xx_HAL_Driver/Src/stm32f4xx_hal_i2c.o
 .text.I2C_IsAcknowledgeFailed
                0x080052f2       0x5e ./Drivers/STM32F4xx_HAL_Driver/Src/stm32f4xx_hal_i2c.o
 .text.I2C_ConvertOtherXferOptions
                0x08005350       0x36 ./Drivers/STM32F4xx_HAL_Driver/Src/stm32f4xx_hal_i2c.o
 *fill*         0x08005386        0x2 
 .text.HAL_RCC_OscConfig
                0x08005388      0x4f0 ./Drivers/STM32F4xx_HAL_Driver/Src/stm32f4xx_hal_rcc.o
                0x08005388                HAL_RCC_OscConfig
 .text.HAL_RCC_ClockConfig
                0x08005878      0x1cc ./Drivers/STM32F4xx_HAL_Driver/Src/stm32f4xx_hal_rcc.o
                0x08005878                HAL_RCC_ClockConfig
 .text.HAL_RCC_GetSysClockFreq
                0x08005a44      0x188 ./Drivers/STM32F4xx_HAL_Driver/Src/stm32f4xx_hal_rcc.o
                0x08005a44                HAL_RCC_GetSysClockFreq
 .text.HAL_RCC_GetHCLKFreq
                0x08005bcc       0x18 ./Drivers/STM32F4xx_HAL_Driver/Src/stm32f4xx_hal_rcc.o
                0x08005bcc                HAL_RCC_GetHCLKFreq
 .text.HAL_RCC_GetPCLK1Freq
                0x08005be4       0x28 ./Drivers/STM32F4xx_HAL_Driver/Src/stm32f4xx_hal_rcc.o
                0x08005be4                HAL_RCC_GetPCLK1Freq
 .text.HAL_RCC_GetPCLK2Freq
                0x08005c0c       0x28 ./Drivers/STM32F4xx_HAL_Driver/Src/stm32f4xx_hal_rcc.o
                0x08005c0c                HAL_RCC_GetPCLK2Freq
 .text.HAL_RCC_GetClockConfig
                0x08005c34       0x64 ./Drivers/STM32F4xx_HAL_Driver/Src/stm32f4xx_hal_rcc.o
                0x08005c34                HAL_RCC_GetClockConfig
 .text.HAL_TIM_Base_Init
                0x08005c98       0x9e ./Drivers/STM32F4xx_HAL_Driver/Src/stm32f4xx_hal_tim.o
                0x08005c98                HAL_TIM_Base_Init
 .text.HAL_TIM_Base_MspInit
                0x08005d36       0x14 ./Drivers/STM32F4xx_HAL_Driver/Src/stm32f4xx_hal_tim.o
                0x08005d36                HAL_TIM_Base_MspInit
 *fill*         0x08005d4a        0x2 
 .text.HAL_TIM_Base_Start_IT
                0x08005d4c       0xc4 ./Drivers/STM32F4xx_HAL_Driver/Src/stm32f4xx_hal_tim.o
                0x08005d4c                HAL_TIM_Base_Start_IT
 .text.HAL_TIM_IRQHandler
                0x08005e10      0x1e0 ./Drivers/STM32F4xx_HAL_Driver/Src/stm32f4xx_hal_tim.o
                0x08005e10                HAL_TIM_IRQHandler
 .text.HAL_TIM_OC_DelayElapsedCallback
                0x08005ff0       0x14 ./Drivers/STM32F4xx_HAL_Driver/Src/stm32f4xx_hal_tim.o
                0x08005ff0                HAL_TIM_OC_DelayElapsedCallback
 .text.HAL_TIM_IC_CaptureCallback
                0x08006004       0x14 ./Drivers/STM32F4xx_HAL_Driver/Src/stm32f4xx_hal_tim.o
                0x08006004                HAL_TIM_IC_CaptureCallback
 .text.HAL_TIM_PWM_PulseFinishedCallback
                0x08006018       0x14 ./Drivers/STM32F4xx_HAL_Driver/Src/stm32f4xx_hal_tim.o
                0x08006018                HAL_TIM_PWM_PulseFinishedCallback
 .text.HAL_TIM_TriggerCallback
                0x0800602c       0x14 ./Drivers/STM32F4xx_HAL_Driver/Src/stm32f4xx_hal_tim.o
                0x0800602c                HAL_TIM_TriggerCallback
 .text.TIM_Base_SetConfig
                0x08006040      0x10c ./Drivers/STM32F4xx_HAL_Driver/Src/stm32f4xx_hal_tim.o
                0x08006040                TIM_Base_SetConfig
 .text.HAL_TIMEx_CommutCallback
                0x0800614c       0x14 ./Drivers/STM32F4xx_HAL_Driver/Src/stm32f4xx_hal_tim_ex.o
                0x0800614c                HAL_TIMEx_CommutCallback
 .text.HAL_TIMEx_BreakCallback
                0x08006160       0x14 ./Drivers/STM32F4xx_HAL_Driver/Src/stm32f4xx_hal_tim_ex.o
                0x08006160                HAL_TIMEx_BreakCallback
 .text.HAL_UART_Init
                0x08006174       0xa0 ./Drivers/STM32F4xx_HAL_Driver/Src/stm32f4xx_hal_uart.o
                0x08006174                HAL_UART_Init
 .text.HAL_UART_Transmit
                0x08006214      0x116 ./Drivers/STM32F4xx_HAL_Driver/Src/stm32f4xx_hal_uart.o
                0x08006214                HAL_UART_Transmit
 *fill*         0x0800632a        0x2 
 .text.HAL_UART_IRQHandler
                0x0800632c      0x554 ./Drivers/STM32F4xx_HAL_Driver/Src/stm32f4xx_hal_uart.o
                0x0800632c                HAL_UART_IRQHandler
 .text.HAL_UART_RxCpltCallback
                0x08006880       0x14 ./Drivers/STM32F4xx_HAL_Driver/Src/stm32f4xx_hal_uart.o
                0x08006880                HAL_UART_RxCpltCallback
 .text.HAL_UART_ErrorCallback
                0x08006894       0x14 ./Drivers/STM32F4xx_HAL_Driver/Src/stm32f4xx_hal_uart.o
                0x08006894                HAL_UART_ErrorCallback
 .text.HAL_UARTEx_RxEventCallback
                0x080068a8       0x18 ./Drivers/STM32F4xx_HAL_Driver/Src/stm32f4xx_hal_uart.o
                0x080068a8                HAL_UARTEx_RxEventCallback
 .text.UART_WaitOnFlagUntilTimeout
                0x080068c0       0xb2 ./Drivers/STM32F4xx_HAL_Driver/Src/stm32f4xx_hal_uart.o
 .text.UART_EndRxTransfer
                0x08006972       0xc6 ./Drivers/STM32F4xx_HAL_Driver/Src/stm32f4xx_hal_uart.o
 .text.UART_DMAAbortOnError
                0x08006a38       0x22 ./Drivers/STM32F4xx_HAL_Driver/Src/stm32f4xx_hal_uart.o
 .text.UART_Transmit_IT
                0x08006a5a       0xa0 ./Drivers/STM32F4xx_HAL_Driver/Src/stm32f4xx_hal_uart.o
 .text.UART_EndTransmit_IT
                0x08006afa       0x30 ./Drivers/STM32F4xx_HAL_Driver/Src/stm32f4xx_hal_uart.o
 .text.UART_Receive_IT
                0x08006b2a      0x17c ./Drivers/STM32F4xx_HAL_Driver/Src/stm32f4xx_hal_uart.o
 *fill*         0x08006ca6        0x2 
 .text.UART_SetConfig
                0x08006ca8      0x4e8 ./Drivers/STM32F4xx_HAL_Driver/Src/stm32f4xx_hal_uart.o
 .text.__NVIC_SetPriority
                0x08007190       0x54 ./Middlewares/Third_Party/FreeRTOS/Source/CMSIS_RTOS_V2/cmsis_os2.o
 .text.SysTick_Handler
                0x080071e4       0x20 ./Middlewares/Third_Party/FreeRTOS/Source/CMSIS_RTOS_V2/cmsis_os2.o
                0x080071e4                SysTick_Handler
 .text.SVC_Setup
                0x08007204       0x12 ./Middlewares/Third_Party/FreeRTOS/Source/CMSIS_RTOS_V2/cmsis_os2.o
 *fill*         0x08007216        0x2 
 .text.osKernelInitialize
                0x08007218       0x48 ./Middlewares/Third_Party/FreeRTOS/Source/CMSIS_RTOS_V2/cmsis_os2.o
                0x08007218                osKernelInitialize
 .text.osKernelStart
                0x08007260       0x4c ./Middlewares/Third_Party/FreeRTOS/Source/CMSIS_RTOS_V2/cmsis_os2.o
                0x08007260                osKernelStart
 .text.osThreadNew
                0x080072ac      0x124 ./Middlewares/Third_Party/FreeRTOS/Source/CMSIS_RTOS_V2/cmsis_os2.o
                0x080072ac                osThreadNew
 .text.osDelay  0x080073d0       0x36 ./Middlewares/Third_Party/FreeRTOS/Source/CMSIS_RTOS_V2/cmsis_os2.o
                0x080073d0                osDelay
 .text.osSemaphoreNew
                0x08007406      0x112 ./Middlewares/Third_Party/FreeRTOS/Source/CMSIS_RTOS_V2/cmsis_os2.o
                0x08007406                osSemaphoreNew
 .text.osSemaphoreAcquire
                0x08007518       0xa4 ./Middlewares/Third_Party/FreeRTOS/Source/CMSIS_RTOS_V2/cmsis_os2.o
                0x08007518                osSemaphoreAcquire
 .text.osSemaphoreRelease
                0x080075bc       0x88 ./Middlewares/Third_Party/FreeRTOS/Source/CMSIS_RTOS_V2/cmsis_os2.o
                0x080075bc                osSemaphoreRelease
 .text.osMessageQueueGet
                0x08007644       0xbc ./Middlewares/Third_Party/FreeRTOS/Source/CMSIS_RTOS_V2/cmsis_os2.o
                0x08007644                osMessageQueueGet
 .text.vApplicationGetIdleTaskMemory
                0x08007700       0x34 ./Middlewares/Third_Party/FreeRTOS/Source/CMSIS_RTOS_V2/cmsis_os2.o
                0x08007700                vApplicationGetIdleTaskMemory
 .text.vApplicationGetTimerTaskMemory
                0x08007734       0x34 ./Middlewares/Third_Party/FreeRTOS/Source/CMSIS_RTOS_V2/cmsis_os2.o
                0x08007734                vApplicationGetTimerTaskMemory
 .text.vListInitialise
                0x08007768       0x40 ./Middlewares/Third_Party/FreeRTOS/Source/list.o
                0x08007768                vListInitialise
 .text.vListInitialiseItem
                0x080077a8       0x1a ./Middlewares/Third_Party/FreeRTOS/Source/list.o
                0x080077a8                vListInitialiseItem
 .text.vListInsertEnd
                0x080077c2       0x48 ./Middlewares/Third_Party/FreeRTOS/Source/list.o
                0x080077c2                vListInsertEnd
 .text.vListInsert
                0x0800780a       0x72 ./Middlewares/Third_Party/FreeRTOS/Source/list.o
                0x0800780a                vListInsert
 .text.uxListRemove
                0x0800787c       0x54 ./Middlewares/Third_Party/FreeRTOS/Source/list.o
                0x0800787c                uxListRemove
 .text.xQueueGenericReset
                0x080078d0       0xd4 ./Middlewares/Third_Party/FreeRTOS/Source/queue.o
                0x080078d0                xQueueGenericReset
 .text.xQueueGenericCreateStatic
                0x080079a4       0xfa ./Middlewares/Third_Party/FreeRTOS/Source/queue.o
                0x080079a4                xQueueGenericCreateStatic
 .text.xQueueGenericCreate
                0x08007a9e       0x76 ./Middlewares/Third_Party/FreeRTOS/Source/queue.o
                0x08007a9e                xQueueGenericCreate
 .text.prvInitialiseNewQueue
                0x08007b14       0x46 ./Middlewares/Third_Party/FreeRTOS/Source/queue.o
 .text.xQueueCreateCountingSemaphoreStatic
                0x08007b5a       0x72 ./Middlewares/Third_Party/FreeRTOS/Source/queue.o
                0x08007b5a                xQueueCreateCountingSemaphoreStatic
 .text.xQueueCreateCountingSemaphore
                0x08007bcc       0x6a ./Middlewares/Third_Party/FreeRTOS/Source/queue.o
                0x08007bcc                xQueueCreateCountingSemaphore
 *fill*         0x08007c36        0x2 
 .text.xQueueGenericSend
                0x08007c38      0x204 ./Middlewares/Third_Party/FreeRTOS/Source/queue.o
                0x08007c38                xQueueGenericSend
 .text.xQueueGenericSendFromISR
                0x08007e3c      0x13c ./Middlewares/Third_Party/FreeRTOS/Source/queue.o
                0x08007e3c                xQueueGenericSendFromISR
 .text.xQueueGiveFromISR
                0x08007f78      0x120 ./Middlewares/Third_Party/FreeRTOS/Source/queue.o
                0x08007f78                xQueueGiveFromISR
 .text.xQueueReceive
                0x08008098      0x1c4 ./Middlewares/Third_Party/FreeRTOS/Source/queue.o
                0x08008098                xQueueReceive
 .text.xQueueSemaphoreTake
                0x0800825c      0x220 ./Middlewares/Third_Party/FreeRTOS/Source/queue.o
                0x0800825c                xQueueSemaphoreTake
 .text.xQueueReceiveFromISR
                0x0800847c      0x104 ./Middlewares/Third_Party/FreeRTOS/Source/queue.o
                0x0800847c                xQueueReceiveFromISR
 .text.vQueueDelete
                0x08008580       0x48 ./Middlewares/Third_Party/FreeRTOS/Source/queue.o
                0x08008580                vQueueDelete
 .text.prvGetDisinheritPriorityAfterTimeout
                0x080085c8       0x30 ./Middlewares/Third_Party/FreeRTOS/Source/queue.o
 .text.prvCopyDataToQueue
                0x080085f8       0xd4 ./Middlewares/Third_Party/FreeRTOS/Source/queue.o
 .text.prvCopyDataFromQueue
                0x080086cc       0x4c ./Middlewares/Third_Party/FreeRTOS/Source/queue.o
 .text.prvUnlockQueue
                0x08008718       0xa4 ./Middlewares/Third_Party/FreeRTOS/Source/queue.o
 .text.prvIsQueueEmpty
                0x080087bc       0x2c ./Middlewares/Third_Party/FreeRTOS/Source/queue.o
 .text.prvIsQueueFull
                0x080087e8       0x30 ./Middlewares/Third_Party/FreeRTOS/Source/queue.o
 .text.vQueueAddToRegistry
                0x08008818       0x54 ./Middlewares/Third_Party/FreeRTOS/Source/queue.o
                0x08008818                vQueueAddToRegistry
 .text.vQueueUnregisterQueue
                0x0800886c       0x54 ./Middlewares/Third_Party/FreeRTOS/Source/queue.o
                0x0800886c                vQueueUnregisterQueue
 .text.vQueueWaitForMessageRestricted
                0x080088c0       0x68 ./Middlewares/Third_Party/FreeRTOS/Source/queue.o
                0x080088c0                vQueueWaitForMessageRestricted
 .text.xTaskCreateStatic
                0x08008928       0xc0 ./Middlewares/Third_Party/FreeRTOS/Source/tasks.o
                0x08008928                xTaskCreateStatic
 .text.xTaskCreate
                0x080089e8       0x8a ./Middlewares/Third_Party/FreeRTOS/Source/tasks.o
                0x080089e8                xTaskCreate
 *fill*         0x08008a72        0x2 
 .text.prvInitialiseNewTask
                0x08008a74      0x150 ./Middlewares/Third_Party/FreeRTOS/Source/tasks.o
 .text.prvAddNewTaskToReadyList
                0x08008bc4       0xe0 ./Middlewares/Third_Party/FreeRTOS/Source/tasks.o
 .text.vTaskDelay
                0x08008ca4       0x6c ./Middlewares/Third_Party/FreeRTOS/Source/tasks.o
                0x08008ca4                vTaskDelay
 .text.vTaskStartScheduler
                0x08008d10       0xe0 ./Middlewares/Third_Party/FreeRTOS/Source/tasks.o
                0x08008d10                vTaskStartScheduler
 .text.vTaskSuspendAll
                0x08008df0       0x1c ./Middlewares/Third_Party/FreeRTOS/Source/tasks.o
                0x08008df0                vTaskSuspendAll
 .text.prvGetExpectedIdleTime
                0x08008e0c       0x70 ./Middlewares/Third_Party/FreeRTOS/Source/tasks.o
 .text.xTaskResumeAll
                0x08008e7c      0x13c ./Middlewares/Third_Party/FreeRTOS/Source/tasks.o
                0x08008e7c                xTaskResumeAll
 .text.xTaskGetTickCount
                0x08008fb8       0x20 ./Middlewares/Third_Party/FreeRTOS/Source/tasks.o
                0x08008fb8                xTaskGetTickCount
 .text.vTaskStepTick
                0x08008fd8       0x50 ./Middlewares/Third_Party/FreeRTOS/Source/tasks.o
                0x08008fd8                vTaskStepTick
 .text.xTaskIncrementTick
                0x08009028      0x174 ./Middlewares/Third_Party/FreeRTOS/Source/tasks.o
                0x08009028                xTaskIncrementTick
 .text.vTaskSwitchContext
                0x0800919c       0xcc ./Middlewares/Third_Party/FreeRTOS/Source/tasks.o
                0x0800919c                vTaskSwitchContext
 .text.vTaskPlaceOnEventList
                0x08009268       0x4c ./Middlewares/Third_Party/FreeRTOS/Source/tasks.o
                0x08009268                vTaskPlaceOnEventList
 .text.vTaskPlaceOnEventListRestricted
                0x080092b4       0x58 ./Middlewares/Third_Party/FreeRTOS/Source/tasks.o
                0x080092b4                vTaskPlaceOnEventListRestricted
 .text.xTaskRemoveFromEventList
                0x0800930c       0xcc ./Middlewares/Third_Party/FreeRTOS/Source/tasks.o
                0x0800930c                xTaskRemoveFromEventList
 .text.vTaskInternalSetTimeOutState
                0x080093d8       0x2c ./Middlewares/Third_Party/FreeRTOS/Source/tasks.o
                0x080093d8                vTaskInternalSetTimeOutState
 .text.xTaskCheckForTimeOut
                0x08009404       0xc8 ./Middlewares/Third_Party/FreeRTOS/Source/tasks.o
                0x08009404                xTaskCheckForTimeOut
 .text.vTaskMissedYield
                0x080094cc       0x18 ./Middlewares/Third_Party/FreeRTOS/Source/tasks.o
                0x080094cc                vTaskMissedYield
 .text.prvIdleTask
                0x080094e4       0x80 ./Middlewares/Third_Party/FreeRTOS/Source/tasks.o
 .text.eTaskConfirmSleepModeStatus
                0x08009564       0x5c ./Middlewares/Third_Party/FreeRTOS/Source/tasks.o
                0x08009564                eTaskConfirmSleepModeStatus
 .text.prvInitialiseTaskLists
                0x080095c0       0x80 ./Middlewares/Third_Party/FreeRTOS/Source/tasks.o
 .text.prvCheckTasksWaitingTermination
                0x08009640       0x5c ./Middlewares/Third_Party/FreeRTOS/Source/tasks.o
 .text.prvDeleteTCB
                0x0800969c       0x6a ./Middlewares/Third_Party/FreeRTOS/Source/tasks.o
 *fill*         0x08009706        0x2 
 .text.prvResetNextTaskUnblockTime
                0x08009708       0x40 ./Middlewares/Third_Party/FreeRTOS/Source/tasks.o
 .text.xTaskGetSchedulerState
                0x08009748       0x3c ./Middlewares/Third_Party/FreeRTOS/Source/tasks.o
                0x08009748                xTaskGetSchedulerState
 .text.xTaskPriorityInherit
                0x08009784       0xd0 ./Middlewares/Third_Party/FreeRTOS/Source/tasks.o
                0x08009784                xTaskPriorityInherit
 .text.xTaskPriorityDisinherit
                0x08009854       0xe0 ./Middlewares/Third_Party/FreeRTOS/Source/tasks.o
                0x08009854                xTaskPriorityDisinherit
 .text.vTaskPriorityDisinheritAfterTimeout
                0x08009934      0x108 ./Middlewares/Third_Party/FreeRTOS/Source/tasks.o
                0x08009934                vTaskPriorityDisinheritAfterTimeout
 .text.pvTaskIncrementMutexHeldCount
                0x08009a3c       0x28 ./Middlewares/Third_Party/FreeRTOS/Source/tasks.o
                0x08009a3c                pvTaskIncrementMutexHeldCount
 .text.prvAddCurrentTaskToDelayedList
                0x08009a64       0xa8 ./Middlewares/Third_Party/FreeRTOS/Source/tasks.o
 .text.xTimerCreateTimerTask
                0x08009b0c       0x94 ./Middlewares/Third_Party/FreeRTOS/Source/timers.o
                0x08009b0c                xTimerCreateTimerTask
 .text.xTimerGenericCommand
                0x08009ba0       0x9c ./Middlewares/Third_Party/FreeRTOS/Source/timers.o
                0x08009ba0                xTimerGenericCommand
 .text.prvProcessExpiredTimer
                0x08009c3c       0x9c ./Middlewares/Third_Party/FreeRTOS/Source/timers.o
 .text.prvTimerTask
                0x08009cd8       0x26 ./Middlewares/Third_Party/FreeRTOS/Source/timers.o
 *fill*         0x08009cfe        0x2 
 .text.prvProcessTimerOrBlockTask
                0x08009d00       0x9c ./Middlewares/Third_Party/FreeRTOS/Source/timers.o
 .text.prvGetNextExpireTime
                0x08009d9c       0x48 ./Middlewares/Third_Party/FreeRTOS/Source/timers.o
 .text.prvSampleTimeNow
                0x08009de4       0x40 ./Middlewares/Third_Party/FreeRTOS/Source/timers.o
 .text.prvInsertTimerInActiveList
                0x08009e24       0x84 ./Middlewares/Third_Party/FreeRTOS/Source/timers.o
 .text.prvProcessReceivedCommands
                0x08009ea8      0x1cc ./Middlewares/Third_Party/FreeRTOS/Source/timers.o
 .text.prvSwitchTimerLists
                0x0800a074       0xcc ./Middlewares/Third_Party/FreeRTOS/Source/timers.o
 .text.prvCheckForValidListAndQueue
                0x0800a140       0x80 ./Middlewares/Third_Party/FreeRTOS/Source/timers.o
 .text.pxPortInitialiseStack
                0x0800a1c0       0x68 ./Middlewares/Third_Party/FreeRTOS/Source/portable/GCC/ARM_CM4F/port.o
                0x0800a1c0                pxPortInitialiseStack
 .text.prvTaskExitError
                0x0800a228       0x5c ./Middlewares/Third_Party/FreeRTOS/Source/portable/GCC/ARM_CM4F/port.o
 *fill*         0x0800a284        0xc 
 .text.SVC_Handler
                0x0800a290       0x28 ./Middlewares/Third_Party/FreeRTOS/Source/portable/GCC/ARM_CM4F/port.o
                0x0800a290                SVC_Handler
 .text.prvPortStartFirstTask
                0x0800a2b8       0x28 ./Middlewares/Third_Party/FreeRTOS/Source/portable/GCC/ARM_CM4F/port.o
 .text.xPortStartScheduler
                0x0800a2e0      0x148 ./Middlewares/Third_Party/FreeRTOS/Source/portable/GCC/ARM_CM4F/port.o
                0x0800a2e0                xPortStartScheduler
 .text.vPortEnterCritical
                0x0800a428       0x64 ./Middlewares/Third_Party/FreeRTOS/Source/portable/GCC/ARM_CM4F/port.o
                0x0800a428                vPortEnterCritical
 .text.vPortExitCritical
                0x0800a48c       0x54 ./Middlewares/Third_Party/FreeRTOS/Source/portable/GCC/ARM_CM4F/port.o
                0x0800a48c                vPortExitCritical
 .text.PendSV_Handler
                0x0800a4e0       0x68 ./Middlewares/Third_Party/FreeRTOS/Source/portable/GCC/ARM_CM4F/port.o
                0x0800a4e0                PendSV_Handler
 .text.xPortSysTickHandler
                0x0800a548       0x44 ./Middlewares/Third_Party/FreeRTOS/Source/portable/GCC/ARM_CM4F/port.o
                0x0800a548                xPortSysTickHandler
 .text.vPortSuppressTicksAndSleep
                0x0800a58c      0x188 ./Middlewares/Third_Party/FreeRTOS/Source/portable/GCC/ARM_CM4F/port.o
                0x0800a58c                vPortSuppressTicksAndSleep
 .text.vPortSetupTimerInterrupt
                0x0800a714       0x78 ./Middlewares/Third_Party/FreeRTOS/Source/portable/GCC/ARM_CM4F/port.o
                0x0800a714                vPortSetupTimerInterrupt
 .text.vPortEnableVFP
                0x0800a78c       0x14 ./Middlewares/Third_Party/FreeRTOS/Source/portable/GCC/ARM_CM4F/port.o
 .text.vPortValidateInterruptPriority
                0x0800a7a0       0x84 ./Middlewares/Third_Party/FreeRTOS/Source/portable/GCC/ARM_CM4F/port.o
                0x0800a7a0                vPortValidateInterruptPriority
 .text.pvPortMalloc
                0x0800a824      0x19c ./Middlewares/Third_Party/FreeRTOS/Source/portable/MemMang/heap_4.o
                0x0800a824                pvPortMalloc
 .text.vPortFree
                0x0800a9c0       0xc8 ./Middlewares/Third_Party/FreeRTOS/Source/portable/MemMang/heap_4.o
                0x0800a9c0                vPortFree
 .text.prvHeapInit
                0x0800aa88       0xc4 ./Middlewares/Third_Party/FreeRTOS/Source/portable/MemMang/heap_4.o
 .text.prvInsertBlockIntoFreeList
                0x0800ab4c       0xb4 ./Middlewares/Third_Party/FreeRTOS/Source/portable/MemMang/heap_4.o
 .text.sbrk_aligned
                0x0800ac00       0x44 E:/STM32CubeIDE_1.16.1/STM32CubeIDE/plugins/com.st.stm32cube.ide.mcu.externaltools.gnu-tools-for-stm32.14.3.rel1.win32_1.0.100.202602081740/tools/bin/../lib/gcc/arm-none-eabi/14.3.1/../../../../arm-none-eabi/lib/thumb/v7e-m+fp/hard\libc_nano.a(libc_a-mallocr.o)
 .text._malloc_r
                0x0800ac44      0x100 E:/STM32CubeIDE_1.16.1/STM32CubeIDE/plugins/com.st.stm32cube.ide.mcu.externaltools.gnu-tools-for-stm32.14.3.rel1.win32_1.0.100.202602081740/tools/bin/../lib/gcc/arm-none-eabi/14.3.1/../../../../arm-none-eabi/lib/thumb/v7e-m+fp/hard\libc_nano.a(libc_a-mallocr.o)
                0x0800ac44                _malloc_r
 .text.__malloc_lock
                0x0800ad44        0xc E:/STM32CubeIDE_1.16.1/STM32CubeIDE/plugins/com.st.stm32cube.ide.mcu.externaltools.gnu-tools-for-stm32.14.3.rel1.win32_1.0.100.202602081740/tools/bin/../lib/gcc/arm-none-eabi/14.3.1/../../../../arm-none-eabi/lib/thumb/v7e-m+fp/hard\libc_nano.a(libc_a-mlock.o)
                0x0800ad44                __malloc_lock
 .text.__malloc_unlock
                0x0800ad50        0xc E:/STM32CubeIDE_1.16.1/STM32CubeIDE/plugins/com.st.stm32cube.ide.mcu.externaltools.gnu-tools-for-stm32.14.3.rel1.win32_1.0.100.202602081740/tools/bin/../lib/gcc/arm-none-eabi/14.3.1/../../../../arm-none-eabi/lib/thumb/v7e-m+fp/hard\libc_nano.a(libc_a-mlock.o)
                0x0800ad50                __malloc_unlock
 .text.snprintf
                0x0800ad5c       0x6c E:/STM32CubeIDE_1.16.1/STM32CubeIDE/plugins/com.st.stm32cube.ide.mcu.externaltools.gnu-tools-for-stm32.14.3.rel1.win32_1.0.100.202602081740/tools/bin/../lib/gcc/arm-none-eabi/14.3.1/../../../../arm-none-eabi/lib/thumb/v7e-m+fp/hard\libc_nano.a(libc_a-snprintf.o)
                0x0800ad5c                sniprintf
                0x0800ad5c                snprintf
 .text._vsnprintf_r
                0x0800adc8       0x5c E:/STM32CubeIDE_1.16.1/STM32CubeIDE/plugins/com.st.stm32cube.ide.mcu.externaltools.gnu-tools-for-stm32.14.3.rel1.win32_1.0.100.202602081740/tools/bin/../lib/gcc/arm-none-eabi/14.3.1/../../../../arm-none-eabi/lib/thumb/v7e-m+fp/hard\libc_nano.a(libc_a-vsnprintf.o)
                0x0800adc8                _vsniprintf_r
                0x0800adc8                _vsnprintf_r
 .text.vsnprintf
                0x0800ae24       0x1c E:/STM32CubeIDE_1.16.1/STM32CubeIDE/plugins/com.st.stm32cube.ide.mcu.externaltools.gnu-tools-for-stm32.14.3.rel1.win32_1.0.100.202602081740/tools/bin/../lib/gcc/arm-none-eabi/14.3.1/../../../../arm-none-eabi/lib/thumb/v7e-m+fp/hard\libc_nano.a(libc_a-vsnprintf.o)
                0x0800ae24                vsniprintf
                0x0800ae24                vsnprintf
 .text.memset   0x0800ae40       0x10 E:/STM32CubeIDE_1.16.1/STM32CubeIDE/plugins/com.st.stm32cube.ide.mcu.externaltools.gnu-tools-for-stm32.14.3.rel1.win32_1.0.100.202602081740/tools/bin/../lib/gcc/arm-none-eabi/14.3.1/../../../../arm-none-eabi/lib/thumb/v7e-m+fp/hard\libc_nano.a(libc_a-memset.o)
                0x0800ae40                memset
 .text.strncmp  0x0800ae50       0x24 E:/STM32CubeIDE_1.16.1/STM32CubeIDE/plugins/com.st.stm32cube.ide.mcu.externaltools.gnu-tools-for-stm32.14.3.rel1.win32_1.0.100.202602081740/tools/bin/../lib/gcc/arm-none-eabi/14.3.1/../../../../arm-none-eabi/lib/thumb/v7e-m+fp/hard\libc_nano.a(libc_a-strncmp.o)
                0x0800ae50                strncmp
 .text.strncpy  0x0800ae74       0x26 E:/STM32CubeIDE_1.16.1/STM32CubeIDE/plugins/com.st.stm32cube.ide.mcu.externaltools.gnu-tools-for-stm32.14.3.rel1.win32_1.0.100.202602081740/tools/bin/../lib/gcc/arm-none-eabi/14.3.1/../../../../arm-none-eabi/lib/thumb/v7e-m+fp/hard\libc_nano.a(libc_a-strncpy.o)
                0x0800ae74                strncpy
 *fill*         0x0800ae9a        0x2 
 .text._reclaim_reent
                0x0800ae9c       0xbc E:/STM32CubeIDE_1.16.1/STM32CubeIDE/plugins/com.st.stm32cube.ide.mcu.externaltools.gnu-tools-for-stm32.14.3.rel1.win32_1.0.100.202602081740/tools/bin/../lib/gcc/arm-none-eabi/14.3.1/../../../../arm-none-eabi/lib/thumb/v7e-m+fp/hard\libc_nano.a(libc_a-reent.o)
                0x0800ae9c                _reclaim_reent
 .text._sbrk_r  0x0800af58       0x20 E:/STM32CubeIDE_1.16.1/STM32CubeIDE/plugins/com.st.stm32cube.ide.mcu.externaltools.gnu-tools-for-stm32.14.3.rel1.win32_1.0.100.202602081740/tools/bin/../lib/gcc/arm-none-eabi/14.3.1/../../../../arm-none-eabi/lib/thumb/v7e-m+fp/hard\libc_nano.a(libc_a-sbrkr.o)
                0x0800af58                _sbrk_r
 .text.__errno  0x0800af78        0xc E:/STM32CubeIDE_1.16.1/STM32CubeIDE/plugins/com.st.stm32cube.ide.mcu.externaltools.gnu-tools-for-stm32.14.3.rel1.win32_1.0.100.202602081740/tools/bin/../lib/gcc/arm-none-eabi/14.3.1/../../../../arm-none-eabi/lib/thumb/v7e-m+fp/hard\libc_nano.a(libc_a-errno.o)
                0x0800af78                __errno
 .text.__libc_init_array
                0x0800af84       0x48 E:/STM32CubeIDE_1.16.1/STM32CubeIDE/plugins/com.st.stm32cube.ide.mcu.externaltools.gnu-tools-for-stm32.14.3.rel1.win32_1.0.100.202602081740/tools/bin/../lib/gcc/arm-none-eabi/14.3.1/../../../../arm-none-eabi/lib/thumb/v7e-m+fp/hard\libc_nano.a(libc_a-init.o)
                0x0800af84                __libc_init_array
 .text.memcpy   0x0800afcc       0x1c E:/STM32CubeIDE_1.16.1/STM32CubeIDE/plugins/com.st.stm32cube.ide.mcu.externaltools.gnu-tools-for-stm32.14.3.rel1.win32_1.0.100.202602081740/tools/bin/../lib/gcc/arm-none-eabi/14.3.1/../../../../arm-none-eabi/lib/thumb/v7e-m+fp/hard\libc_nano.a(libc_a-memcpy-stub.o)
                0x0800afcc                memcpy
 .text._free_r  0x0800afe8       0x94 E:/STM32CubeIDE_1.16.1/STM32CubeIDE/plugins/com.st.stm32cube.ide.mcu.externaltools.gnu-tools-for-stm32.14.3.rel1.win32_1.0.100.202602081740/tools/bin/../lib/gcc/arm-none-eabi/14.3.1/../../../../arm-none-eabi/lib/thumb/v7e-m+fp/hard\libc_nano.a(libc_a-freer.o)
                0x0800afe8                _free_r
 .text.__ssputs_r
                0x0800b07c       0xc0 E:/STM32CubeIDE_1.16.1/STM32CubeIDE/plugins/com.st.stm32cube.ide.mcu.externaltools.gnu-tools-for-stm32.14.3.rel1.win32_1.0.100.202602081740/tools/bin/../lib/gcc/arm-none-eabi/14.3.1/../../../../arm-none-eabi/lib/thumb/v7e-m+fp/hard\libc_nano.a(libc_a-nano-svfprintf.o)
                0x0800b07c                __ssputs_r
 .text._svfprintf_r
                0x0800b13c      0x1f0 E:/STM32CubeIDE_1.16.1/STM32CubeIDE/plugins/com.st.stm32cube.ide.mcu.externaltools.gnu-tools-for-stm32.14.3.rel1.win32_1.0.100.202602081740/tools/bin/../lib/gcc/arm-none-eabi/14.3.1/../../../../arm-none-eabi/lib/thumb/v7e-m+fp/hard\libc_nano.a(libc_a-nano-svfprintf.o)
                0x0800b13c                _svfiprintf_r
                0x0800b13c                _svfprintf_r
 .text._printf_common
                0x0800b32c       0xda E:/STM32CubeIDE_1.16.1/STM32CubeIDE/plugins/com.st.stm32cube.ide.mcu.externaltools.gnu-tools-for-stm32.14.3.rel1.win32_1.0.100.202602081740/tools/bin/../lib/gcc/arm-none-eabi/14.3.1/../../../../arm-none-eabi/lib/thumb/v7e-m+fp/hard\libc_nano.a(libc_a-nano-vfprintf_i.o)
                0x0800b32c                _printf_common
 *fill*         0x0800b406        0x2 
 .text._printf_i
                0x0800b408      0x24c E:/STM32CubeIDE_1.16.1/STM32CubeIDE/plugins/com.st.stm32cube.ide.mcu.externaltools.gnu-tools-for-stm32.14.3.rel1.win32_1.0.100.202602081740/tools/bin/../lib/gcc/arm-none-eabi/14.3.1/../../../../arm-none-eabi/lib/thumb/v7e-m+fp/hard\libc_nano.a(libc_a-nano-vfprintf_i.o)
                0x0800b408                _printf_i
 .text.memmove  0x0800b654       0x32 E:/STM32CubeIDE_1.16.1/STM32CubeIDE/plugins/com.st.stm32cube.ide.mcu.externaltools.gnu-tools-for-stm32.14.3.rel1.win32_1.0.100.202602081740/tools/bin/../lib/gcc/arm-none-eabi/14.3.1/../../../../arm-none-eabi/lib/thumb/v7e-m+fp/hard\libc_nano.a(libc_a-memmove.o)
                0x0800b654                memmove
 .text._realloc_r
                0x0800b686       0x5c E:/STM32CubeIDE_1.16.1/STM32CubeIDE/plugins/com.st.stm32cube.ide.mcu.externaltools.gnu-tools-for-stm32.14.3.rel1.win32_1.0.100.202602081740/tools/bin/../lib/gcc/arm-none-eabi/14.3.1/../../../../arm-none-eabi/lib/thumb/v7e-m+fp/hard\libc_nano.a(libc_a-reallocr.o)
                0x0800b686                _realloc_r
 .text._malloc_usable_size_r
                0x0800b6e2       0x10 E:/STM32CubeIDE_1.16.1/STM32CubeIDE/plugins/com.st.stm32cube.ide.mcu.externaltools.gnu-tools-for-stm32.14.3.rel1.win32_1.0.100.202602081740/tools/bin/../lib/gcc/arm-none-eabi/14.3.1/../../../../arm-none-eabi/lib/thumb/v7e-m+fp/hard\libc_nano.a(libc_a-msizer.o)
                0x0800b6e2                _malloc_usable_size_r
 *(.glue_7)
 .glue_7        0x0800b6f2        0x0 linker stubs
 *(.glue_7t)
 .glue_7t       0x0800b6f2        0x0 linker stubs
 *(.eh_frame)
 *fill*         0x0800b6f2        0x2 
 .eh_frame      0x0800b6f4        0x0 E:/STM32CubeIDE_1.16.1/STM32CubeIDE/plugins/com.st.stm32cube.ide.mcu.externaltools.gnu-tools-for-stm32.14.3.rel1.win32_1.0.100.202602081740/tools/bin/../lib/gcc/arm-none-eabi/14.3.1/thumb/v7e-m+fp/hard/crtbegin.o
 *(.init)
 .init          0x0800b6f4        0x4 E:/STM32CubeIDE_1.16.1/STM32CubeIDE/plugins/com.st.stm32cube.ide.mcu.externaltools.gnu-tools-for-stm32.14.3.rel1.win32_1.0.100.202602081740/tools/bin/../lib/gcc/arm-none-eabi/14.3.1/thumb/v7e-m+fp/hard/crti.o
                0x0800b6f4                _init
 .init          0x0800b6f8        0x8 E:/STM32CubeIDE_1.16.1/STM32CubeIDE/plugins/com.st.stm32cube.ide.mcu.externaltools.gnu-tools-for-stm32.14.3.rel1.win32_1.0.100.202602081740/tools/bin/../lib/gcc/arm-none-eabi/14.3.1/thumb/v7e-m+fp/hard/crtn.o
 *(.fini)
 .fini          0x0800b700        0x4 E:/STM32CubeIDE_1.16.1/STM32CubeIDE/plugins/com.st.stm32cube.ide.mcu.externaltools.gnu-tools-for-stm32.14.3.rel1.win32_1.0.100.202602081740/tools/bin/../lib/gcc/arm-none-eabi/14.3.1/thumb/v7e-m+fp/hard/crti.o
                0x0800b700                _fini
 .fini          0x0800b704        0x8 E:/STM32CubeIDE_1.16.1/STM32CubeIDE/plugins/com.st.stm32cube.ide.mcu.externaltools.gnu-tools-for-stm32.14.3.rel1.win32_1.0.100.202602081740/tools/bin/../lib/gcc/arm-none-eabi/14.3.1/thumb/v7e-m+fp/hard/crtn.o
                0x0800b70c                        . = ALIGN (0x4)
                0x0800b70c                        _etext = .

.vfp11_veneer   0x0800b70c        0x0
 .vfp11_veneer  0x0800b70c        0x0 linker stubs

.v4_bx          0x0800b70c        0x0
 .v4_bx         0x0800b70c        0x0 linker stubs

.iplt           0x0800b70c        0x0
 .iplt          0x0800b70c        0x0 E:/STM32CubeIDE_1.16.1/STM32CubeIDE/plugins/com.st.stm32cube.ide.mcu.externaltools.gnu-tools-for-stm32.14.3.rel1.win32_1.0.100.202602081740/tools/bin/../lib/gcc/arm-none-eabi/14.3.1/thumb/v7e-m+fp/hard/crtbegin.o

.rodata         0x0800b70c      0x93c
                0x0800b70c                        . = ALIGN (0x4)
 *(.rodata)
 .rodata        0x0800b70c      0x477 ./Core/Src/logger.o
 *fill*         0x0800bb83        0x1 
 .rodata        0x0800bb84       0x2b ./Core/Src/main.o
 *fill*         0x0800bbaf        0x1 
 .rodata        0x0800bbb0      0x184 ./Core/Src/traffic_controller.o
 .rodata        0x0800bd34      0x23c ./Core/Src/uart_handler.o
 .rodata        0x0800bf70        0x5 ./Middlewares/Third_Party/FreeRTOS/Source/tasks.o
 *fill*         0x0800bf75        0x3 
 .rodata        0x0800bf78        0xd ./Middlewares/Third_Party/FreeRTOS/Source/timers.o
 *(.rodata*)
 *fill*         0x0800bf85        0x3 
 .rodata.defaultTask_attributes
                0x0800bf88       0x24 ./Core/Src/main.o
                0x0800bf88                defaultTask_attributes
 .rodata.UARTTask_attributes
                0x0800bfac       0x24 ./Core/Src/main.o
                0x0800bfac                UARTTask_attributes
 .rodata.RTCTask_attributes
                0x0800bfd0       0x24 ./Core/Src/main.o
                0x0800bfd0                RTCTask_attributes
 .rodata.AHBPrescTable
                0x0800bff4       0x10 ./Core/Src/system_stm32f4xx.o
                0x0800bff4                AHBPrescTable
 .rodata.APBPrescTable
                0x0800c004        0x8 ./Core/Src/system_stm32f4xx.o
                0x0800c004                APBPrescTable
 .rodata.flagBitshiftOffset.0
                0x0800c00c        0x8 ./Drivers/STM32F4xx_HAL_Driver/Src/stm32f4xx_hal_dma.o
 .rodata._svfprintf_r.str1.1
                0x0800c014       0x33 E:/STM32CubeIDE_1.16.1/STM32CubeIDE/plugins/com.st.stm32cube.ide.mcu.externaltools.gnu-tools-for-stm32.14.3.rel1.win32_1.0.100.202602081740/tools/bin/../lib/gcc/arm-none-eabi/14.3.1/../../../../arm-none-eabi/lib/thumb/v7e-m+fp/hard\libc_nano.a(libc_a-nano-svfprintf.o)
                                 0x11 (size before relaxing)
 .rodata._printf_i.str1.1
                0x0800c047       0x22 E:/STM32CubeIDE_1.16.1/STM32CubeIDE/plugins/com.st.stm32cube.ide.mcu.externaltools.gnu-tools-for-stm32.14.3.rel1.win32_1.0.100.202602081740/tools/bin/../lib/gcc/arm-none-eabi/14.3.1/../../../../arm-none-eabi/lib/thumb/v7e-m+fp/hard\libc_nano.a(libc_a-nano-vfprintf_i.o)
                0x0800c06c                        . = ALIGN (0x4)
 *fill*         0x0800c047        0x1 

.ARM.extab      0x0800c048        0x0
                0x0800c048                        . = ALIGN (0x4)
 *(.ARM.extab* .gnu.linkonce.armextab.*)
                0x0800c048                        . = ALIGN (0x4)

.ARM            0x0800c048        0x8
                0x0800c048                        . = ALIGN (0x4)
                0x0800c048                        __exidx_start = .
 *(.ARM.exidx*)
 .ARM.exidx     0x0800c048        0x8 E:/STM32CubeIDE_1.16.1/STM32CubeIDE/plugins/com.st.stm32cube.ide.mcu.externaltools.gnu-tools-for-stm32.14.3.rel1.win32_1.0.100.202602081740/tools/bin/../lib/gcc/arm-none-eabi/14.3.1/../../../../arm-none-eabi/lib/thumb/v7e-m+fp/hard\libc_nano.a(libc_a-memchr.o)
 .ARM.exidx     0x0800c050        0x0 E:/STM32CubeIDE_1.16.1/STM32CubeIDE/plugins/com.st.stm32cube.ide.mcu.externaltools.gnu-tools-for-stm32.14.3.rel1.win32_1.0.100.202602081740/tools/bin/../lib/gcc/arm-none-eabi/14.3.1/thumb/v7e-m+fp/hard\libgcc.a(_udivmoddi4.o)
                                  0x8 (size before relaxing)
                0x0800c050                        __exidx_end = .
                0x0800c050                        . = ALIGN (0x4)

.preinit_array  0x0800c050        0x0
                0x0800c050                        . = ALIGN (0x4)
                0x0800c050                        PROVIDE (__preinit_array_start = .)
 *(.preinit_array*)
                0x0800c050                        PROVIDE (__preinit_array_end = .)
                0x0800c050                        . = ALIGN (0x4)

.init_array     0x0800c050        0x4
                0x0800c050                        . = ALIGN (0x4)
                0x0800c050                        PROVIDE (__init_array_start = .)
 *(SORT_BY_NAME(.init_array.*))
 *(.init_array*)
 .init_array    0x0800c050        0x4 E:/STM32CubeIDE_1.16.1/STM32CubeIDE/plugins/com.st.stm32cube.ide.mcu.externaltools.gnu-tools-for-stm32.14.3.rel1.win32_1.0.100.202602081740/tools/bin/../lib/gcc/arm-none-eabi/14.3.1/thumb/v7e-m+fp/hard/crtbegin.o
                0x0800c054                        PROVIDE (__init_array_end = .)
                0x0800c054                        . = ALIGN (0x4)

.fini_array     0x0800c054        0x4
                0x0800c054                        . = ALIGN (0x4)
                [!provide]                        PROVIDE (__fini_array_start = .)
 *(SORT_BY_NAME(.fini_array.*))
 *(.fini_array*)
 .fini_array    0x0800c054        0x4 E:/STM32CubeIDE_1.16.1/STM32CubeIDE/plugins/com.st.stm32cube.ide.mcu.externaltools.gnu-tools-for-stm32.14.3.rel1.win32_1.0.100.202602081740/tools/bin/../lib/gcc/arm-none-eabi/14.3.1/thumb/v7e-m+fp/hard/crtbegin.o
                [!provide]                        PROVIDE (__fini_array_end = .)
                0x0800c058                        . = ALIGN (0x4)
                0x0800c058                        _sidata = LOADADDR (.data)

.rel.dyn        0x0800c058        0x0
 .rel.iplt      0x0800c058        0x0 E:/STM32CubeIDE_1.16.1/STM32CubeIDE/plugins/com.st.stm32cube.ide.mcu.externaltools.gnu-tools-for-stm32.14.3.rel1.win32_1.0.100.202602081740/tools/bin/../lib/gcc/arm-none-eabi/14.3.1/thumb/v7e-m+fp/hard/crtbegin.o

.data           0x20000000       0x84 load address 0x0800c058
                0x20000000                        . = ALIGN (0x4)
                0x20000000                        _sdata = .
 *(.data)
 *(.data*)
 .data.levelStr
                0x20000000        0xc ./Core/Src/logger.o
 .data.isSent   0x2000000c        0x1 ./Core/Src/serialControl.o
 *fill*         0x2000000d        0x3 
 .data.SystemCoreClock
                0x20000010        0x4 ./Core/Src/system_stm32f4xx.o
                0x20000010                SystemCoreClock
 .data.gTrafficState
                0x20000014       0x14 ./Core/Src/traffic_controller.o
                0x20000014                gTrafficState
 .data.uwTickPrio
                0x20000028        0x4 ./Drivers/STM32F4xx_HAL_Driver/Src/stm32f4xx_hal.o
                0x20000028                uwTickPrio
 .data.uwTickFreq
                0x2000002c        0x1 ./Drivers/STM32F4xx_HAL_Driver/Src/stm32f4xx_hal.o
                0x2000002c                uwTickFreq
 *fill*         0x2000002d        0x3 
 .data.uxCriticalNesting
                0x20000030        0x4 ./Middlewares/Third_Party/FreeRTOS/Source/portable/GCC/ARM_CM4F/port.o
 .data._impure_ptr
                0x20000034        0x4 E:/STM32CubeIDE_1.16.1/STM32CubeIDE/plugins/com.st.stm32cube.ide.mcu.externaltools.gnu-tools-for-stm32.14.3.rel1.win32_1.0.100.202602081740/tools/bin/../lib/gcc/arm-none-eabi/14.3.1/../../../../arm-none-eabi/lib/thumb/v7e-m+fp/hard\libc_nano.a(libc_a-impure.o)
                0x20000034                _impure_ptr
 .data._impure_data
                0x20000038       0x4c E:/STM32CubeIDE_1.16.1/STM32CubeIDE/plugins/com.st.stm32cube.ide.mcu.externaltools.gnu-tools-for-stm32.14.3.rel1.win32_1.0.100.202602081740/tools/bin/../lib/gcc/arm-none-eabi/14.3.1/../../../../arm-none-eabi/lib/thumb/v7e-m+fp/hard\libc_nano.a(libc_a-impure.o)
                0x20000038                _impure_data
 *(.RamFunc)
 *(.RamFunc*)
                0x20000084                        . = ALIGN (0x4)
                0x20000084                        _edata = .

.igot.plt       0x20000084        0x0 load address 0x0800c0dc
 .igot.plt      0x20000084        0x0 E:/STM32CubeIDE_1.16.1/STM32CubeIDE/plugins/com.st.stm32cube.ide.mcu.externaltools.gnu-tools-for-stm32.14.3.rel1.win32_1.0.100.202602081740/tools/bin/../lib/gcc/arm-none-eabi/14.3.1/thumb/v7e-m+fp/hard/crtbegin.o
                0x20000084                        . = ALIGN (0x4)

.bss            0x20000084     0x4f44 load address 0x0800c0dc
                0x20000084                        _sbss = .
                0x20000084                        __bss_start__ = _sbss
 *(.bss)
 .bss           0x20000084       0x1c E:/STM32CubeIDE_1.16.1/STM32CubeIDE/plugins/com.st.stm32cube.ide.mcu.externaltools.gnu-tools-for-stm32.14.3.rel1.win32_1.0.100.202602081740/tools/bin/../lib/gcc/arm-none-eabi/14.3.1/thumb/v7e-m+fp/hard/crtbegin.o
 *(.bss*)
 .bss._ds3231_ui2c
                0x200000a0        0x4 ./Core/Src/ds3231.o
                0x200000a0                _ds3231_ui2c
 .bss._huart    0x200000a4        0x4 ./Core/Src/logger.o
 .bss._logBuf   0x200000a8       0xc8 ./Core/Src/logger.o
 .bss.hi2c1     0x20000170       0x54 ./Core/Src/main.o
                0x20000170                hi2c1
 .bss.huart1    0x200001c4       0x48 ./Core/Src/main.o
                0x200001c4                huart1
 .bss.hdma_usart1_rx
                0x2000020c       0x60 ./Core/Src/main.o
                0x2000020c                hdma_usart1_rx
 .bss.hdma_usart1_tx
                0x2000026c       0x60 ./Core/Src/main.o
                0x2000026c                hdma_usart1_tx
 .bss.defaultTaskHandle
                0x200002cc        0x4 ./Core/Src/main.o
                0x200002cc                defaultTaskHandle
 .bss.UARTTaskHandle
                0x200002d0        0x4 ./Core/Src/main.o
                0x200002d0                UARTTaskHandle
 .bss.RTCTaskHandle
                0x200002d4        0x4 ./Core/Src/main.o
                0x200002d4                RTCTaskHandle
 .bss.time      0x200002d8        0x8 ./Core/Src/main.o
                0x200002d8                time
 .bss.trafficTaskHandle
                0x200002e0        0x4 ./Core/Src/main.o
                0x200002e0                trafficTaskHandle
 .bss.rtcTickSemaphore
                0x200002e4        0x4 ./Core/Src/rtc_manager.o
                0x200002e4                rtcTickSemaphore
 .bss._hi2c     0x200002e8        0x4 ./Core/Src/rtc_manager.o
 .bss.htim1     0x200002ec       0x48 ./Core/Src/stm32f4xx_hal_timebase_tim.o
                0x200002ec                htim1
 .bss.__sbrk_heap_end
                0x20000334        0x4 ./Core/Src/sysmem.o
 .bss._huart    0x20000338        0x4 ./Core/Src/uart_handler.o
 .bss.txBuffer  0x2000033c      0x140 ./Core/Src/uart_handler.o
 .bss.densityQueueHandle
                0x2000047c        0x4 ./Core/Src/uart_handler.o
                0x2000047c                densityQueueHandle
 .bss.__lock___malloc_recursive_mutex
                0x20000480        0xc ./Core/ThreadSafe/newlib_lock_glue.o
                0x20000480                __lock___malloc_recursive_mutex
 .bss.uwTick    0x2000048c        0x4 ./Drivers/STM32F4xx_HAL_Driver/Src/stm32f4xx_hal.o
                0x2000048c                uwTick
 .bss.KernelState
                0x20000490        0x4 ./Middlewares/Third_Party/FreeRTOS/Source/CMSIS_RTOS_V2/cmsis_os2.o
 .bss.Idle_TCB.3
                0x20000494       0xa8 ./Middlewares/Third_Party/FreeRTOS/Source/CMSIS_RTOS_V2/cmsis_os2.o
 .bss.Idle_Stack.2
                0x2000053c      0x200 ./Middlewares/Third_Party/FreeRTOS/Source/CMSIS_RTOS_V2/cmsis_os2.o
 .bss.Timer_TCB.1
                0x2000073c       0xa8 ./Middlewares/Third_Party/FreeRTOS/Source/CMSIS_RTOS_V2/cmsis_os2.o
 .bss.Timer_Stack.0
                0x200007e4      0x400 ./Middlewares/Third_Party/FreeRTOS/Source/CMSIS_RTOS_V2/cmsis_os2.o
 .bss.xQueueRegistry
                0x20000be4       0x40 ./Middlewares/Third_Party/FreeRTOS/Source/queue.o
                0x20000be4                xQueueRegistry
 .bss.pxCurrentTCB
                0x20000c24        0x4 ./Middlewares/Third_Party/FreeRTOS/Source/tasks.o
                0x20000c24                pxCurrentTCB
 .bss.pxReadyTasksLists
                0x20000c28      0x460 ./Middlewares/Third_Party/FreeRTOS/Source/tasks.o
 .bss.xDelayedTaskList1
                0x20001088       0x14 ./Middlewares/Third_Party/FreeRTOS/Source/tasks.o
 .bss.xDelayedTaskList2
                0x2000109c       0x14 ./Middlewares/Third_Party/FreeRTOS/Source/tasks.o
 .bss.pxDelayedTaskList
                0x200010b0        0x4 ./Middlewares/Third_Party/FreeRTOS/Source/tasks.o
 .bss.pxOverflowDelayedTaskList
                0x200010b4        0x4 ./Middlewares/Third_Party/FreeRTOS/Source/tasks.o
 .bss.xPendingReadyList
                0x200010b8       0x14 ./Middlewares/Third_Party/FreeRTOS/Source/tasks.o
 .bss.xTasksWaitingTermination
                0x200010cc       0x14 ./Middlewares/Third_Party/FreeRTOS/Source/tasks.o
 .bss.uxDeletedTasksWaitingCleanUp
                0x200010e0        0x4 ./Middlewares/Third_Party/FreeRTOS/Source/tasks.o
 .bss.xSuspendedTaskList
                0x200010e4       0x14 ./Middlewares/Third_Party/FreeRTOS/Source/tasks.o
 .bss.uxCurrentNumberOfTasks
                0x200010f8        0x4 ./Middlewares/Third_Party/FreeRTOS/Source/tasks.o
 .bss.xTickCount
                0x200010fc        0x4 ./Middlewares/Third_Party/FreeRTOS/Source/tasks.o
 .bss.uxTopReadyPriority
                0x20001100        0x4 ./Middlewares/Third_Party/FreeRTOS/Source/tasks.o
 .bss.xSchedulerRunning
                0x20001104        0x4 ./Middlewares/Third_Party/FreeRTOS/Source/tasks.o
 .bss.xPendedTicks
                0x20001108        0x4 ./Middlewares/Third_Party/FreeRTOS/Source/tasks.o
 .bss.xYieldPending
                0x2000110c        0x4 ./Middlewares/Third_Party/FreeRTOS/Source/tasks.o
 .bss.xNumOfOverflows
                0x20001110        0x4 ./Middlewares/Third_Party/FreeRTOS/Source/tasks.o
 .bss.uxTaskNumber
                0x20001114        0x4 ./Middlewares/Third_Party/FreeRTOS/Source/tasks.o
 .bss.xNextTaskUnblockTime
                0x20001118        0x4 ./Middlewares/Third_Party/FreeRTOS/Source/tasks.o
 .bss.xIdleTaskHandle
                0x2000111c        0x4 ./Middlewares/Third_Party/FreeRTOS/Source/tasks.o
 .bss.uxSchedulerSuspended
                0x20001120        0x4 ./Middlewares/Third_Party/FreeRTOS/Source/tasks.o
 .bss.xActiveTimerList1
                0x20001124       0x14 ./Middlewares/Third_Party/FreeRTOS/Source/timers.o
 .bss.xActiveTimerList2
                0x20001138       0x14 ./Middlewares/Third_Party/FreeRTOS/Source/timers.o
 .bss.pxCurrentTimerList
                0x2000114c        0x4 ./Middlewares/Third_Party/FreeRTOS/Source/timers.o
 .bss.pxOverflowTimerList
                0x20001150        0x4 ./Middlewares/Third_Party/FreeRTOS/Source/timers.o
 .bss.xTimerQueue
                0x20001154        0x4 ./Middlewares/Third_Party/FreeRTOS/Source/timers.o
 .bss.xTimerTaskHandle
                0x20001158        0x4 ./Middlewares/Third_Party/FreeRTOS/Source/timers.o
 .bss.xLastTime.2
                0x2000115c        0x4 ./Middlewares/Third_Party/FreeRTOS/Source/timers.o
 .bss.ucStaticTimerQueueStorage.1
                0x20001160       0xa0 ./Middlewares/Third_Party/FreeRTOS/Source/timers.o
 .bss.xStaticTimerQueue.0
                0x20001200       0x50 ./Middlewares/Third_Party/FreeRTOS/Source/timers.o
 .bss.ulTimerCountsForOneTick
                0x20001250        0x4 ./Middlewares/Third_Party/FreeRTOS/Source/portable/GCC/ARM_CM4F/port.o
 .bss.xMaximumPossibleSuppressedTicks
                0x20001254        0x4 ./Middlewares/Third_Party/FreeRTOS/Source/portable/GCC/ARM_CM4F/port.o
 .bss.ulStoppedTimerCompensation
                0x20001258        0x4 ./Middlewares/Third_Party/FreeRTOS/Source/portable/GCC/ARM_CM4F/port.o
 .bss.ucMaxSysCallPriority
                0x2000125c        0x1 ./Middlewares/Third_Party/FreeRTOS/Source/portable/GCC/ARM_CM4F/port.o
 *fill*         0x2000125d        0x3 
 .bss.ulMaxPRIGROUPValue
                0x20001260        0x4 ./Middlewares/Third_Party/FreeRTOS/Source/portable/GCC/ARM_CM4F/port.o
 .bss.ucHeap    0x20001264     0x3c00 ./Middlewares/Third_Party/FreeRTOS/Source/portable/MemMang/heap_4.o
 .bss.xStart    0x20004e64        0x8 ./Middlewares/Third_Party/FreeRTOS/Source/portable/MemMang/heap_4.o
 .bss.pxEnd     0x20004e6c        0x4 ./Middlewares/Third_Party/FreeRTOS/Source/portable/MemMang/heap_4.o
 .bss.xFreeBytesRemaining
                0x20004e70        0x4 ./Middlewares/Third_Party/FreeRTOS/Source/portable/MemMang/heap_4.o
 .bss.xMinimumEverFreeBytesRemaining
                0x20004e74        0x4 ./Middlewares/Third_Party/FreeRTOS/Source/portable/MemMang/heap_4.o
 .bss.xNumberOfSuccessfulAllocations
                0x20004e78        0x4 ./Middlewares/Third_Party/FreeRTOS/Source/portable/MemMang/heap_4.o
 .bss.xNumberOfSuccessfulFrees
                0x20004e7c        0x4 ./Middlewares/Third_Party/FreeRTOS/Source/portable/MemMang/heap_4.o
 .bss.xBlockAllocatedBit
                0x20004e80        0x4 ./Middlewares/Third_Party/FreeRTOS/Source/portable/MemMang/heap_4.o
 .bss.__malloc_sbrk_start
                0x20004e84        0x4 E:/STM32CubeIDE_1.16.1/STM32CubeIDE/plugins/com.st.stm32cube.ide.mcu.externaltools.gnu-tools-for-stm32.14.3.rel1.win32_1.0.100.202602081740/tools/bin/../lib/gcc/arm-none-eabi/14.3.1/../../../../arm-none-eabi/lib/thumb/v7e-m+fp/hard\libc_nano.a(libc_a-mallocr.o)
                0x20004e84                __malloc_sbrk_start
 .bss.__malloc_free_list
                0x20004e88        0x4 E:/STM32CubeIDE_1.16.1/STM32CubeIDE/plugins/com.st.stm32cube.ide.mcu.externaltools.gnu-tools-for-stm32.14.3.rel1.win32_1.0.100.202602081740/tools/bin/../lib/gcc/arm-none-eabi/14.3.1/../../../../arm-none-eabi/lib/thumb/v7e-m+fp/hard\libc_nano.a(libc_a-mallocr.o)
                0x20004e88                __malloc_free_list
 .bss.__sf      0x20004e8c      0x138 E:/STM32CubeIDE_1.16.1/STM32CubeIDE/plugins/com.st.stm32cube.ide.mcu.externaltools.gnu-tools-for-stm32.14.3.rel1.win32_1.0.100.202602081740/tools/bin/../lib/gcc/arm-none-eabi/14.3.1/../../../../arm-none-eabi/lib/thumb/v7e-m+fp/hard\libc_nano.a(libc_a-findfp.o)
                0x20004e8c                __sf
 .bss.errno     0x20004fc4        0x4 E:/STM32CubeIDE_1.16.1/STM32CubeIDE/plugins/com.st.stm32cube.ide.mcu.externaltools.gnu-tools-for-stm32.14.3.rel1.win32_1.0.100.202602081740/tools/bin/../lib/gcc/arm-none-eabi/14.3.1/../../../../arm-none-eabi/lib/thumb/v7e-m+fp/hard\libc_nano.a(libc_a-reent.o)
                0x20004fc4                errno
 *(COMMON)
                0x20004fc8                        . = ALIGN (0x4)
                0x20004fc8                        _ebss = .
                0x20004fc8                        __bss_end__ = _ebss

._user_heap_stack
                0x20004fc8      0x600 load address 0x0800c0dc
                0x20004fc8                        . = ALIGN (0x8)
                [!provide]                        PROVIDE (end = .)
                0x20004fc8                        PROVIDE (_end = .)
                0x200051c8                        . = (. + _Min_Heap_Size)
 *fill*         0x20004fc8      0x200 
                0x200055c8                        . = (. + _Min_Stack_Size)
 *fill*         0x200051c8      0x400 
                0x200055c8                        . = ALIGN (0x8)

/DISCARD/
 libc.a(*)
 libm.a(*)
 libgcc.a(*)

.ARM.attributes
                0x00000000       0x30
 *(.ARM.attributes)
 .ARM.attributes
                0x00000000       0x22 E:/STM32CubeIDE_1.16.1/STM32CubeIDE/plugins/com.st.stm32cube.ide.mcu.externaltools.gnu-tools-for-stm32.14.3.rel1.win32_1.0.100.202602081740/tools/bin/../lib/gcc/arm-none-eabi/14.3.1/thumb/v7e-m+fp/hard/crti.o
 .ARM.attributes
                0x00000022       0x34 E:/STM32CubeIDE_1.16.1/STM32CubeIDE/plugins/com.st.stm32cube.ide.mcu.externaltools.gnu-tools-for-stm32.14.3.rel1.win32_1.0.100.202602081740/tools/bin/../lib/gcc/arm-none-eabi/14.3.1/thumb/v7e-m+fp/hard/crtbegin.o
 .ARM.attributes
                0x00000056       0x34 ./Core/Src/ds3231.o
 .ARM.attributes
                0x0000008a       0x34 ./Core/Src/logger.o
 .ARM.attributes
                0x000000be       0x34 ./Core/Src/main.o
 .ARM.attributes
                0x000000f2       0x34 ./Core/Src/rtc_manager.o
 .ARM.attributes
                0x00000126       0x34 ./Core/Src/serialControl.o
 .ARM.attributes
                0x0000015a       0x34 ./Core/Src/stm32f4xx_hal_msp.o
 .ARM.attributes
                0x0000018e       0x34 ./Core/Src/stm32f4xx_hal_timebase_tim.o
 .ARM.attributes
                0x000001c2       0x34 ./Core/Src/stm32f4xx_it.o
 .ARM.attributes
                0x000001f6       0x34 ./Core/Src/sysmem.o
 .ARM.attributes
                0x0000022a       0x34 ./Core/Src/system_stm32f4xx.o
 .ARM.attributes
                0x0000025e       0x34 ./Core/Src/traffic_controller.o
 .ARM.attributes
                0x00000292       0x34 ./Core/Src/uart_handler.o
 .ARM.attributes
                0x000002c6       0x21 ./Core/Startup/startup_stm32f401rctx.o
 .ARM.attributes
                0x000002e7       0x34 ./Core/ThreadSafe/newlib_lock_glue.o
 .ARM.attributes
                0x0000031b       0x34 ./Drivers/STM32F4xx_HAL_Driver/Src/stm32f4xx_hal.o
 .ARM.attributes
                0x0000034f       0x34 ./Drivers/STM32F4xx_HAL_Driver/Src/stm32f4xx_hal_cortex.o
 .ARM.attributes
                0x00000383       0x34 ./Drivers/STM32F4xx_HAL_Driver/Src/stm32f4xx_hal_dma.o
 .ARM.attributes
                0x000003b7       0x34 ./Drivers/STM32F4xx_HAL_Driver/Src/stm32f4xx_hal_gpio.o
 .ARM.attributes
                0x000003eb       0x34 ./Drivers/STM32F4xx_HAL_Driver/Src/stm32f4xx_hal_i2c.o
 .ARM.attributes
                0x0000041f       0x34 ./Drivers/STM32F4xx_HAL_Driver/Src/stm32f4xx_hal_rcc.o
 .ARM.attributes
                0x00000453       0x34 ./Drivers/STM32F4xx_HAL_Driver/Src/stm32f4xx_hal_tim.o
 .ARM.attributes
                0x00000487       0x34 ./Drivers/STM32F4xx_HAL_Driver/Src/stm32f4xx_hal_tim_ex.o
 .ARM.attributes
                0x000004bb       0x34 ./Drivers/STM32F4xx_HAL_Driver/Src/stm32f4xx_hal_uart.o
 .ARM.attributes
                0x000004ef       0x34 ./Middlewares/Third_Party/FreeRTOS/Source/CMSIS_RTOS_V2/cmsis_os2.o
 .ARM.attributes
                0x00000523       0x34 ./Middlewares/Third_Party/FreeRTOS/Source/list.o
 .ARM.attributes
                0x00000557       0x34 ./Middlewares/Third_Party/FreeRTOS/Source/queue.o
 .ARM.attributes
                0x0000058b       0x34 ./Middlewares/Third_Party/FreeRTOS/Source/tasks.o
 .ARM.attributes
                0x000005bf       0x34 ./Middlewares/Third_Party/FreeRTOS/Source/timers.o
 .ARM.attributes
                0x000005f3       0x34 ./Middlewares/Third_Party/FreeRTOS/Source/portable/GCC/ARM_CM4F/port.o
 .ARM.attributes
                0x00000627       0x34 ./Middlewares/Third_Party/FreeRTOS/Source/portable/MemMang/heap_4.o
 .ARM.attributes
                0x0000065b       0x34 E:/STM32CubeIDE_1.16.1/STM32CubeIDE/plugins/com.st.stm32cube.ide.mcu.externaltools.gnu-tools-for-stm32.14.3.rel1.win32_1.0.100.202602081740/tools/bin/../lib/gcc/arm-none-eabi/14.3.1/../../../../arm-none-eabi/lib/thumb/v7e-m+fp/hard\libc_nano.a(libc_a-mallocr.o)
 .ARM.attributes
                0x0000068f       0x34 E:/STM32CubeIDE_1.16.1/STM32CubeIDE/plugins/com.st.stm32cube.ide.mcu.externaltools.gnu-tools-for-stm32.14.3.rel1.win32_1.0.100.202602081740/tools/bin/../lib/gcc/arm-none-eabi/14.3.1/../../../../arm-none-eabi/lib/thumb/v7e-m+fp/hard\libc_nano.a(libc_a-mlock.o)
 .ARM.attributes
                0x000006c3       0x34 E:/STM32CubeIDE_1.16.1/STM32CubeIDE/plugins/com.st.stm32cube.ide.mcu.externaltools.gnu-tools-for-stm32.14.3.rel1.win32_1.0.100.202602081740/tools/bin/../lib/gcc/arm-none-eabi/14.3.1/../../../../arm-none-eabi/lib/thumb/v7e-m+fp/hard\libc_nano.a(libc_a-findfp.o)
 .ARM.attributes
                0x000006f7       0x34 E:/STM32CubeIDE_1.16.1/STM32CubeIDE/plugins/com.st.stm32cube.ide.mcu.externaltools.gnu-tools-for-stm32.14.3.rel1.win32_1.0.100.202602081740/tools/bin/../lib/gcc/arm-none-eabi/14.3.1/../../../../arm-none-eabi/lib/thumb/v7e-m+fp/hard\libc_nano.a(libc_a-snprintf.o)
 .ARM.attributes
                0x0000072b       0x34 E:/STM32CubeIDE_1.16.1/STM32CubeIDE/plugins/com.st.stm32cube.ide.mcu.externaltools.gnu-tools-for-stm32.14.3.rel1.win32_1.0.100.202602081740/tools/bin/../lib/gcc/arm-none-eabi/14.3.1/../../../../arm-none-eabi/lib/thumb/v7e-m+fp/hard\libc_nano.a(libc_a-vsnprintf.o)
 .ARM.attributes
                0x0000075f       0x34 E:/STM32CubeIDE_1.16.1/STM32CubeIDE/plugins/com.st.stm32cube.ide.mcu.externaltools.gnu-tools-for-stm32.14.3.rel1.win32_1.0.100.202602081740/tools/bin/../lib/gcc/arm-none-eabi/14.3.1/../../../../arm-none-eabi/lib/thumb/v7e-m+fp/hard\libc_nano.a(libc_a-memset.o)
 .ARM.attributes
                0x00000793       0x34 E:/STM32CubeIDE_1.16.1/STM32CubeIDE/plugins/com.st.stm32cube.ide.mcu.externaltools.gnu-tools-for-stm32.14.3.rel1.win32_1.0.100.202602081740/tools/bin/../lib/gcc/arm-none-eabi/14.3.1/../../../../arm-none-eabi/lib/thumb/v7e-m+fp/hard\libc_nano.a(libc_a-strncmp.o)
 .ARM.attributes
                0x000007c7       0x34 E:/STM32CubeIDE_1.16.1/STM32CubeIDE/plugins/com.st.stm32cube.ide.mcu.externaltools.gnu-tools-for-stm32.14.3.rel1.win32_1.0.100.202602081740/tools/bin/../lib/gcc/arm-none-eabi/14.3.1/../../../../arm-none-eabi/lib/thumb/v7e-m+fp/hard\libc_nano.a(libc_a-strncpy.o)
 .ARM.attributes
                0x000007fb       0x34 E:/STM32CubeIDE_1.16.1/STM32CubeIDE/plugins/com.st.stm32cube.ide.mcu.externaltools.gnu-tools-for-stm32.14.3.rel1.win32_1.0.100.202602081740/tools/bin/../lib/gcc/arm-none-eabi/14.3.1/../../../../arm-none-eabi/lib/thumb/v7e-m+fp/hard\libc_nano.a(libc_a-reent.o)
 .ARM.attributes
                0x0000082f       0x34 E:/STM32CubeIDE_1.16.1/STM32CubeIDE/plugins/com.st.stm32cube.ide.mcu.externaltools.gnu-tools-for-stm32.14.3.rel1.win32_1.0.100.202602081740/tools/bin/../lib/gcc/arm-none-eabi/14.3.1/../../../../arm-none-eabi/lib/thumb/v7e-m+fp/hard\libc_nano.a(libc_a-impure.o)
 .ARM.attributes
                0x00000863       0x34 E:/STM32CubeIDE_1.16.1/STM32CubeIDE/plugins/com.st.stm32cube.ide.mcu.externaltools.gnu-tools-for-stm32.14.3.rel1.win32_1.0.100.202602081740/tools/bin/../lib/gcc/arm-none-eabi/14.3.1/../../../../arm-none-eabi/lib/thumb/v7e-m+fp/hard\libc_nano.a(libc_a-sbrkr.o)
 .ARM.attributes
                0x00000897       0x34 E:/STM32CubeIDE_1.16.1/STM32CubeIDE/plugins/com.st.stm32cube.ide.mcu.externaltools.gnu-tools-for-stm32.14.3.rel1.win32_1.0.100.202602081740/tools/bin/../lib/gcc/arm-none-eabi/14.3.1/../../../../arm-none-eabi/lib/thumb/v7e-m+fp/hard\libc_nano.a(libc_a-errno.o)
 .ARM.attributes
                0x000008cb       0x34 E:/STM32CubeIDE_1.16.1/STM32CubeIDE/plugins/com.st.stm32cube.ide.mcu.externaltools.gnu-tools-for-stm32.14.3.rel1.win32_1.0.100.202602081740/tools/bin/../lib/gcc/arm-none-eabi/14.3.1/../../../../arm-none-eabi/lib/thumb/v7e-m+fp/hard\libc_nano.a(libc_a-init.o)
 .ARM.attributes
                0x000008ff       0x34 E:/STM32CubeIDE_1.16.1/STM32CubeIDE/plugins/com.st.stm32cube.ide.mcu.externaltools.gnu-tools-for-stm32.14.3.rel1.win32_1.0.100.202602081740/tools/bin/../lib/gcc/arm-none-eabi/14.3.1/../../../../arm-none-eabi/lib/thumb/v7e-m+fp/hard\libc_nano.a(libc_a-memcpy-stub.o)
 .ARM.attributes
                0x00000933       0x34 E:/STM32CubeIDE_1.16.1/STM32CubeIDE/plugins/com.st.stm32cube.ide.mcu.externaltools.gnu-tools-for-stm32.14.3.rel1.win32_1.0.100.202602081740/tools/bin/../lib/gcc/arm-none-eabi/14.3.1/../../../../arm-none-eabi/lib/thumb/v7e-m+fp/hard\libc_nano.a(libc_a-freer.o)
 .ARM.attributes
                0x00000967       0x34 E:/STM32CubeIDE_1.16.1/STM32CubeIDE/plugins/com.st.stm32cube.ide.mcu.externaltools.gnu-tools-for-stm32.14.3.rel1.win32_1.0.100.202602081740/tools/bin/../lib/gcc/arm-none-eabi/14.3.1/../../../../arm-none-eabi/lib/thumb/v7e-m+fp/hard\libc_nano.a(libc_a-nano-svfprintf.o)
 .ARM.attributes
                0x0000099b       0x34 E:/STM32CubeIDE_1.16.1/STM32CubeIDE/plugins/com.st.stm32cube.ide.mcu.externaltools.gnu-tools-for-stm32.14.3.rel1.win32_1.0.100.202602081740/tools/bin/../lib/gcc/arm-none-eabi/14.3.1/../../../../arm-none-eabi/lib/thumb/v7e-m+fp/hard\libc_nano.a(libc_a-nano-vfprintf_i.o)
 .ARM.attributes
                0x000009cf       0x34 E:/STM32CubeIDE_1.16.1/STM32CubeIDE/plugins/com.st.stm32cube.ide.mcu.externaltools.gnu-tools-for-stm32.14.3.rel1.win32_1.0.100.202602081740/tools/bin/../lib/gcc/arm-none-eabi/14.3.1/../../../../arm-none-eabi/lib/thumb/v7e-m+fp/hard\libc_nano.a(libc_a-memmove.o)
 .ARM.attributes
                0x00000a03       0x1c E:/STM32CubeIDE_1.16.1/STM32CubeIDE/plugins/com.st.stm32cube.ide.mcu.externaltools.gnu-tools-for-stm32.14.3.rel1.win32_1.0.100.202602081740/tools/bin/../lib/gcc/arm-none-eabi/14.3.1/../../../../arm-none-eabi/lib/thumb/v7e-m+fp/hard\libc_nano.a(libc_a-memchr.o)
 .ARM.attributes
                0x00000a1f       0x34 E:/STM32CubeIDE_1.16.1/STM32CubeIDE/plugins/com.st.stm32cube.ide.mcu.externaltools.gnu-tools-for-stm32.14.3.rel1.win32_1.0.100.202602081740/tools/bin/../lib/gcc/arm-none-eabi/14.3.1/../../../../arm-none-eabi/lib/thumb/v7e-m+fp/hard\libc_nano.a(libc_a-reallocr.o)
 .ARM.attributes
                0x00000a53       0x34 E:/STM32CubeIDE_1.16.1/STM32CubeIDE/plugins/com.st.stm32cube.ide.mcu.externaltools.gnu-tools-for-stm32.14.3.rel1.win32_1.0.100.202602081740/tools/bin/../lib/gcc/arm-none-eabi/14.3.1/../../../../arm-none-eabi/lib/thumb/v7e-m+fp/hard\libc_nano.a(libc_a-msizer.o)
 .ARM.attributes
                0x00000a87       0x22 E:/STM32CubeIDE_1.16.1/STM32CubeIDE/plugins/com.st.stm32cube.ide.mcu.externaltools.gnu-tools-for-stm32.14.3.rel1.win32_1.0.100.202602081740/tools/bin/../lib/gcc/arm-none-eabi/14.3.1/thumb/v7e-m+fp/hard\libgcc.a(_aeabi_uldivmod.o)
 .ARM.attributes
                0x00000aa9       0x34 E:/STM32CubeIDE_1.16.1/STM32CubeIDE/plugins/com.st.stm32cube.ide.mcu.externaltools.gnu-tools-for-stm32.14.3.rel1.win32_1.0.100.202602081740/tools/bin/../lib/gcc/arm-none-eabi/14.3.1/thumb/v7e-m+fp/hard\libgcc.a(_udivmoddi4.o)
 .ARM.attributes
                0x00000add       0x22 E:/STM32CubeIDE_1.16.1/STM32CubeIDE/plugins/com.st.stm32cube.ide.mcu.externaltools.gnu-tools-for-stm32.14.3.rel1.win32_1.0.100.202602081740/tools/bin/../lib/gcc/arm-none-eabi/14.3.1/thumb/v7e-m+fp/hard\libgcc.a(_dvmd_tls.o)
 .ARM.attributes
                0x00000aff       0x22 E:/STM32CubeIDE_1.16.1/STM32CubeIDE/plugins/com.st.stm32cube.ide.mcu.externaltools.gnu-tools-for-stm32.14.3.rel1.win32_1.0.100.202602081740/tools/bin/../lib/gcc/arm-none-eabi/14.3.1/thumb/v7e-m+fp/hard/crtn.o
OUTPUT(stm32-controller-v3.elf elf32-littlearm)
LOAD linker stubs
LOAD E:/STM32CubeIDE_1.16.1/STM32CubeIDE/plugins/com.st.stm32cube.ide.mcu.externaltools.gnu-tools-for-stm32.14.3.rel1.win32_1.0.100.202602081740/tools/bin/../lib/gcc/arm-none-eabi/14.3.1/../../../../arm-none-eabi/lib/thumb/v7e-m+fp/hard\libc.a
LOAD E:/STM32CubeIDE_1.16.1/STM32CubeIDE/plugins/com.st.stm32cube.ide.mcu.externaltools.gnu-tools-for-stm32.14.3.rel1.win32_1.0.100.202602081740/tools/bin/../lib/gcc/arm-none-eabi/14.3.1/../../../../arm-none-eabi/lib/thumb/v7e-m+fp/hard\libm.a