../Core/Src/main.c:96:6:HAL_GPIO_EXTI_Callback	2
../Core/Src/main.c:108:5:main	1
../Core/Src/main.c:205:6:SystemClock_Config	3
../Core/Src/main.c:251:13:MX_I2C1_Init	2
../Core/Src/main.c:285:13:MX_USART1_UART_Init	2
../Core/Src/main.c:316:13:MX_DMA_Init	1
../Core/Src/main.c:337:13:MX_GPIO_Init	1
../Core/Src/main.c:423:6:StartDefaultTask	1
../Core/Src/main.c:441:6:StartUARTTask	1
../Core/Src/main.c:459:6:StartRTCTask	1
../Core/Src/main.c:478:6:HAL_TIM_PeriodElapsedCallback	2
../Core/Src/main.c:496:6:Error_Handler	1
