../Core/Src/stm32f4xx_it.c:73:6:NMI_Handler	4	static
../Core/Src/stm32f4xx_it.c:88:6:HardFault_Handler	4	static
../Core/Src/stm32f4xx_it.c:103:6:MemManage_Handler	4	static
../Core/Src/stm32f4xx_it.c:118:6:BusFault_Handler	4	static
../Core/Src/stm32f4xx_it.c:133:6:UsageFault_Handler	4	static
../Core/Src/stm32f4xx_it.c:148:6:DebugMon_Handler	4	static
../Core/Src/stm32f4xx_it.c:168:6:RCC_IRQHandler	4	static
../Core/Src/stm32f4xx_it.c:181:6:EXTI2_IRQHandler	8	static
../Core/Src/stm32f4xx_it.c:195:6:TIM1_UP_TIM10_IRQHandler	8	static
../Core/Src/stm32f4xx_it.c:209:6:I2C1_EV_IRQHandler	8	static
../Core/Src/stm32f4xx_it.c:223:6:I2C1_ER_IRQHandler	8	static
../Core/Src/stm32f4xx_it.c:237:6:USART1_IRQHandler	8	static
../Core/Src/stm32f4xx_it.c:251:6:DMA2_Stream2_IRQHandler	8	static
